== 2026-10-07T17:23:18 "C:\Users\ethan\Documents\Projects\watai\WorldFold\.venv-isaac\Scripts\python.exe" -u "C:\Users\ethan\Documents\Projects\watai\WorldFold\isaac\grasp_bench.py" --seeds 600200:600300 --out "C:\Users\ethan\Documents\Projects\watai\WorldFold\outputs\isaac\grasp\f2_block_b" --profile friction
[INFO][AppLauncher]: Using device: cuda:0
[INFO][AppLauncher]: Loading experience file: C:\Users\ethan\Documents\Projects\watai\WorldFold\.venv-isaac\src\IsaacLab\apps\isaaclab.python.kit
Loading user config located at: 'C:/Users/ethan/Documents/Projects/watai/WorldFold/.venv-isaac/kit/data/Kit/Isaac-Sim/5.1/user.config.json'
[Info] [carb] Logging to file: C:/Users/ethan/Documents/Projects/watai/WorldFold/.venv-isaac/kit/logs/Kit/Isaac-Sim/5.1/kit_20261007_172319.log
2026-10-07T21:23:19Z [11ms] [Warning] [carb.crashreporter-breakpad.plugin] [previous crash] preventing upload of minidump due to user opt-out: 'C:/Users/ethan/Documents/Projects/watai/WorldFold/.venv-isaac/kit/data/Kit/Isaac-Sim/5.1\c028bb7c-c523-4d6e-8b2b-2af63f808ac2.dmp'
2026-10-07T21:23:19Z [12ms] [Warning] [carb.crashreporter-breakpad.plugin] [previous crash] preventing upload of minidump due to user opt-out: 'C:/Users/ethan/Documents/Projects/watai/WorldFold/.venv-isaac/kit/data/Kit/Isaac-Sim/5.1\581073d2-5aa0-4aac-8bfa-8d8e8aec0915.dmp'
[0.283s] [ext: omni.kit.async_engine-0.0.3] startup
[0.562s] [ext: omni.metrics.core-0.0.3] startup
[0.565s] [ext: omni.client.lib-1.1.0] startup
[0.604s] [ext: omni.blobkey-1.1.2] startup
[0.606s] [ext: omni.stats-1.0.1] startup
[0.611s] [ext: omni.datastore-0.0.0] startup
[0.617s] [ext: omni.client-1.3.0] startup
[0.631s] [ext: omni.ujitso.default-1.0.0] startup
[0.638s] [ext: omni.hsscclient-1.1.2] startup
[0.652s] [ext: omni.gpu_foundation.shadercache.d3d12-1.0.0] startup
[0.659s] [ext: omni.assets.plugins-0.0.0] startup
[0.668s] [ext: omni.gpu_foundation-0.0.0] startup
[0.713s] [ext: carb.windowing.plugins-1.0.0] startup
[0.981s] [ext: omni.kit.renderer.init-0.0.0] startup
[0.985s] [ext: omni.materialx.libs-1.0.7] startup
[1.002s] [ext: omni.kit.pipapi-0.0.0] startup
[1.005s] [ext: omni.usd.config-1.0.6] startup
[1.040s] [ext: omni.gpucompute.plugins-0.0.0] startup
[1.045s] [ext: omni.usd.libs-1.0.1] startup
[1.230s] [ext: omni.kit.telemetry-0.5.2] startup
[1.259s] [ext: omni.mdl-56.0.3] startup
[1.416s] [ext: omni.iray.libs-0.0.0] startup
[1.452s] [ext: omni.mdl.neuraylib-0.2.12] startup
[1.469s] [ext: omni.kit.usd.mdl-1.1.5] startup
[1.651s] [ext: omni.kit.pip_archive-0.0.0] startup
[1.653s] [ext: omni.kit.loop-isaac-1.3.7] startup
[1.657s] [ext: omni.kit.test-2.0.1] startup
2026-10-07T21:23:21Z [1,514ms] [Warning] [gpu.foundation.plugin] Skipping unsupported non-NVIDIA GPU: Intel(R) Arc(TM) 140T GPU (32GB)
2026-10-07T21:23:21Z [1,515ms] [Warning] [gpu.foundation.plugin] Skipping unsupported non-NVIDIA GPU: Intel(R) Arc(TM) 140T GPU (32GB)
[1.866s] [ext: omni.appwindow-1.1.10] startup
[1.874s] [ext: omni.kit.renderer.core-1.1.0] startup
[1.888s] [ext: omni.kit.renderer.capture-0.0.0] startup
[1.898s] [ext: omni.kit.renderer.imgui-2.0.5] startup
[1.925s] [ext: omni.ui-2.27.1] startup
[1.952s] [ext: omni.kit.mainwindow-1.0.3] startup
[1.957s] [ext: carb.audio-0.1.0] startup
[1.960s] [ext: omni.uiaudio-1.0.0] startup
[1.976s] [ext: omni.kit.uiapp-0.0.0] startup
[1.976s] [ext: omni.usd.schema.metrics.assembler-107.3.1] startup
[1.997s] [ext: omni.usd.schema.geospatial-0.0.0] startup
[2.021s] [ext: omni.usd.schema.anim-0.0.0] startup
[2.097s] [ext: omni.usd.schema.physx-107.3.26] startup
[2.167s] [ext: omni.usd.schema.omnigraph-1.0.0] startup
[2.188s] [ext: omni.usd.schema.semantics-0.0.0] startup
[2.203s] [ext: omni.usd.schema.audio-0.0.0] startup
[2.227s] [ext: isaacsim.robot.schema-3.6.0] startup
[2.268s] [ext: omni.usd_resolver-1.0.0] startup
[2.285s] [ext: omni.usd.core-1.5.3] startup
[2.290s] [ext: omni.usd.schema.omni_lens_distortion-0.0.0] startup
[2.368s] [ext: omni.usd.schema.omni_sensors-0.0.0] startup
[2.372s] [ext: omni.usd.schema.omniscripting-1.0.0] startup
[2.389s] [ext: omni.kit.window.popup_dialog-2.0.24] startup
[2.407s] [ext: omni.graph.exec-0.9.6] startup
[2.411s] [ext: omni.kit.widget.nucleus_connector-2.0.1] startup
[2.423s] [ext: omni.kit.usd_undo-0.1.8] startup

|---------------------------------------------------------------------------------------------|
| Driver Version: 616.56        | Graphics API: D3D12
|=============================================================================================|
| GPU | Name                             | Active | LDA | GPU Memory | Vendor-ID | LUID       |
|     |                                  |        |     |            | Device-ID | UUID       |
|     |                                  |        |     |            | Bus-ID    |            |
|---------------------------------------------------------------------------------------------|
| 0   | NVIDIA GeForce RTX 5080 Laptop.. | Yes: 0 |     | 16003   MB | 10de      | 35350100.. |
|     |                                  |        |     |            | 2c59      | 0          |
|     |                                  |        |     |            | 1         |            |
|---------------------------------------------------------------------------------------------|
| 1   | Intel(R) Arc(TM) 140T GPU (32GB) |        |     | 128     MB | 8086      | c94f0100.. |
|     |                                  |        |     |            | 7d51      | 0          |
|     |                                  |        |     |            | N/A       |            |
|=============================================================================================|
| OS: Windows 11 Pro, Version: 10.0 (25H2), Build: 26200, Kernel: 10.0.26100.9457
| Processor: Intel(R) Core(TM) Ultra 9 285H
| Cores: 16 | Logical Cores: 16
|---------------------------------------------------------------------------------------------|
| Total Memory (MB): 64957 | Free Memory: 28458
| Total Page/Swap (MB): 83857 | Free Page/Swap: 14780
|---------------------------------------------------------------------------------------------|
[2.425s] [ext: omni.kit.exec.core-0.13.4] startup
[2.442s] [ext: omni.kit.actions.core-1.0.0] startup
[2.457s] [ext: omni.resourcemonitor-107.0.1] startup
[2.468s] [ext: omni.activity.core-1.0.3] startup
[2.476s] [ext: omni.timeline-1.0.14] startup
[2.484s] [ext: omni.kit.commands-1.4.10] startup
2026-10-07T21:23:21Z [2,310ms] [Warning] [gpu.foundation.plugin] PCIe link width current (8) and maximum (16) for device 0 don't match.
[2.508s] [ext: usdrt.scenegraph-7.6.1] startup
[2.635s] [ext: omni.kit.audiodeviceenum-1.0.2] startup
[2.642s] [ext: omni.hydra.usdrt_delegate-7.5.1] startup
[2.675s] [ext: omni.hydra.scene_delegate-0.3.4] startup
[2.683s] [ext: omni.usd-1.13.10] startup
[2.812s] [ext: omni.kit.asset_converter-5.0.17] startup
[2.837s] [ext: omni.usd.schema.render_settings.rtx-0.0.0] startup
[2.841s] [ext: omni.index.libs-380600.8087.0] startup
[2.841s] [ext: omni.volume-0.5.2] startup
[2.859s] [ext: omni.ujitso.client-0.0.0] startup
[2.862s] [ext: omni.index-1.0.1] startup
[2.865s] [ext: omni.hydra.rtx.shadercache.d3d12-1.0.0] startup
[2.877s] [ext: omni.hydra.rtx-1.0.0] startup
[3.011s] [ext: omni.kit.viewport.legacy_gizmos-1.0.19] startup
[3.018s] [ext: omni.kit.raycast.query-1.1.0] startup
[3.028s] [ext: omni.kit.widget.path_field-2.0.11] startup
[3.033s] [ext: omni.kit.clipboard-1.0.5] startup
[3.037s] [ext: omni.kit.widget.options_menu-1.1.6] startup
[3.052s] [ext: omni.kit.helper.file_utils-0.1.9] startup
[3.058s] [ext: omni.kit.widget.browser_bar-2.0.10] startup
[3.062s] [ext: omni.kit.notification_manager-1.0.10] startup
[3.074s] [ext: omni.kit.menu.core-1.1.2] startup
[3.078s] [ext: omni.kit.widget.options_button-1.0.3] startup
[3.081s] [ext: omni.kit.widget.filebrowser-2.12.3] startup
[3.116s] [ext: omni.kit.viewport.registry-104.0.6] startup
[3.118s] [ext: omni.kit.menu.utils-2.0.5] startup
[3.194s] [ext: omni.kit.widget.context_menu-1.2.5] startup
[3.202s] [ext: omni.kit.usd.layers-2.2.11] startup
[3.251s] [ext: omni.ui.scene-1.11.5] startup
[3.266s] [ext: omni.kit.context_menu-1.8.6] startup
[3.278s] [ext: omni.kit.window.filepicker-2.13.4] startup
[3.385s] [ext: omni.kit.widget.searchable_combobox-1.0.6] startup
[3.393s] [ext: omni.kit.viewport.scene_camera_model-1.0.6] startup
[3.399s] [ext: omni.kit.hydra_texture-1.4.6] startup
[3.423s] [ext: omni.kit.window.file_importer-1.1.18] startup
[3.439s] [ext: omni.kit.widget.settings-1.2.6] startup
[3.456s] [ext: omni.kit.window.drop_support-1.0.5] startup
[3.458s] [ext: omni.kit.widget.viewport-107.1.3] startup
[3.495s] [ext: omni.kit.material.library-2.0.7] startup
[3.526s] [ext: omni.hydra.engine.stats-1.0.3] startup
[3.530s] [ext: omni.kit.window.preferences-1.8.0] startup
[3.563s] [ext: omni.kit.viewport.window-107.2.0] startup
[3.795s] [ext: omni.kit.manipulator.transform-107.0.0] startup
[3.831s] [ext: omni.kvdb-107.3.26] startup
[3.846s] [ext: omni.kit.widget.toolbar-2.0.1] startup
[3.869s] [ext: omni.kit.viewport.utility-1.1.2] startup
[3.873s] [ext: omni.usdphysics-107.3.26] startup
[3.878s] [ext: omni.physx.foundation-107.3.26] startup
[3.890s] [ext: omni.localcache-107.3.26] startup
[3.897s] [ext: omni.convexdecomposition-107.3.26] startup
[3.904s] [ext: omni.kit.manipulator.tool.snap-1.5.13] startup
[3.920s] [ext: omni.kit.manipulator.selector-1.1.3] startup
[3.926s] [ext: omni.physx.cooking-107.3.26] startup
[3.937s] [ext: omni.kit.viewport.manipulator.transform-107.0.4] startup
[3.945s] [ext: omni.physx-107.3.26] startup
[3.972s] [ext: omni.kit.manipulator.viewport-107.0.1] startup
[3.977s] [ext: omni.kit.primitive.mesh-1.0.17] startup
[4.001s] [ext: omni.kit.manipulator.prim.core-107.0.8] startup
[4.052s] [ext: omni.fabric.commands-1.1.6] startup
[4.076s] [ext: omni.kit.manipulator.prim.usd-107.0.3] startup
[4.083s] [ext: omni.kit.manipulator.prim.fabric-107.0.4] startup
[4.090s] [ext: omni.debugdraw-0.1.4] startup
[4.098s] [ext: omni.physx.commands-107.3.26] startup
[4.144s] [ext: omni.kit.manipulator.selection-106.0.1] startup
[4.152s] [ext: omni.kit.manipulator.prim-107.0.0] startup
[4.152s] [ext: omni.physics.tensors-107.3.26] startup
[4.183s] [ext: omni.kit.property.adapter.core-1.0.2] startup
[4.196s] [ext: omni.kit.widget.highlight_label-1.0.3] startup
[4.199s] [ext: omni.kit.widget.searchfield-1.1.8] startup
[4.207s] [ext: omni.kit.property.adapter.fabric-1.0.3] startup
[4.214s] [ext: omni.kit.widget.filter-1.1.4] startup
[4.218s] [ext: omni.kit.widget.prompt-1.0.7] startup
[4.223s] [ext: omni.kit.window.property-1.12.1] startup
[4.237s] [ext: omni.kit.property.adapter.usd-1.0.2] startup
[4.242s] [ext: omni.kit.hotkeys.core-1.3.10] startup
[4.248s] [ext: omni.kit.window.file_exporter-1.0.33] startup
[4.253s] [ext: omni.kit.stage_template.core-1.1.22] startup
[4.257s] [ext: omni.kit.viewport.menubar.core-107.2.1] startup
[4.333s] [ext: omni.kit.viewport.actions-107.0.2] startup
[4.349s] [ext: omni.kit.window.file-2.0.5] startup
[4.368s] [ext: omni.kit.window.content_browser_registry-0.0.6] startup
[4.371s] [ext: omni.kit.viewport.menubar.display-107.0.3] startup
[4.378s] [ext: omni.kit.window.content_browser-3.1.3] startup
[4.419s] [ext: omni.kit.widget.stage-3.1.4] startup
[4.495s] [ext: omni.inspect-1.0.2] startup
[4.504s] [ext: omni.kit.widget.layers-1.8.6] startup
[4.589s] [ext: omni.kit.property.usd-4.5.12] startup
[4.698s] [ext: omni.kit.numpy.common-0.1.3] startup
[4.703s] [ext: omni.physics-107.3.26] startup
[4.716s] [ext: omni.graph.core-2.184.5] startup
[4.723s] [ext: omni.usdphysics.ui-107.3.26] startup
[4.807s] [ext: omni.physics.stageupdate-107.3.26] startup
[4.820s] [ext: isaacsim.core.deprecation_manager-0.2.7] startup
[4.824s] [ext: omni.physx.ui-107.3.26] startup
[4.978s] [ext: isaacsim.core.version-2.0.6] startup
[4.981s] [ext: omni.usd.metrics.assembler-107.3.1] startup
[5.001s] [ext: omni.warp.core-1.8.2] startup
[5.530s] [ext: omni.ui_query-1.1.8] startup
[5.534s] [ext: omni.physics.physx-107.3.26] startup
2026-10-07T21:23:24Z [5,366ms] [Warning] [carb] Acquiring non optional plugin interface which is not listed as dependency: [omni::physx::IPhysxBenchmarks v1.0] (plugin: <default plugin>), by client: omni.physics.physx.plugin. Add it to CARB_PLUGIN_IMPL_DEPS() macro of a client.
[5.542s] [ext: isaacsim.storage.native-1.5.1] startup
[5.560s] [ext: omni.usd.metrics.assembler.physics-107.3.26] startup
[5.572s] [ext: omni.isaac.dynamic_control-2.0.7] startup
2026-10-07T21:23:24Z [5,411ms] [Warning] [omni.isaac.dynamic_control] omni.isaac.dynamic_control is deprecated as of Isaac Sim 4.5. No action is needed from end-users.
[5.588s] [ext: omni.graph.tools-1.79.2] startup
[5.780s] [ext: omni.physx.tensors-107.3.26] startup
[5.788s] [ext: isaacsim.core.utils-3.5.1] startup
[5.804s] [ext: omni.graph-1.141.2] startup
[6.085s] [ext: isaacsim.core.simulation_manager-1.4.4] startup
[11.303s] [ext: omni.graph.action_core-1.1.7] startup
[11.314s] [ext: omni.kit.stage_templates-2.0.0] startup
[11.324s] [ext: isaacsim.core.prims-0.6.1] startup
[11.435s] [ext: omni.graph.action_nodes-1.50.4] startup
[11.449s] [ext: isaacsim.core.api-4.8.0] startup
[11.537s] [ext: omni.graph.action-1.130.0] startup
[11.542s] [ext: omni.kit.widget.stage_icons-1.0.8] startup
[11.548s] [ext: omni.kit.selection-0.1.6] startup
[11.560s] [ext: omni.kit.window.stage-2.6.1] startup
[11.575s] [ext: omni.kit.menu.create-2.0.1] startup
[11.584s] [ext: omni.kit.widget.text_editor-1.1.1] startup
[11.593s] [ext: omni.kit.ui_test-1.3.7] startup
[11.604s] [ext: omni.kit.scripting-107.3.2] startup
[11.633s] [ext: omni.kit.window.extensions-1.4.27] startup
[11.687s] [ext: omni.graph.visualization.nodes-2.1.3] startup
[11.714s] [ext: isaacsim.replicator.behavior-1.1.16] startup
[11.724s] [ext: isaacsim.gui.components-1.2.1] startup
[11.799s] [ext: isaacsim.gui.menu-2.4.4] startup
[11.922s] [ext: isaacsim.core.cloner-1.4.10] startup
[11.941s] [ext: semantics.schema.editor-2.0.2] startup
2026-10-07T21:23:31Z [11,785ms] [Warning] [pxr.Semantics] pxr.Semantics is deprecated - please use Semantics instead
[11.965s] [ext: omni.kit.widget.zoombar-1.0.6] startup
[11.969s] [ext: omni.kit.usd.collect-2.4.5] startup
[11.986s] [ext: omni.kit.browser.core-2.3.13] startup
[12.013s] [ext: omni.kit.menu.stage-1.2.7] startup
[12.018s] [ext: omni.kit.tool.collect-2.2.18] startup
[12.031s] [ext: omni.kit.browser.folder.core-1.10.9] startup
[12.065s] [ext: isaacsim.core.experimental.utils-0.3.0] startup
[12.071s] [ext: isaacsim.asset.browser-1.3.23] startup
[12.524s] [ext: omni.kit.widget.graph-2.0.0] startup
[12.560s] [ext: omni.graph.image.core-0.6.1] startup
[12.566s] [ext: omni.kit.graph.delegate.default-1.2.3] startup
[12.568s] [ext: omni.graph.image.nodes-1.3.1] startup
[12.572s] [ext: omni.kit.graph.editor.core-1.5.3] startup
[12.596s] [ext: omni.graph.nodes-1.170.10] startup
[12.645s] [ext: omni.graph.ui_nodes-1.50.5] startup
[12.660s] [ext: omni.kit.graph.usd.commands-1.3.1] startup
[12.667s] [ext: omni.kit.widget.material_preview-1.0.16] startup
[12.682s] [ext: omni.videoencoding-0.1.2] startup
[12.700s] [ext: omni.kit.stagerecorder.core-107.0.3] startup
[12.713s] [ext: omni.warp-1.8.2] startup
[12.734s] [ext: omni.syntheticdata-0.6.13] startup
[12.877s] [ext: omni.kit.window.material_graph-1.9.1] startup
[13.052s] [ext: omni.graph.scriptnode-1.50.0] startup
[13.069s] [ext: omni.kit.stagerecorder.ui-107.0.1] startup
[13.136s] [ext: omni.replicator.core-1.12.27] startup
2026-10-07T21:23:32Z [13,393ms] [Warning] [omni.graph.core.plugin] Found duplicate of category 'Replicator' - was 'Annotators', adding 'Fabric Reader'
2026-10-07T21:23:32Z [13,393ms] [Warning] [omni.graph.core.plugin] Category 'Replicator' not accepted on node type 'omni.replicator.core.FabricReader' in extension 'omni.replicator.core'
2026-10-07T21:23:32Z [13,396ms] [Warning] [omni.replicator.core.scripts.extension] No material configuration file, adding configuration to material settings directly.
[13.578s] [ext: omni.kit.stagerecorder.bundle-105.0.2] startup
[13.580s] [ext: isaacsim.core.nodes-3.4.3] startup
[13.619s] [ext: isaacsim.test.docstring-1.1.0] startup
[13.641s] [ext: isaacsim.sensors.camera-1.3.6] startup
[13.697s] [ext: isaacsim.core.experimental.prims-0.8.1] startup
[13.850s] [ext: omni.kit.usdz_export-1.0.9] startup
[13.873s] [ext: isaacsim.robot.surface_gripper-3.3.1] startup
[13.895s] [ext: isaacsim.sensors.physics-0.4.3] startup
[13.930s] [ext: omni.kit.tool.asset_importer-4.3.2] startup
[13.998s] [ext: isaacsim.robot.manipulators-3.3.6] startup
[14.064s] [ext: isaacsim.robot.policy.examples-4.1.11] startup
[14.084s] [ext: omni.sensors.nv.common-3.0.0] startup
[14.147s] [ext: isaacsim.asset.importer.mjcf-2.5.13] startup
[15.083s] [ext: isaacsim.util.debug_draw-3.1.0] startup
[15.108s] [ext: omni.sensors.nv.materials-2.0.0] startup
[15.165s] [ext: omni.sensors.net-1.0.0] startup
[15.211s] [ext: isaacsim.sensors.physx-2.3.2] startup
[15.241s] [ext: isaacsim.examples.browser-0.2.1] startup
[15.299s] [ext: isaacsim.asset.importer.urdf-2.4.31] startup
[15.490s] [ext: isaacsim.simulation_app-2.12.2] startup
[15.492s] [ext: omni.sensors.nv.ids-2.0.0] startup
[15.534s] [ext: omni.sensors.nv.lidar-3.0.0] startup
[15.570s] [ext: omni.kit.property.audio-1.0.16] startup
[15.580s] [ext: omni.kit.property.camera-1.0.10] startup
[15.585s] [ext: omni.kit.property.geometry-2.0.4] startup
[15.615s] [ext: omni.hydra.scene_api-0.1.2] startup
[15.630s] [ext: omni.sensors.nv.wpm-3.0.0] startup
[15.646s] [ext: omni.kit.property.light-1.0.12] startup
[15.678s] [ext: omni.kit.property.material-1.11.9] startup
[15.788s] [ext: omni.kit.property.render-1.2.1] startup
[15.800s] [ext: omni.kit.property.transform-1.5.13] startup
[15.866s] [ext: omni.sensors.nv.radar-3.0.0] startup
[15.894s] [ext: omni.anim.curve.core-1.3.1] startup
[15.960s] [ext: omni.kit.manipulator.camera-106.0.4] startup
[16.003s] [ext: isaacsim.gui.property-1.1.3] startup
[16.015s] [ext: omni.kit.property.bundle-1.4.1] startup
[16.021s] [ext: isaacsim.sensors.rtx-15.8.4] startup
[16.050s] [ext: omni.kit.viewport.menubar.camera-107.0.6] startup
[16.084s] [ext: omni.kit.viewport.menubar.lighting-107.3.1] startup
[16.102s] [ext: omni.kit.viewport.menubar.render-107.0.10] startup
[16.117s] [ext: omni.kit.viewport.menubar.settings-107.0.3] startup
[16.140s] [ext: omni.kit.window.script_editor-2.0.1] startup
[16.157s] [ext: omni.kit.window.console-1.1.4] startup
[16.174s] [ext: isaacsim.robot.wheeled_robots-4.0.24] startup
[16.212s] [ext: omni.physx.demos-107.3.26] startup
[16.370s] [ext: omni.kit.property.physx-107.3.26] startup
[16.498s] [ext: omni.rtx.window.settings-0.6.19] startup
[16.549s] [ext: omni.ocio-0.1.1] startup
[16.559s] [ext: omni.asset_validator.core-1.1.6] startup
[16.747s] [ext: omni.physx.vehicle-107.3.26] startup
[16.866s] [ext: omni.replicator.replicator_yaml-2.0.11] startup
[16.963s] [ext: omni.rtx.settings.core-0.6.5] startup
[16.991s] [ext: omni.kit.window.toolbar-2.0.0] startup
[17.001s] [ext: omni.kit.window.status_bar-0.1.9] startup
[17.021s] [ext: omni.physx.asset_validator-107.3.26] startup
[17.066s] [ext: omni.physx.camera-107.3.26] startup
[17.090s] [ext: omni.physx.cct-107.3.26] startup
[17.164s] [ext: omni.physx.graph-107.3.26] startup
[17.213s] [ext: omni.physx.supportui-107.3.26] startup
[17.270s] [ext: omni.physx.telemetry-107.3.26] startup
[17.277s] [ext: omni.usd.metrics.assembler.ui-107.3.1] startup
[17.300s] [ext: isaacsim.app.about-2.0.11] startup
[17.304s] [ext: isaacsim.core.throttling-2.2.2] startup
[17.311s] [ext: omni.kit.ui.actions-1.0.5] startup
[17.316s] [ext: semantics.schema.property-2.0.1] startup
[17.322s] [ext: omni.physx.bundle-107.3.26] startup
[17.323s] [ext: isaaclab-0.53.1] startup
[18.571s] [ext: isaaclab_assets-0.2.4] startup
[19.282s] [ext: isaaclab_tasks-0.11.12] startup
[20.145s] [ext: omni.kit.menu.common-2.0.1] startup
[20.152s] [ext: isaaclab_rl-0.4.7] startup
[20.154s] [ext: isaaclab_mimic-1.0.16] startup
[20.155s] [ext: isaaclab.python-2.3.0] startup
[20.166s] Simulation App Starting
2026-10-07T21:23:39Z [20,216ms] [Warning] [omni.kvdb.plugin] Disabling key-value database because another kit process is locking it
2026-10-07T21:23:39Z [20,446ms] [Warning] [omni.fabric.plugin] Warning: attribute resolution not found for bucket id 9

[20.669s] app ready
[23.927s] Simulation App Startup Complete
2026-10-07T21:23:45Z [25,688ms] [Warning] [isaaclab.envs.direct_rl_env] Seed not set for the environment. The environment creation may not be deterministic.

[36m===================================================================================================================[0m
[36m[1m[INFO][IsaacLab]: Logging to file: C:\Users\ethan\AppData\Local\Temp\isaaclab\logs\isaaclab_2026-10-07_17-23-45.log[0m
[36m===================================================================================================================[0m

[25.997s] [ext: omni.physx.fabric-107.3.26] startup
[33m17:23:49 [simulation_context.py] WARNING: The `enable_external_forces_every_iteration` parameter in the PhysxCfg is set to False. If you are experiencing noisy velocities, consider enabling this flag. You may need to slightly increase the number of velocity iterations (setting it to 1 or 2 rather than 0), together with this flag, to improve the accuracy of velocity updates.[0m
[INFO]: Base environment:
	Environment device    : cuda:0
	Environment seed      : None
	Physics step-size     : 0.01
	Rendering step-size   : 0.05
	Environment step-size : 0.05
2026-10-07T21:23:50Z [31,386ms] [Warning] [isaacsim.core.prims.impl.cloth_prim] Please note that support for particle cloth and related APIs is now deprecated. These features will be removed in future releases.
2026-10-07 17:23:50 - lehome.assets.object.Garment - WARNING - [GarmentObject] No visual materials specified
[INFO]: Time taken for scene creation : 1.049546 seconds
[INFO]: Scene manager:  <class InteractiveScene>
	Number of environments: 1
	Environment spacing   : 4.0
	Source prim name      : /World/envs/env_0
	Global prim paths     : []
	Replicate physics     : True
[INFO]: Starting the simulation. This may take a few seconds. Please wait...
2026-10-07T21:23:50Z [31,432ms] [Warning] [omni.physicsschema.plugin] Non-uniform scale may result in a non matching collision representation on prim: /World/Robot/Left_Robot/gripper/Capsule
2026-10-07T21:23:50Z [31,432ms] [Warning] [omni.physicsschema.plugin] Non-uniform scale may result in a non matching collision representation on prim: /World/Robot/Left_Robot/jaw/Capsule
2026-10-07T21:23:50Z [31,433ms] [Warning] [omni.physicsschema.plugin] Non-uniform scale may result in a non matching collision representation on prim: /World/Robot/Right_Robot/gripper/Capsule
2026-10-07T21:23:50Z [31,433ms] [Warning] [omni.physicsschema.plugin] Non-uniform scale may result in a non matching collision representation on prim: /World/Robot/Right_Robot/jaw/Capsule
2026-10-07T21:23:51Z [32,072ms] [Warning] [omni.physx.plugin] Detected an articulation at /World/Robot/Left_Robot with more than 4 velocity iterations being added to a TGS scene.The related behavior changed recently, please consult the changelog. This warning will only print once.
2026-10-07T21:23:52Z [32,590ms] [Warning] [omni.fabric.plugin] getAttributeCount called on non-existent path /World/Robot/Right_Robot/wrist/visuals/wrist_roll_pitch_so101_v2
2026-10-07T21:23:52Z [32,591ms] [Warning] [omni.fabric.plugin] getTypes called on non-existent path /World/Robot/Right_Robot/wrist/visuals/wrist_roll_pitch_so101_v2
[INFO]: Time taken for simulation start : 2.856570 seconds
[INFO]: Completed setting up the environment...
CONFIG {"jitter": 0.01, "profile": "friction", "device": "cuda:0", "dr": true, "knobs": {"particle_friction": null, "pad_friction": null, "pad_thickness": null, "gripper_drive": {"stiffness": 17.8, "damping": 0.6, "effort_limit_sim": 10.0}, "gripper_closed": 0.05, "jaw_open_rate": null, "adhesion": 0.1, "adhesion_offset_scale": null, "gravity_scale": null, "physics_hz": null}, "expert": {"PINCH_HEIGHT": 0.005, "PINCH_INSET": 0.005, "PLACE_HEIGHT": 0.011, "ARC_HEIGHT": 0.12, "CLOSE_DWELL": 8, "OPEN_DWELL": 6}, "overshoot": {"0left_": [-0.001, 0.052, 0.0], "0right_": [0.013, 0.05, 0.0]}, "code": "C:\\Users\\ethan\\Documents\\Projects\\watai\\WorldFold\\isaac\\grasp_bench.py"}
2026-10-07 17:23:54 - lehome.assets.object.Garment - WARNING - [GarmentObject] WARNING: soft_reset_pos_range has zero range (min == max for all dimensions). Reset position will always be the same: [0.0, -0.135, 0.425]
2026-10-07 17:23:54 - lehome.assets.object.Garment - WARNING - [GarmentObject] WARNING: soft_reset_rot_range has zero range (min == max for all dimensions). Reset rotation will always be the same: [0.0, 0.0, 0.0]
2026-10-07 17:23:54 - lehome.assets.object.Garment - INFO - [GarmentObject] Reset complete - pos: [0.0, -0.135, 0.425], ori: [0.0, 0.0, 0.0]
ROW 600200 bench_stop 196 65.2 {"left_": {"acquired": true, "held": true, "placed": true, "released": true}, "right_": {"acquired": true, "held": true, "placed": false, "released": true}}
2026-10-07 17:24:59 - lehome.assets.object.Garment - INFO - [GarmentObject] Reset complete - pos: [0.0, -0.135, 0.425], ori: [0.0, 0.0, 0.0]
ROW 600201 success 160 51.9 {"left_": {"acquired": true, "held": true, "placed": true, "released": true}, "right_": {"acquired": true, "held": true, "placed": true, "released": true}}
2026-10-07 17:25:51 - lehome.assets.object.Garment - INFO - [GarmentObject] Reset complete - pos: [0.0, -0.135, 0.425], ori: [0.0, 0.0, 0.0]
ROW 600202 success 164 51.5 {"left_": {"acquired": true, "held": true, "placed": true, "released": true}, "right_": {"acquired": true, "held": true, "placed": true, "released": true}}
2026-10-07 17:26:42 - lehome.assets.object.Garment - INFO - [GarmentObject] Reset complete - pos: [0.0, -0.135, 0.425], ori: [0.0, 0.0, 0.0]
ROW 600203 success 162 55.5 {"left_": {"acquired": true, "held": true, "placed": true, "released": true}, "right_": {"acquired": true, "held": true, "placed": true, "released": true}}
2026-10-07 17:27:38 - lehome.assets.object.Garment - INFO - [GarmentObject] Reset complete - pos: [0.0, -0.135, 0.425], ori: [0.0, 0.0, 0.0]
ROW 600204 bench_stop 199 58.5 {"left_": {"acquired": true, "held": true, "placed": false, "released": true}, "right_": {"acquired": true, "held": true, "placed": true, "released": true}}
2026-10-07 17:28:36 - lehome.assets.object.Garment - INFO - [GarmentObject] Reset complete - pos: [0.0, -0.135, 0.425], ori: [0.0, 0.0, 0.0]
ROW 600205 success 161 50.7 {"left_": {"acquired": true, "held": true, "placed": true, "released": true}, "right_": {"acquired": true, "held": true, "placed": true, "released": true}}
2026-10-07 17:29:27 - lehome.assets.object.Garment - INFO - [GarmentObject] Reset complete - pos: [0.0, -0.135, 0.425], ori: [0.0, 0.0, 0.0]
ROW 600206 success 162 52.6 {"left_": {"acquired": true, "held": true, "placed": true, "released": true}, "right_": {"acquired": true, "held": true, "placed": true, "released": true}}
2026-10-07 17:30:19 - lehome.assets.object.Garment - INFO - [GarmentObject] Reset complete - pos: [0.0, -0.135, 0.425], ori: [0.0, 0.0, 0.0]
ROW 600207 success 158 49.2 {"left_": {"acquired": true, "held": true, "placed": true, "released": true}, "right_": {"acquired": true, "held": true, "placed": true, "released": true}}
2026-10-07 17:31:09 - lehome.assets.object.Garment - INFO - [GarmentObject] Reset complete - pos: [0.0, -0.135, 0.425], ori: [0.0, 0.0, 0.0]
ROW 600208 bench_stop 200 67.0 {"left_": {"acquired": true, "held": true, "placed": true, "released": true}, "right_": {"acquired": true, "held": false, "placed": false, "released": false}}
2026-10-07 17:32:16 - lehome.assets.object.Garment - INFO - [GarmentObject] Reset complete - pos: [0.0, -0.135, 0.425], ori: [0.0, 0.0, 0.0]
ROW 600209 success 169 57.7 {"left_": {"acquired": true, "held": true, "placed": true, "released": true}, "right_": {"acquired": true, "held": true, "placed": true, "released": true}}
2026-10-07 17:33:13 - lehome.assets.object.Garment - INFO - [GarmentObject] Reset complete - pos: [0.0, -0.135, 0.425], ori: [0.0, 0.0, 0.0]
ROW 600210 success 184 64.8 {"left_": {"acquired": true, "held": true, "placed": true, "released": true}, "right_": {"acquired": true, "held": true, "placed": true, "released": true}}
2026-10-07 17:34:18 - lehome.assets.object.Garment - INFO - [GarmentObject] Reset complete - pos: [0.0, -0.135, 0.425], ori: [0.0, 0.0, 0.0]
ROW 600211 bench_stop 196 63.4 {"left_": {"acquired": true, "held": true, "placed": true, "released": true}, "right_": {"acquired": true, "held": true, "placed": false, "released": true}}
2026-10-07 17:35:22 - lehome.assets.object.Garment - INFO - [GarmentObject] Reset complete - pos: [0.0, -0.135, 0.425], ori: [0.0, 0.0, 0.0]
ROW 600212 success 165 52.1 {"left_": {"acquired": true, "held": true, "placed": true, "released": true}, "right_": {"acquired": true, "held": true, "placed": true, "released": true}}
2026-10-07 17:36:14 - lehome.assets.object.Garment - INFO - [GarmentObject] Reset complete - pos: [0.0, -0.135, 0.425], ori: [0.0, 0.0, 0.0]
ROW 600213 success 170 62.9 {"left_": {"acquired": true, "held": true, "placed": true, "released": true}, "right_": {"acquired": true, "held": true, "placed": true, "released": true}}
2026-10-07 17:37:17 - lehome.assets.object.Garment - INFO - [GarmentObject] Reset complete - pos: [0.0, -0.135, 0.425], ori: [0.0, 0.0, 0.0]
ROW 600214 success 205 72.0 {"left_": {"acquired": true, "held": true, "placed": true, "released": true}, "right_": {"acquired": true, "held": true, "placed": true, "released": true}}
2026-10-07 17:38:29 - lehome.assets.object.Garment - INFO - [GarmentObject] Reset complete - pos: [0.0, -0.135, 0.425], ori: [0.0, 0.0, 0.0]
ROW 600215 success 167 51.7 {"left_": {"acquired": true, "held": true, "placed": true, "released": true}, "right_": {"acquired": true, "held": true, "placed": true, "released": true}}
2026-10-07 17:39:20 - lehome.assets.object.Garment - INFO - [GarmentObject] Reset complete - pos: [0.0, -0.135, 0.425], ori: [0.0, 0.0, 0.0]
ROW 600216 success 164 52.6 {"left_": {"acquired": true, "held": true, "placed": true, "released": true}, "right_": {"acquired": true, "held": true, "placed": true, "released": true}}
2026-10-07 17:40:13 - lehome.assets.object.Garment - INFO - [GarmentObject] Reset complete - pos: [0.0, -0.135, 0.425], ori: [0.0, 0.0, 0.0]
ROW 600217 success 166 52.4 {"left_": {"acquired": true, "held": true, "placed": true, "released": true}, "right_": {"acquired": true, "held": true, "placed": true, "released": true}}
2026-10-07 17:41:05 - lehome.assets.object.Garment - INFO - [GarmentObject] Reset complete - pos: [0.0, -0.135, 0.425], ori: [0.0, 0.0, 0.0]
ROW 600218 success 161 48.1 {"left_": {"acquired": true, "held": true, "placed": true, "released": true}, "right_": {"acquired": true, "held": true, "placed": true, "released": true}}
2026-10-07 17:41:53 - lehome.assets.object.Garment - INFO - [GarmentObject] Reset complete - pos: [0.0, -0.135, 0.425], ori: [0.0, 0.0, 0.0]
ROW 600219 success 166 52.7 {"left_": {"acquired": true, "held": true, "placed": true, "released": true}, "right_": {"acquired": true, "held": true, "placed": true, "released": true}}
2026-10-07 17:42:46 - lehome.assets.object.Garment - INFO - [GarmentObject] Reset complete - pos: [0.0, -0.135, 0.425], ori: [0.0, 0.0, 0.0]
ROW 600220 success 180 61.9 {"left_": {"acquired": true, "held": true, "placed": true, "released": true}, "right_": {"acquired": true, "held": true, "placed": true, "released": true}}
2026-10-07 17:43:48 - lehome.assets.object.Garment - INFO - [GarmentObject] Reset complete - pos: [0.0, -0.135, 0.425], ori: [0.0, 0.0, 0.0]
ROW 600221 success 180 63.2 {"left_": {"acquired": true, "held": true, "placed": true, "released": true}, "right_": {"acquired": true, "held": true, "placed": true, "released": true}}
2026-10-07 17:44:51 - lehome.assets.object.Garment - INFO - [GarmentObject] Reset complete - pos: [0.0, -0.135, 0.425], ori: [0.0, 0.0, 0.0]
ROW 600222 success 168 49.0 {"left_": {"acquired": true, "held": true, "placed": true, "released": true}, "right_": {"acquired": true, "held": true, "placed": true, "released": true}}
2026-10-07 17:45:40 - lehome.assets.object.Garment - INFO - [GarmentObject] Reset complete - pos: [0.0, -0.135, 0.425], ori: [0.0, 0.0, 0.0]
ROW 600223 success 161 57.3 {"left_": {"acquired": true, "held": true, "placed": true, "released": true}, "right_": {"acquired": true, "held": true, "placed": true, "released": true}}
2026-10-07 17:46:37 - lehome.assets.object.Garment - INFO - [GarmentObject] Reset complete - pos: [0.0, -0.135, 0.425], ori: [0.0, 0.0, 0.0]
ROW 600224 success 179 63.0 {"left_": {"acquired": true, "held": true, "placed": true, "released": true}, "right_": {"acquired": true, "held": true, "placed": true, "released": true}}
2026-10-07 17:47:40 - lehome.assets.object.Garment - INFO - [GarmentObject] Reset complete - pos: [0.0, -0.135, 0.425], ori: [0.0, 0.0, 0.0]
ROW 600225 bench_stop 194 57.7 {"left_": {"acquired": true, "held": true, "placed": true, "released": true}, "right_": {"acquired": true, "held": false, "placed": false, "released": false}}
2026-10-07 17:48:38 - lehome.assets.object.Garment - INFO - [GarmentObject] Reset complete - pos: [0.0, -0.135, 0.425], ori: [0.0, 0.0, 0.0]
ROW 600226 bench_stop 197 60.9 {"left_": {"acquired": true, "held": true, "placed": false, "released": true}, "right_": {"acquired": true, "held": true, "placed": true, "released": true}}
2026-10-07 17:49:39 - lehome.assets.object.Garment - INFO - [GarmentObject] Reset complete - pos: [0.0, -0.135, 0.425], ori: [0.0, 0.0, 0.0]
ROW 600227 success 172 56.0 {"left_": {"acquired": true, "held": true, "placed": true, "released": true}, "right_": {"acquired": true, "held": true, "placed": true, "released": true}}
2026-10-07 17:50:35 - lehome.assets.object.Garment - INFO - [GarmentObject] Reset complete - pos: [0.0, -0.135, 0.425], ori: [0.0, 0.0, 0.0]
ROW 600228 success 165 50.3 {"left_": {"acquired": true, "held": true, "placed": true, "released": true}, "right_": {"acquired": true, "held": true, "placed": true, "released": true}}
2026-10-07 17:51:25 - lehome.assets.object.Garment - INFO - [GarmentObject] Reset complete - pos: [0.0, -0.135, 0.425], ori: [0.0, 0.0, 0.0]
ROW 600229 success 164 56.2 {"left_": {"acquired": true, "held": true, "placed": true, "released": true}, "right_": {"acquired": true, "held": true, "placed": true, "released": true}}
2026-10-07 17:52:22 - lehome.assets.object.Garment - INFO - [GarmentObject] Reset complete - pos: [0.0, -0.135, 0.425], ori: [0.0, 0.0, 0.0]
ROW 600230 success 163 56.7 {"left_": {"acquired": true, "held": true, "placed": true, "released": true}, "right_": {"acquired": true, "held": true, "placed": true, "released": true}}
2026-10-07 17:53:18 - lehome.assets.object.Garment - INFO - [GarmentObject] Reset complete - pos: [0.0, -0.135, 0.425], ori: [0.0, 0.0, 0.0]
ROW 600231 bench_stop 201 68.0 {"left_": {"acquired": true, "held": true, "placed": true, "released": true}, "right_": {"acquired": false, "held": false, "placed": false, "released": false}}
2026-10-07 17:54:26 - lehome.assets.object.Garment - INFO - [GarmentObject] Reset complete - pos: [0.0, -0.135, 0.425], ori: [0.0, 0.0, 0.0]
ROW 600232 success 168 59.8 {"left_": {"acquired": true, "held": true, "placed": true, "released": true}, "right_": {"acquired": true, "held": true, "placed": true, "released": true}}
2026-10-07 17:55:26 - lehome.assets.object.Garment - INFO - [GarmentObject] Reset complete - pos: [0.0, -0.135, 0.425], ori: [0.0, 0.0, 0.0]
ROW 600233 bench_stop 200 64.6 {"left_": {"acquired": true, "held": true, "placed": true, "released": true}, "right_": {"acquired": true, "held": false, "placed": false, "released": false}}
2026-10-07 17:56:31 - lehome.assets.object.Garment - INFO - [GarmentObject] Reset complete - pos: [0.0, -0.135, 0.425], ori: [0.0, 0.0, 0.0]
ROW 600234 bench_stop 197 63.8 {"left_": {"acquired": true, "held": false, "placed": false, "released": false}, "right_": {"acquired": true, "held": false, "placed": false, "released": false}}
2026-10-07 17:57:34 - lehome.assets.object.Garment - INFO - [GarmentObject] Reset complete - pos: [0.0, -0.135, 0.425], ori: [0.0, 0.0, 0.0]
ROW 600235 success 153 52.6 {"left_": {"acquired": true, "held": true, "placed": true, "released": true}, "right_": {"acquired": true, "held": true, "placed": true, "released": true}}
2026-10-07 17:58:27 - lehome.assets.object.Garment - INFO - [GarmentObject] Reset complete - pos: [0.0, -0.135, 0.425], ori: [0.0, 0.0, 0.0]
ROW 600236 success 166 58.7 {"left_": {"acquired": true, "held": true, "placed": true, "released": true}, "right_": {"acquired": true, "held": true, "placed": true, "released": true}}
2026-10-07 17:59:26 - lehome.assets.object.Garment - INFO - [GarmentObject] Reset complete - pos: [0.0, -0.135, 0.425], ori: [0.0, 0.0, 0.0]
ROW 600237 success 157 53.3 {"left_": {"acquired": true, "held": true, "placed": true, "released": true}, "right_": {"acquired": true, "held": true, "placed": true, "released": true}}
2026-10-07 18:00:19 - lehome.assets.object.Garment - INFO - [GarmentObject] Reset complete - pos: [0.0, -0.135, 0.425], ori: [0.0, 0.0, 0.0]
ROW 600238 bench_stop 195 53.6 {"left_": {"acquired": true, "held": true, "placed": true, "released": true}, "right_": {"acquired": true, "held": false, "placed": false, "released": false}}
2026-10-07 18:01:13 - lehome.assets.object.Garment - INFO - [GarmentObject] Reset complete - pos: [0.0, -0.135, 0.425], ori: [0.0, 0.0, 0.0]
ROW 600239 bench_stop 189 31.1 {"left_": {"acquired": true, "held": true, "placed": true, "released": true}, "right_": {"acquired": true, "held": true, "placed": false, "released": true}}
2026-10-07 18:01:44 - lehome.assets.object.Garment - INFO - [GarmentObject] Reset complete - pos: [0.0, -0.135, 0.425], ori: [0.0, 0.0, 0.0]
ROW 600240 success 191 50.6 {"left_": {"acquired": true, "held": true, "placed": true, "released": true}, "right_": {"acquired": true, "held": true, "placed": true, "released": true}}
2026-10-07 18:02:34 - lehome.assets.object.Garment - INFO - [GarmentObject] Reset complete - pos: [0.0, -0.135, 0.425], ori: [0.0, 0.0, 0.0]
ROW 600241 success 163 49.7 {"left_": {"acquired": true, "held": true, "placed": true, "released": true}, "right_": {"acquired": true, "held": true, "placed": true, "released": true}}
2026-10-07 18:03:24 - lehome.assets.object.Garment - INFO - [GarmentObject] Reset complete - pos: [0.0, -0.135, 0.425], ori: [0.0, 0.0, 0.0]
ROW 600242 success 187 61.6 {"left_": {"acquired": true, "held": true, "placed": true, "released": true}, "right_": {"acquired": true, "held": true, "placed": true, "released": true}}
2026-10-07 18:04:25 - lehome.assets.object.Garment - INFO - [GarmentObject] Reset complete - pos: [0.0, -0.135, 0.425], ori: [0.0, 0.0, 0.0]
ROW 600243 success 166 50.0 {"left_": {"acquired": true, "held": true, "placed": true, "released": true}, "right_": {"acquired": true, "held": true, "placed": true, "released": true}}
2026-10-07 18:05:16 - lehome.assets.object.Garment - INFO - [GarmentObject] Reset complete - pos: [0.0, -0.135, 0.425], ori: [0.0, 0.0, 0.0]
ROW 600244 success 172 53.5 {"left_": {"acquired": true, "held": true, "placed": true, "released": true}, "right_": {"acquired": true, "held": true, "placed": true, "released": true}}
2026-10-07 18:06:09 - lehome.assets.object.Garment - INFO - [GarmentObject] Reset complete - pos: [0.0, -0.135, 0.425], ori: [0.0, 0.0, 0.0]
ROW 600245 bench_stop 196 63.5 {"left_": {"acquired": true, "held": true, "placed": true, "released": true}, "right_": {"acquired": true, "held": false, "placed": false, "released": false}}
2026-10-07 18:07:12 - lehome.assets.object.Garment - INFO - [GarmentObject] Reset complete - pos: [0.0, -0.135, 0.425], ori: [0.0, 0.0, 0.0]
ROW 600246 success 161 49.3 {"left_": {"acquired": true, "held": true, "placed": true, "released": true}, "right_": {"acquired": true, "held": true, "placed": true, "released": true}}
2026-10-07 18:08:02 - lehome.assets.object.Garment - INFO - [GarmentObject] Reset complete - pos: [0.0, -0.135, 0.425], ori: [0.0, 0.0, 0.0]
ROW 600247 success 191 65.1 {"left_": {"acquired": true, "held": true, "placed": true, "released": true}, "right_": {"acquired": true, "held": true, "placed": true, "released": true}}
2026-10-07 18:09:07 - lehome.assets.object.Garment - INFO - [GarmentObject] Reset complete - pos: [0.0, -0.135, 0.425], ori: [0.0, 0.0, 0.0]
ROW 600248 success 158 53.4 {"left_": {"acquired": true, "held": true, "placed": true, "released": true}, "right_": {"acquired": true, "held": true, "placed": true, "released": true}}
2026-10-07 18:10:00 - lehome.assets.object.Garment - INFO - [GarmentObject] Reset complete - pos: [0.0, -0.135, 0.425], ori: [0.0, 0.0, 0.0]
ROW 600249 success 174 56.7 {"left_": {"acquired": true, "held": true, "placed": true, "released": true}, "right_": {"acquired": true, "held": true, "placed": true, "released": true}}
2026-10-07 18:10:57 - lehome.assets.object.Garment - INFO - [GarmentObject] Reset complete - pos: [0.0, -0.135, 0.425], ori: [0.0, 0.0, 0.0]
ROW 600250 success 163 52.5 {"left_": {"acquired": true, "held": true, "placed": true, "released": true}, "right_": {"acquired": true, "held": true, "placed": true, "released": true}}
2026-10-07 18:11:49 - lehome.assets.object.Garment - INFO - [GarmentObject] Reset complete - pos: [0.0, -0.135, 0.425], ori: [0.0, 0.0, 0.0]
ROW 600251 success 156 48.5 {"left_": {"acquired": true, "held": true, "placed": true, "released": true}, "right_": {"acquired": true, "held": true, "placed": true, "released": true}}
2026-10-07 18:12:38 - lehome.assets.object.Garment - INFO - [GarmentObject] Reset complete - pos: [0.0, -0.135, 0.425], ori: [0.0, 0.0, 0.0]
ROW 600252 success 165 52.5 {"left_": {"acquired": true, "held": true, "placed": true, "released": true}, "right_": {"acquired": true, "held": false, "placed": true, "released": false}}
2026-10-07 18:13:30 - lehome.assets.object.Garment - INFO - [GarmentObject] Reset complete - pos: [0.0, -0.135, 0.425], ori: [0.0, 0.0, 0.0]
2026-10-07T22:14:20Z [3,061,375ms] [Warning] [carb] Client gpu.foundation.plugin has acquired [gpu::unstable::IMemoryBudgetManagerFactory v0.1] 100 times. Consider accessing this interface with carb::getCachedInterface() (Performance warning)
ROW 600253 success 182 55.8 {"left_": {"acquired": true, "held": true, "placed": true, "released": true}, "right_": {"acquired": true, "held": true, "placed": true, "released": true}}
2026-10-07 18:14:26 - lehome.assets.object.Garment - INFO - [GarmentObject] Reset complete - pos: [0.0, -0.135, 0.425], ori: [0.0, 0.0, 0.0]
ROW 600254 success 170 49.6 {"left_": {"acquired": true, "held": true, "placed": true, "released": true}, "right_": {"acquired": true, "held": true, "placed": true, "released": true}}
2026-10-07 18:15:16 - lehome.assets.object.Garment - INFO - [GarmentObject] Reset complete - pos: [0.0, -0.135, 0.425], ori: [0.0, 0.0, 0.0]
ROW 600255 success 164 51.1 {"left_": {"acquired": true, "held": true, "placed": true, "released": true}, "right_": {"acquired": true, "held": true, "placed": true, "released": true}}
2026-10-07 18:16:07 - lehome.assets.object.Garment - INFO - [GarmentObject] Reset complete - pos: [0.0, -0.135, 0.425], ori: [0.0, 0.0, 0.0]
ROW 600256 success 165 54.9 {"left_": {"acquired": true, "held": true, "placed": true, "released": true}, "right_": {"acquired": true, "held": true, "placed": true, "released": true}}
2026-10-07 18:17:02 - lehome.assets.object.Garment - INFO - [GarmentObject] Reset complete - pos: [0.0, -0.135, 0.425], ori: [0.0, 0.0, 0.0]
ROW 600257 success 167 51.0 {"left_": {"acquired": true, "held": true, "placed": true, "released": true}, "right_": {"acquired": true, "held": true, "placed": true, "released": true}}
2026-10-07 18:17:53 - lehome.assets.object.Garment - INFO - [GarmentObject] Reset complete - pos: [0.0, -0.135, 0.425], ori: [0.0, 0.0, 0.0]
ROW 600258 success 169 59.6 {"left_": {"acquired": true, "held": true, "placed": true, "released": true}, "right_": {"acquired": true, "held": true, "placed": true, "released": true}}
2026-10-07 18:18:52 - lehome.assets.object.Garment - INFO - [GarmentObject] Reset complete - pos: [0.0, -0.135, 0.425], ori: [0.0, 0.0, 0.0]
ROW 600259 success 154 54.9 {"left_": {"acquired": true, "held": true, "placed": true, "released": true}, "right_": {"acquired": true, "held": true, "placed": true, "released": true}}
2026-10-07 18:19:47 - lehome.assets.object.Garment - INFO - [GarmentObject] Reset complete - pos: [0.0, -0.135, 0.425], ori: [0.0, 0.0, 0.0]
ROW 600260 success 178 62.4 {"left_": {"acquired": true, "held": true, "placed": true, "released": true}, "right_": {"acquired": true, "held": true, "placed": true, "released": true}}
2026-10-07 18:20:50 - lehome.assets.object.Garment - INFO - [GarmentObject] Reset complete - pos: [0.0, -0.135, 0.425], ori: [0.0, 0.0, 0.0]
ROW 600261 success 162 54.7 {"left_": {"acquired": true, "held": true, "placed": true, "released": true}, "right_": {"acquired": true, "held": true, "placed": true, "released": true}}
2026-10-07 18:21:44 - lehome.assets.object.Garment - INFO - [GarmentObject] Reset complete - pos: [0.0, -0.135, 0.425], ori: [0.0, 0.0, 0.0]
ROW 600262 success 173 59.6 {"left_": {"acquired": true, "held": true, "placed": true, "released": true}, "right_": {"acquired": true, "held": true, "placed": true, "released": true}}
2026-10-07 18:22:44 - lehome.assets.object.Garment - INFO - [GarmentObject] Reset complete - pos: [0.0, -0.135, 0.425], ori: [0.0, 0.0, 0.0]
ROW 600263 success 162 49.0 {"left_": {"acquired": true, "held": true, "placed": true, "released": true}, "right_": {"acquired": true, "held": true, "placed": true, "released": true}}
2026-10-07 18:23:33 - lehome.assets.object.Garment - INFO - [GarmentObject] Reset complete - pos: [0.0, -0.135, 0.425], ori: [0.0, 0.0, 0.0]
ROW 600264 bench_stop 197 57.6 {"left_": {"acquired": true, "held": true, "placed": true, "released": true}, "right_": {"acquired": true, "held": false, "placed": false, "released": false}}
2026-10-07 18:24:31 - lehome.assets.object.Garment - INFO - [GarmentObject] Reset complete - pos: [0.0, -0.135, 0.425], ori: [0.0, 0.0, 0.0]
ROW 600265 success 163 52.1 {"left_": {"acquired": true, "held": true, "placed": true, "released": true}, "right_": {"acquired": true, "held": true, "placed": true, "released": true}}
2026-10-07 18:25:23 - lehome.assets.object.Garment - INFO - [GarmentObject] Reset complete - pos: [0.0, -0.135, 0.425], ori: [0.0, 0.0, 0.0]
ROW 600266 success 166 53.9 {"left_": {"acquired": true, "held": true, "placed": true, "released": true}, "right_": {"acquired": true, "held": true, "placed": true, "released": true}}
2026-10-07 18:26:17 - lehome.assets.object.Garment - INFO - [GarmentObject] Reset complete - pos: [0.0, -0.135, 0.425], ori: [0.0, 0.0, 0.0]
ROW 600267 success 156 54.3 {"left_": {"acquired": true, "held": true, "placed": true, "released": true}, "right_": {"acquired": true, "held": true, "placed": true, "released": true}}
2026-10-07 18:27:11 - lehome.assets.object.Garment - INFO - [GarmentObject] Reset complete - pos: [0.0, -0.135, 0.425], ori: [0.0, 0.0, 0.0]
ROW 600268 success 174 56.4 {"left_": {"acquired": true, "held": true, "placed": true, "released": true}, "right_": {"acquired": true, "held": true, "placed": true, "released": true}}
2026-10-07 18:28:07 - lehome.assets.object.Garment - INFO - [GarmentObject] Reset complete - pos: [0.0, -0.135, 0.425], ori: [0.0, 0.0, 0.0]
ROW 600269 success 184 59.0 {"left_": {"acquired": true, "held": true, "placed": true, "released": true}, "right_": {"acquired": true, "held": true, "placed": true, "released": true}}
2026-10-07 18:29:06 - lehome.assets.object.Garment - INFO - [GarmentObject] Reset complete - pos: [0.0, -0.135, 0.425], ori: [0.0, 0.0, 0.0]
ROW 600270 success 173 56.8 {"left_": {"acquired": true, "held": true, "placed": true, "released": true}, "right_": {"acquired": true, "held": true, "placed": true, "released": true}}
2026-10-07 18:30:03 - lehome.assets.object.Garment - INFO - [GarmentObject] Reset complete - pos: [0.0, -0.135, 0.425], ori: [0.0, 0.0, 0.0]
ROW 600271 success 178 54.5 {"left_": {"acquired": true, "held": true, "placed": true, "released": true}, "right_": {"acquired": true, "held": true, "placed": true, "released": true}}
2026-10-07 18:30:58 - lehome.assets.object.Garment - INFO - [GarmentObject] Reset complete - pos: [0.0, -0.135, 0.425], ori: [0.0, 0.0, 0.0]
ROW 600272 success 182 57.3 {"left_": {"acquired": true, "held": true, "placed": true, "released": true}, "right_": {"acquired": true, "held": true, "placed": true, "released": true}}
2026-10-07 18:31:55 - lehome.assets.object.Garment - INFO - [GarmentObject] Reset complete - pos: [0.0, -0.135, 0.425], ori: [0.0, 0.0, 0.0]
ROW 600273 success 174 58.4 {"left_": {"acquired": true, "held": true, "placed": true, "released": true}, "right_": {"acquired": true, "held": true, "placed": true, "released": true}}
2026-10-07 18:32:53 - lehome.assets.object.Garment - INFO - [GarmentObject] Reset complete - pos: [0.0, -0.135, 0.425], ori: [0.0, 0.0, 0.0]
ROW 600274 success 185 55.2 {"left_": {"acquired": true, "held": true, "placed": true, "released": true}, "right_": {"acquired": true, "held": true, "placed": true, "released": true}}
2026-10-07 18:33:49 - lehome.assets.object.Garment - INFO - [GarmentObject] Reset complete - pos: [0.0, -0.135, 0.425], ori: [0.0, 0.0, 0.0]
ROW 600275 success 172 58.8 {"left_": {"acquired": true, "held": true, "placed": true, "released": true}, "right_": {"acquired": true, "held": true, "placed": true, "released": true}}
2026-10-07 18:34:47 - lehome.assets.object.Garment - INFO - [GarmentObject] Reset complete - pos: [0.0, -0.135, 0.425], ori: [0.0, 0.0, 0.0]
ROW 600276 success 169 54.5 {"left_": {"acquired": true, "held": true, "placed": true, "released": true}, "right_": {"acquired": true, "held": true, "placed": true, "released": true}}
2026-10-07 18:35:42 - lehome.assets.object.Garment - INFO - [GarmentObject] Reset complete - pos: [0.0, -0.135, 0.425], ori: [0.0, 0.0, 0.0]
ROW 600277 success 173 56.9 {"left_": {"acquired": true, "held": true, "placed": true, "released": true}, "right_": {"acquired": true, "held": true, "placed": true, "released": true}}
2026-10-07 18:36:39 - lehome.assets.object.Garment - INFO - [GarmentObject] Reset complete - pos: [0.0, -0.135, 0.425], ori: [0.0, 0.0, 0.0]
ROW 600278 bench_stop 187 60.2 {"left_": {"acquired": true, "held": true, "placed": false, "released": true}, "right_": {"acquired": true, "held": true, "placed": true, "released": true}}
2026-10-07 18:37:39 - lehome.assets.object.Garment - INFO - [GarmentObject] Reset complete - pos: [0.0, -0.135, 0.425], ori: [0.0, 0.0, 0.0]
ROW 600279 success 162 51.3 {"left_": {"acquired": true, "held": true, "placed": true, "released": true}, "right_": {"acquired": true, "held": true, "placed": true, "released": true}}
2026-10-07 18:38:30 - lehome.assets.object.Garment - INFO - [GarmentObject] Reset complete - pos: [0.0, -0.135, 0.425], ori: [0.0, 0.0, 0.0]
ROW 600280 success 172 56.6 {"left_": {"acquired": true, "held": true, "placed": true, "released": true}, "right_": {"acquired": true, "held": true, "placed": true, "released": true}}
2026-10-07 18:39:27 - lehome.assets.object.Garment - INFO - [GarmentObject] Reset complete - pos: [0.0, -0.135, 0.425], ori: [0.0, 0.0, 0.0]
ROW 600281 success 169 54.4 {"left_": {"acquired": true, "held": true, "placed": true, "released": true}, "right_": {"acquired": true, "held": true, "placed": true, "released": true}}
2026-10-07 18:40:21 - lehome.assets.object.Garment - INFO - [GarmentObject] Reset complete - pos: [0.0, -0.135, 0.425], ori: [0.0, 0.0, 0.0]
ROW 600282 bench_stop 199 66.6 {"left_": {"acquired": true, "held": true, "placed": true, "released": true}, "right_": {"acquired": true, "held": true, "placed": false, "released": true}}
2026-10-07 18:41:28 - lehome.assets.object.Garment - INFO - [GarmentObject] Reset complete - pos: [0.0, -0.135, 0.425], ori: [0.0, 0.0, 0.0]
ROW 600283 success 175 60.6 {"left_": {"acquired": true, "held": true, "placed": true, "released": true}, "right_": {"acquired": true, "held": true, "placed": true, "released": true}}
2026-10-07 18:42:28 - lehome.assets.object.Garment - INFO - [GarmentObject] Reset complete - pos: [0.0, -0.135, 0.425], ori: [0.0, 0.0, 0.0]
ROW 600284 bench_stop 187 61.1 {"left_": {"acquired": true, "held": true, "placed": false, "released": true}, "right_": {"acquired": true, "held": true, "placed": false, "released": true}}
2026-10-07 18:43:30 - lehome.assets.object.Garment - INFO - [GarmentObject] Reset complete - pos: [0.0, -0.135, 0.425], ori: [0.0, 0.0, 0.0]
ROW 600285 bench_stop 190 61.3 {"left_": {"acquired": true, "held": true, "placed": false, "released": true}, "right_": {"acquired": true, "held": true, "placed": true, "released": true}}
2026-10-07 18:44:31 - lehome.assets.object.Garment - INFO - [GarmentObject] Reset complete - pos: [0.0, -0.135, 0.425], ori: [0.0, 0.0, 0.0]
ROW 600286 success 164 51.6 {"left_": {"acquired": true, "held": true, "placed": true, "released": true}, "right_": {"acquired": true, "held": true, "placed": true, "released": true}}
2026-10-07 18:45:22 - lehome.assets.object.Garment - INFO - [GarmentObject] Reset complete - pos: [0.0, -0.135, 0.425], ori: [0.0, 0.0, 0.0]
ROW 600287 bench_stop 199 58.6 {"left_": {"acquired": true, "held": true, "placed": true, "released": true}, "right_": {"acquired": true, "held": false, "placed": false, "released": false}}
2026-10-07 18:46:21 - lehome.assets.object.Garment - INFO - [GarmentObject] Reset complete - pos: [0.0, -0.135, 0.425], ori: [0.0, 0.0, 0.0]
ROW 600288 success 164 53.1 {"left_": {"acquired": true, "held": true, "placed": true, "released": true}, "right_": {"acquired": true, "held": true, "placed": true, "released": true}}
2026-10-07 18:47:14 - lehome.assets.object.Garment - INFO - [GarmentObject] Reset complete - pos: [0.0, -0.135, 0.425], ori: [0.0, 0.0, 0.0]
ROW 600289 bench_stop 201 62.7 {"left_": {"acquired": true, "held": true, "placed": false, "released": true}, "right_": {"acquired": true, "held": true, "placed": true, "released": true}}
2026-10-07 18:48:17 - lehome.assets.object.Garment - INFO - [GarmentObject] Reset complete - pos: [0.0, -0.135, 0.425], ori: [0.0, 0.0, 0.0]
ROW 600290 success 176 53.9 {"left_": {"acquired": true, "held": true, "placed": true, "released": true}, "right_": {"acquired": true, "held": true, "placed": true, "released": true}}
2026-10-07 18:49:11 - lehome.assets.object.Garment - INFO - [GarmentObject] Reset complete - pos: [0.0, -0.135, 0.425], ori: [0.0, 0.0, 0.0]
ROW 600291 success 161 48.9 {"left_": {"acquired": true, "held": true, "placed": true, "released": true}, "right_": {"acquired": true, "held": true, "placed": true, "released": true}}
2026-10-07 18:50:00 - lehome.assets.object.Garment - INFO - [GarmentObject] Reset complete - pos: [0.0, -0.135, 0.425], ori: [0.0, 0.0, 0.0]
ROW 600292 bench_stop 197 65.4 {"left_": {"acquired": true, "held": true, "placed": true, "released": true}, "right_": {"acquired": true, "held": true, "placed": false, "released": true}}
2026-10-07 18:51:05 - lehome.assets.object.Garment - INFO - [GarmentObject] Reset complete - pos: [0.0, -0.135, 0.425], ori: [0.0, 0.0, 0.0]
ROW 600293 success 165 53.6 {"left_": {"acquired": true, "held": true, "placed": true, "released": true}, "right_": {"acquired": true, "held": true, "placed": true, "released": true}}
2026-10-07 18:51:59 - lehome.assets.object.Garment - INFO - [GarmentObject] Reset complete - pos: [0.0, -0.135, 0.425], ori: [0.0, 0.0, 0.0]
ROW 600294 success 175 59.5 {"left_": {"acquired": true, "held": true, "placed": true, "released": true}, "right_": {"acquired": true, "held": true, "placed": true, "released": true}}
2026-10-07 18:52:58 - lehome.assets.object.Garment - INFO - [GarmentObject] Reset complete - pos: [0.0, -0.135, 0.425], ori: [0.0, 0.0, 0.0]
ROW 600295 bench_stop 200 62.9 {"left_": {"acquired": true, "held": true, "placed": true, "released": true}, "right_": {"acquired": true, "held": false, "placed": false, "released": false}}
2026-10-07 18:54:01 - lehome.assets.object.Garment - INFO - [GarmentObject] Reset complete - pos: [0.0, -0.135, 0.425], ori: [0.0, 0.0, 0.0]
ROW 600296 success 184 60.3 {"left_": {"acquired": true, "held": true, "placed": true, "released": true}, "right_": {"acquired": true, "held": true, "placed": true, "released": true}}
2026-10-07 18:55:01 - lehome.assets.object.Garment - INFO - [GarmentObject] Reset complete - pos: [0.0, -0.135, 0.425], ori: [0.0, 0.0, 0.0]
ROW 600297 success 167 60.9 {"left_": {"acquired": true, "held": true, "placed": true, "released": true}, "right_": {"acquired": true, "held": true, "placed": true, "released": true}}
2026-10-07 18:56:02 - lehome.assets.object.Garment - INFO - [GarmentObject] Reset complete - pos: [0.0, -0.135, 0.425], ori: [0.0, 0.0, 0.0]
ROW 600298 success 189 58.6 {"left_": {"acquired": true, "held": true, "placed": true, "released": true}, "right_": {"acquired": true, "held": true, "placed": true, "released": true}}
2026-10-07 18:57:01 - lehome.assets.object.Garment - INFO - [GarmentObject] Reset complete - pos: [0.0, -0.135, 0.425], ori: [0.0, 0.0, 0.0]
ROW 600299 success 165 55.8 {"left_": {"acquired": true, "held": true, "placed": true, "released": true}, "right_": {"acquired": true, "held": true, "placed": true, "released": true}}
n = 100  reasons {'bench_stop': 21, 'success': 79}
  left_   acquired 100/100 [96.3, 100.0]  held 99/100 [94.6, 99.8]  placed 93/100 [86.3, 96.6]  released 99/100 [94.6, 99.8]  released_strict 30/100 [21.9, 39.6]  drift mean 0.0638 max 0.1571  first failure {'placed': 6, 'held': 1}
  right_  acquired 99/100 [94.6, 99.8]  held 89/100 [81.4, 93.7]  placed 84/100 [75.6, 89.9]  released 89/100 [81.4, 93.7]  released_strict 9/100 [4.8, 16.2]  drift mean 0.0453 max 0.1673  first failure {'placed': 6, 'held': 10, 'acquired': 1}
== exit 0 2026-10-07T18:57:58
