== 2026-10-07T19:39:52 "C:\Users\ethan\Documents\Projects\watai\WorldFold\.venv-isaac\Scripts\python.exe" -u "C:\Users\ethan\Documents\Projects\watai\WorldFold\isaac\grasp_bench.py" --seeds 600400:600440 --out "C:\Users\ethan\Documents\Projects\watai\WorldFold\outputs\isaac\grasp\f2_k_hz200" --profile friction --knobs physics_hz=200
[INFO][AppLauncher]: Using device: cuda:0
[INFO][AppLauncher]: Loading experience file: C:\Users\ethan\Documents\Projects\watai\WorldFold\.venv-isaac\src\IsaacLab\apps\isaaclab.python.kit
Loading user config located at: 'C:/Users/ethan/Documents/Projects/watai/WorldFold/.venv-isaac/kit/data/Kit/Isaac-Sim/5.1/user.config.json'
[Info] [carb] Logging to file: C:/Users/ethan/Documents/Projects/watai/WorldFold/.venv-isaac/kit/logs/Kit/Isaac-Sim/5.1/kit_20261007_193953.log
2026-10-07T23:39:53Z [12ms] [Warning] [carb.crashreporter-breakpad.plugin] [previous crash] preventing upload of minidump due to user opt-out: 'C:/Users/ethan/Documents/Projects/watai/WorldFold/.venv-isaac/kit/data/Kit/Isaac-Sim/5.1\c028bb7c-c523-4d6e-8b2b-2af63f808ac2.dmp'
2026-10-07T23:39:53Z [13ms] [Warning] [carb.crashreporter-breakpad.plugin] [previous crash] preventing upload of minidump due to user opt-out: 'C:/Users/ethan/Documents/Projects/watai/WorldFold/.venv-isaac/kit/data/Kit/Isaac-Sim/5.1\581073d2-5aa0-4aac-8bfa-8d8e8aec0915.dmp'
[0.313s] [ext: omni.kit.async_engine-0.0.3] startup
[0.767s] [ext: omni.metrics.core-0.0.3] startup
[0.770s] [ext: omni.client.lib-1.1.0] startup
[0.807s] [ext: omni.blobkey-1.1.2] startup
[0.810s] [ext: omni.stats-1.0.1] startup
[0.816s] [ext: omni.datastore-0.0.0] startup
[0.822s] [ext: omni.client-1.3.0] startup
[0.841s] [ext: omni.ujitso.default-1.0.0] startup
[0.849s] [ext: omni.hsscclient-1.1.2] startup
[0.873s] [ext: omni.gpu_foundation.shadercache.d3d12-1.0.0] startup
[0.881s] [ext: omni.assets.plugins-0.0.0] startup
[0.891s] [ext: omni.gpu_foundation-0.0.0] startup
[0.946s] [ext: carb.windowing.plugins-1.0.0] startup
[1.231s] [ext: omni.kit.renderer.init-0.0.0] startup
[1.235s] [ext: omni.materialx.libs-1.0.7] startup
[1.256s] [ext: omni.kit.pipapi-0.0.0] startup
[1.262s] [ext: omni.usd.config-1.0.6] startup
[1.297s] [ext: omni.gpucompute.plugins-0.0.0] startup
[1.301s] [ext: omni.usd.libs-1.0.1] startup
[1.489s] [ext: omni.kit.telemetry-0.5.2] startup
[1.518s] [ext: omni.mdl-56.0.3] startup
[1.671s] [ext: omni.iray.libs-0.0.0] startup
[1.716s] [ext: omni.mdl.neuraylib-0.2.12] startup
[1.728s] [ext: omni.kit.usd.mdl-1.1.5] startup
2026-10-07T23:39:55Z [1,637ms] [Warning] [gpu.foundation.plugin] Skipping unsupported non-NVIDIA GPU: Intel(R) Arc(TM) 140T GPU (32GB)
2026-10-07T23:39:55Z [1,638ms] [Warning] [gpu.foundation.plugin] Skipping unsupported non-NVIDIA GPU: Intel(R) Arc(TM) 140T GPU (32GB)
[1.933s] [ext: omni.kit.pip_archive-0.0.0] startup
[1.935s] [ext: omni.kit.loop-isaac-1.3.7] startup
[1.945s] [ext: omni.kit.test-2.0.1] startup
[2.217s] [ext: omni.appwindow-1.1.10] startup
[2.229s] [ext: omni.kit.renderer.core-1.1.0] startup
[2.259s] [ext: omni.kit.renderer.capture-0.0.0] startup
[2.284s] [ext: omni.kit.renderer.imgui-2.0.5] startup
[2.327s] [ext: omni.ui-2.27.1] startup

|---------------------------------------------------------------------------------------------|
| Driver Version: 616.56        | Graphics API: D3D12
|=============================================================================================|
| GPU | Name                             | Active | LDA | GPU Memory | Vendor-ID | LUID       |
|     |                                  |        |     |            | Device-ID | UUID       |
|     |                                  |        |     |            | Bus-ID    |            |
|---------------------------------------------------------------------------------------------|
| 0   | NVIDIA GeForce RTX 5080 Laptop.. | Yes: 0 |     | 16003   MB | 10de      | 35350100.. |
|     |                                  |        |     |            | 2c59      | 0          |
|     |                                  |        |     |            | 1         |            |
|---------------------------------------------------------------------------------------------|
| 1   | Intel(R) Arc(TM) 140T GPU (32GB) |        |     | 128     MB | 8086      | c94f0100.. |
|     |                                  |        |     |            | 7d51      | 0          |
|     |                                  |        |     |            | N/A       |            |
|=============================================================================================|
| OS: Windows 11 Pro, Version: 10.0 (25H2), Build: 26200, Kernel: 10.0.26100.9457
| Processor: Intel(R) Core(TM) Ultra 9 285H
| Cores: 16 | Logical Cores: 16
|---------------------------------------------------------------------------------------------|
| Total Memory (MB): 64957 | Free Memory: 36223
| Total Page/Swap (MB): 73661 | Free Page/Swap: 22950
|---------------------------------------------------------------------------------------------|
[2.364s] [ext: omni.kit.mainwindow-1.0.3] startup
[2.369s] [ext: carb.audio-0.1.0] startup
[2.374s] [ext: omni.uiaudio-1.0.0] startup
[2.383s] [ext: omni.kit.uiapp-0.0.0] startup
[2.383s] [ext: omni.usd.schema.metrics.assembler-107.3.1] startup
[2.410s] [ext: omni.usd.schema.geospatial-0.0.0] startup
2026-10-07T23:39:56Z [2,233ms] [Warning] [gpu.foundation.plugin] PCIe link width current (8) and maximum (16) for device 0 don't match.
[2.428s] [ext: omni.usd.schema.anim-0.0.0] startup
[2.529s] [ext: omni.usd.schema.physx-107.3.26] startup
[2.608s] [ext: omni.usd.schema.omnigraph-1.0.0] startup
[2.637s] [ext: omni.usd.schema.semantics-0.0.0] startup
[2.658s] [ext: omni.usd.schema.audio-0.0.0] startup
[2.675s] [ext: isaacsim.robot.schema-3.6.0] startup
[2.717s] [ext: omni.usd_resolver-1.0.0] startup
[2.738s] [ext: omni.usd.core-1.5.3] startup
[2.744s] [ext: omni.usd.schema.omni_lens_distortion-0.0.0] startup
[2.839s] [ext: omni.usd.schema.omni_sensors-0.0.0] startup
[2.842s] [ext: omni.usd.schema.omniscripting-1.0.0] startup
[2.864s] [ext: omni.kit.window.popup_dialog-2.0.24] startup
[2.888s] [ext: omni.graph.exec-0.9.6] startup
[2.894s] [ext: omni.kit.widget.nucleus_connector-2.0.1] startup
[2.908s] [ext: omni.kit.usd_undo-0.1.8] startup
[2.910s] [ext: omni.kit.exec.core-0.13.4] startup
[2.924s] [ext: omni.kit.actions.core-1.0.0] startup
[2.941s] [ext: omni.resourcemonitor-107.0.1] startup
[2.954s] [ext: omni.activity.core-1.0.3] startup
[2.964s] [ext: omni.timeline-1.0.14] startup
[2.971s] [ext: omni.kit.commands-1.4.10] startup
[2.998s] [ext: usdrt.scenegraph-7.6.1] startup
[3.148s] [ext: omni.kit.audiodeviceenum-1.0.2] startup
[3.158s] [ext: omni.hydra.usdrt_delegate-7.5.1] startup
[3.195s] [ext: omni.hydra.scene_delegate-0.3.4] startup
[3.207s] [ext: omni.usd-1.13.10] startup
[3.330s] [ext: omni.kit.asset_converter-5.0.17] startup
[3.358s] [ext: omni.usd.schema.render_settings.rtx-0.0.0] startup
[3.362s] [ext: omni.index.libs-380600.8087.0] startup
[3.362s] [ext: omni.volume-0.5.2] startup
[3.378s] [ext: omni.ujitso.client-0.0.0] startup
[3.382s] [ext: omni.index-1.0.1] startup
[3.385s] [ext: omni.hydra.rtx.shadercache.d3d12-1.0.0] startup
[3.390s] [ext: omni.hydra.rtx-1.0.0] startup
[3.491s] [ext: omni.kit.viewport.legacy_gizmos-1.0.19] startup
[3.496s] [ext: omni.kit.raycast.query-1.1.0] startup
[3.505s] [ext: omni.kit.widget.path_field-2.0.11] startup
[3.513s] [ext: omni.kit.clipboard-1.0.5] startup
[3.519s] [ext: omni.kit.widget.options_menu-1.1.6] startup
[3.533s] [ext: omni.kit.helper.file_utils-0.1.9] startup
[3.540s] [ext: omni.kit.widget.browser_bar-2.0.10] startup
[3.546s] [ext: omni.kit.notification_manager-1.0.10] startup
[3.554s] [ext: omni.kit.menu.core-1.1.2] startup
[3.559s] [ext: omni.kit.widget.options_button-1.0.3] startup
[3.562s] [ext: omni.kit.widget.filebrowser-2.12.3] startup
[3.602s] [ext: omni.kit.viewport.registry-104.0.6] startup
[3.604s] [ext: omni.kit.menu.utils-2.0.5] startup
[3.645s] [ext: omni.kit.widget.context_menu-1.2.5] startup
[3.649s] [ext: omni.kit.usd.layers-2.2.11] startup
[3.688s] [ext: omni.ui.scene-1.11.5] startup
[3.696s] [ext: omni.kit.context_menu-1.8.6] startup
[3.711s] [ext: omni.kit.window.filepicker-2.13.4] startup
[3.820s] [ext: omni.kit.widget.searchable_combobox-1.0.6] startup
[3.827s] [ext: omni.kit.viewport.scene_camera_model-1.0.6] startup
[3.833s] [ext: omni.kit.hydra_texture-1.4.6] startup
[3.842s] [ext: omni.kit.window.file_importer-1.1.18] startup
[3.855s] [ext: omni.kit.widget.settings-1.2.6] startup
[3.869s] [ext: omni.kit.window.drop_support-1.0.5] startup
[3.872s] [ext: omni.kit.widget.viewport-107.1.3] startup
[3.897s] [ext: omni.kit.material.library-2.0.7] startup
[3.934s] [ext: omni.hydra.engine.stats-1.0.3] startup
[3.937s] [ext: omni.kit.window.preferences-1.8.0] startup
[3.970s] [ext: omni.kit.viewport.window-107.2.0] startup
[4.160s] [ext: omni.kit.manipulator.transform-107.0.0] startup
[4.185s] [ext: omni.kvdb-107.3.26] startup
[4.198s] [ext: omni.kit.widget.toolbar-2.0.1] startup
[4.231s] [ext: omni.kit.viewport.utility-1.1.2] startup
[4.234s] [ext: omni.usdphysics-107.3.26] startup
[4.242s] [ext: omni.physx.foundation-107.3.26] startup
[4.272s] [ext: omni.localcache-107.3.26] startup
[4.283s] [ext: omni.convexdecomposition-107.3.26] startup
[4.293s] [ext: omni.kit.manipulator.tool.snap-1.5.13] startup
[4.319s] [ext: omni.kit.manipulator.selector-1.1.3] startup
[4.326s] [ext: omni.physx.cooking-107.3.26] startup
[4.339s] [ext: omni.kit.viewport.manipulator.transform-107.0.4] startup
[4.352s] [ext: omni.physx-107.3.26] startup
[4.389s] [ext: omni.kit.manipulator.viewport-107.0.1] startup
[4.395s] [ext: omni.kit.primitive.mesh-1.0.17] startup
[4.418s] [ext: omni.kit.manipulator.prim.core-107.0.8] startup
[4.454s] [ext: omni.fabric.commands-1.1.6] startup
[4.474s] [ext: omni.kit.manipulator.prim.usd-107.0.3] startup
[4.479s] [ext: omni.kit.manipulator.prim.fabric-107.0.4] startup
[4.486s] [ext: omni.debugdraw-0.1.4] startup
[4.497s] [ext: omni.physx.commands-107.3.26] startup
[4.538s] [ext: omni.kit.manipulator.selection-106.0.1] startup
[4.545s] [ext: omni.kit.manipulator.prim-107.0.0] startup
[4.545s] [ext: omni.physics.tensors-107.3.26] startup
[4.570s] [ext: omni.kit.property.adapter.core-1.0.2] startup
[4.579s] [ext: omni.kit.widget.highlight_label-1.0.3] startup
[4.583s] [ext: omni.kit.widget.searchfield-1.1.8] startup
[4.591s] [ext: omni.kit.property.adapter.fabric-1.0.3] startup
[4.598s] [ext: omni.kit.widget.filter-1.1.4] startup
[4.602s] [ext: omni.kit.widget.prompt-1.0.7] startup
[4.606s] [ext: omni.kit.window.property-1.12.1] startup
[4.619s] [ext: omni.kit.property.adapter.usd-1.0.2] startup
[4.624s] [ext: omni.kit.hotkeys.core-1.3.10] startup
[4.627s] [ext: omni.kit.window.file_exporter-1.0.33] startup
[4.631s] [ext: omni.kit.stage_template.core-1.1.22] startup
[4.634s] [ext: omni.kit.viewport.menubar.core-107.2.1] startup
[4.692s] [ext: omni.kit.viewport.actions-107.0.2] startup
[4.705s] [ext: omni.kit.window.file-2.0.5] startup
[4.723s] [ext: omni.kit.window.content_browser_registry-0.0.6] startup
[4.725s] [ext: omni.kit.viewport.menubar.display-107.0.3] startup
[4.730s] [ext: omni.kit.window.content_browser-3.1.3] startup
[4.766s] [ext: omni.kit.widget.stage-3.1.4] startup
[4.844s] [ext: omni.inspect-1.0.2] startup
[4.852s] [ext: omni.kit.widget.layers-1.8.6] startup
[4.922s] [ext: omni.kit.property.usd-4.5.12] startup
[5.018s] [ext: omni.kit.numpy.common-0.1.3] startup
[5.023s] [ext: omni.physics-107.3.26] startup
[5.032s] [ext: omni.graph.core-2.184.5] startup
[5.038s] [ext: omni.usdphysics.ui-107.3.26] startup
[5.113s] [ext: omni.physics.stageupdate-107.3.26] startup
[5.123s] [ext: isaacsim.core.deprecation_manager-0.2.7] startup
[5.126s] [ext: omni.physx.ui-107.3.26] startup
[5.253s] [ext: isaacsim.core.version-2.0.6] startup
[5.256s] [ext: omni.usd.metrics.assembler-107.3.1] startup
[5.276s] [ext: omni.warp.core-1.8.2] startup
[5.662s] [ext: omni.ui_query-1.1.8] startup
[5.667s] [ext: omni.physics.physx-107.3.26] startup
2026-10-07T23:39:59Z [5,479ms] [Warning] [carb] Acquiring non optional plugin interface which is not listed as dependency: [omni::physx::IPhysxBenchmarks v1.0] (plugin: <default plugin>), by client: omni.physics.physx.plugin. Add it to CARB_PLUGIN_IMPL_DEPS() macro of a client.
[5.673s] [ext: isaacsim.storage.native-1.5.1] startup
[5.680s] [ext: omni.usd.metrics.assembler.physics-107.3.26] startup
[5.691s] [ext: omni.isaac.dynamic_control-2.0.7] startup
2026-10-07T23:39:59Z [5,510ms] [Warning] [omni.isaac.dynamic_control] omni.isaac.dynamic_control is deprecated as of Isaac Sim 4.5. No action is needed from end-users.
[5.704s] [ext: omni.graph.tools-1.79.2] startup
[5.862s] [ext: omni.physx.tensors-107.3.26] startup
[5.877s] [ext: isaacsim.core.utils-3.5.1] startup
[5.888s] [ext: omni.graph-1.141.2] startup
[6.075s] [ext: isaacsim.core.simulation_manager-1.4.4] startup
[13.090s] [ext: omni.graph.action_core-1.1.7] startup
[13.108s] [ext: omni.kit.stage_templates-2.0.0] startup
[13.141s] [ext: isaacsim.core.prims-0.6.1] startup
[13.504s] [ext: omni.graph.action_nodes-1.50.4] startup
[13.537s] [ext: isaacsim.core.api-4.8.0] startup
[13.761s] [ext: omni.graph.action-1.130.0] startup
[13.771s] [ext: omni.kit.widget.stage_icons-1.0.8] startup
[13.786s] [ext: omni.kit.selection-0.1.6] startup
[13.817s] [ext: omni.kit.window.stage-2.6.1] startup
[13.857s] [ext: omni.kit.menu.create-2.0.1] startup
[13.883s] [ext: omni.kit.widget.text_editor-1.1.1] startup
[13.890s] [ext: omni.kit.ui_test-1.3.7] startup
[13.902s] [ext: omni.kit.scripting-107.3.2] startup
[13.954s] [ext: omni.kit.window.extensions-1.4.27] startup
[14.056s] [ext: omni.graph.visualization.nodes-2.1.3] startup
[14.132s] [ext: isaacsim.replicator.behavior-1.1.16] startup
[14.136s] [ext: isaacsim.gui.components-1.2.1] startup
[14.178s] [ext: isaacsim.gui.menu-2.4.4] startup
[14.243s] [ext: isaacsim.core.cloner-1.4.10] startup
[14.263s] [ext: semantics.schema.editor-2.0.2] startup
2026-10-07T23:40:07Z [14,095ms] [Warning] [pxr.Semantics] pxr.Semantics is deprecated - please use Semantics instead
[14.293s] [ext: omni.kit.widget.zoombar-1.0.6] startup
[14.300s] [ext: omni.kit.usd.collect-2.4.5] startup
[14.322s] [ext: omni.kit.browser.core-2.3.13] startup
[14.353s] [ext: omni.kit.menu.stage-1.2.7] startup
[14.359s] [ext: omni.kit.tool.collect-2.2.18] startup
[14.379s] [ext: omni.kit.browser.folder.core-1.10.9] startup
[14.419s] [ext: isaacsim.core.experimental.utils-0.3.0] startup
[14.428s] [ext: isaacsim.asset.browser-1.3.23] startup
[15.099s] [ext: omni.kit.widget.graph-2.0.0] startup
[15.161s] [ext: omni.graph.image.core-0.6.1] startup
[15.167s] [ext: omni.kit.graph.delegate.default-1.2.3] startup
[15.170s] [ext: omni.graph.image.nodes-1.3.1] startup
[15.176s] [ext: omni.kit.graph.editor.core-1.5.3] startup
[15.198s] [ext: omni.graph.nodes-1.170.10] startup
[15.222s] [ext: omni.graph.ui_nodes-1.50.5] startup
[15.235s] [ext: omni.kit.graph.usd.commands-1.3.1] startup
[15.241s] [ext: omni.kit.widget.material_preview-1.0.16] startup
[15.262s] [ext: omni.videoencoding-0.1.2] startup
[15.273s] [ext: omni.kit.stagerecorder.core-107.0.3] startup
[15.290s] [ext: omni.warp-1.8.2] startup
[15.317s] [ext: omni.syntheticdata-0.6.13] startup
[15.470s] [ext: omni.kit.window.material_graph-1.9.1] startup
[15.621s] [ext: omni.graph.scriptnode-1.50.0] startup
[15.644s] [ext: omni.kit.stagerecorder.ui-107.0.1] startup
[15.706s] [ext: omni.replicator.core-1.12.27] startup
2026-10-07T23:40:09Z [15,989ms] [Warning] [omni.graph.core.plugin] Found duplicate of category 'Replicator' - was 'Annotators', adding 'Fabric Reader'
2026-10-07T23:40:09Z [15,989ms] [Warning] [omni.graph.core.plugin] Category 'Replicator' not accepted on node type 'omni.replicator.core.FabricReader' in extension 'omni.replicator.core'
2026-10-07T23:40:09Z [15,991ms] [Warning] [omni.replicator.core.scripts.extension] No material configuration file, adding configuration to material settings directly.
[16.187s] [ext: omni.kit.stagerecorder.bundle-105.0.2] startup
[16.189s] [ext: isaacsim.core.nodes-3.4.3] startup
[16.217s] [ext: isaacsim.test.docstring-1.1.0] startup
[16.244s] [ext: isaacsim.sensors.camera-1.3.6] startup
[16.297s] [ext: isaacsim.core.experimental.prims-0.8.1] startup
[16.436s] [ext: omni.kit.usdz_export-1.0.9] startup
[16.448s] [ext: isaacsim.robot.surface_gripper-3.3.1] startup
[16.474s] [ext: isaacsim.sensors.physics-0.4.3] startup
[16.524s] [ext: omni.kit.tool.asset_importer-4.3.2] startup
[16.642s] [ext: isaacsim.robot.manipulators-3.3.6] startup
[16.680s] [ext: isaacsim.robot.policy.examples-4.1.11] startup
[16.708s] [ext: omni.sensors.nv.common-3.0.0] startup
[16.797s] [ext: isaacsim.asset.importer.mjcf-2.5.13] startup
[17.806s] [ext: isaacsim.util.debug_draw-3.1.0] startup
[17.835s] [ext: omni.sensors.nv.materials-2.0.0] startup
[17.884s] [ext: omni.sensors.net-1.0.0] startup
[17.928s] [ext: isaacsim.sensors.physx-2.3.2] startup
[17.984s] [ext: isaacsim.examples.browser-0.2.1] startup
[18.043s] [ext: isaacsim.asset.importer.urdf-2.4.31] startup
[18.250s] [ext: isaacsim.simulation_app-2.12.2] startup
[18.255s] [ext: omni.sensors.nv.ids-2.0.0] startup
[18.289s] [ext: omni.sensors.nv.lidar-3.0.0] startup
[18.330s] [ext: omni.kit.property.audio-1.0.16] startup
[18.366s] [ext: omni.kit.property.camera-1.0.10] startup
[18.379s] [ext: omni.kit.property.geometry-2.0.4] startup
[18.407s] [ext: omni.hydra.scene_api-0.1.2] startup
[18.422s] [ext: omni.sensors.nv.wpm-3.0.0] startup
[18.434s] [ext: omni.kit.property.light-1.0.12] startup
[18.469s] [ext: omni.kit.property.material-1.11.9] startup
[18.637s] [ext: omni.kit.property.render-1.2.1] startup
[18.650s] [ext: omni.kit.property.transform-1.5.13] startup
[18.707s] [ext: omni.sensors.nv.radar-3.0.0] startup
[18.742s] [ext: omni.anim.curve.core-1.3.1] startup
[18.843s] [ext: omni.kit.manipulator.camera-106.0.4] startup
[18.875s] [ext: isaacsim.gui.property-1.1.3] startup
[18.890s] [ext: omni.kit.property.bundle-1.4.1] startup
[18.900s] [ext: isaacsim.sensors.rtx-15.8.4] startup
[18.930s] [ext: omni.kit.viewport.menubar.camera-107.0.6] startup
[18.990s] [ext: omni.kit.viewport.menubar.lighting-107.3.1] startup
[19.014s] [ext: omni.kit.viewport.menubar.render-107.0.10] startup
[19.035s] [ext: omni.kit.viewport.menubar.settings-107.0.3] startup
[19.074s] [ext: omni.kit.window.script_editor-2.0.1] startup
[19.096s] [ext: omni.kit.window.console-1.1.4] startup
[19.121s] [ext: isaacsim.robot.wheeled_robots-4.0.24] startup
[19.164s] [ext: omni.physx.demos-107.3.26] startup
[19.396s] [ext: omni.kit.property.physx-107.3.26] startup
[19.536s] [ext: omni.rtx.window.settings-0.6.19] startup
[19.580s] [ext: omni.ocio-0.1.1] startup
[19.588s] [ext: omni.asset_validator.core-1.1.6] startup
[19.819s] [ext: omni.physx.vehicle-107.3.26] startup
[19.942s] [ext: omni.replicator.replicator_yaml-2.0.11] startup
[20.036s] [ext: omni.rtx.settings.core-0.6.5] startup
[20.070s] [ext: omni.kit.window.toolbar-2.0.0] startup
[20.086s] [ext: omni.kit.window.status_bar-0.1.9] startup
[20.100s] [ext: omni.physx.asset_validator-107.3.26] startup
[20.159s] [ext: omni.physx.camera-107.3.26] startup
[20.188s] [ext: omni.physx.cct-107.3.26] startup
[20.216s] [ext: omni.physx.graph-107.3.26] startup
[20.264s] [ext: omni.physx.supportui-107.3.26] startup
[20.370s] [ext: omni.physx.telemetry-107.3.26] startup
[20.381s] [ext: omni.usd.metrics.assembler.ui-107.3.1] startup
[20.431s] [ext: isaacsim.app.about-2.0.11] startup
[20.437s] [ext: isaacsim.core.throttling-2.2.2] startup
[20.452s] [ext: omni.kit.ui.actions-1.0.5] startup
[20.463s] [ext: semantics.schema.property-2.0.1] startup
[20.475s] [ext: omni.physx.bundle-107.3.26] startup
[20.477s] [ext: isaaclab-0.53.1] startup
[22.034s] [ext: isaaclab_assets-0.2.4] startup
[22.940s] [ext: isaaclab_tasks-0.11.12] startup
[23.970s] [ext: omni.kit.menu.common-2.0.1] startup
[23.976s] [ext: isaaclab_rl-0.4.7] startup
[23.979s] [ext: isaaclab_mimic-1.0.16] startup
[23.981s] [ext: isaaclab.python-2.3.0] startup
[23.990s] Simulation App Starting
2026-10-07T23:40:18Z [24,303ms] [Warning] [omni.fabric.plugin] Warning: attribute viewportHandle not found for bucket id 9

[24.543s] app ready
[27.730s] Simulation App Startup Complete
2026-10-07T23:40:23Z [29,407ms] [Warning] [isaaclab.envs.direct_rl_env] Seed not set for the environment. The environment creation may not be deterministic.

[36m===================================================================================================================[0m
[36m[1m[INFO][IsaacLab]: Logging to file: C:\Users\ethan\AppData\Local\Temp\isaaclab\logs\isaaclab_2026-10-07_19-40-23.log[0m
[36m===================================================================================================================[0m

[29.779s] [ext: omni.physx.fabric-107.3.26] startup
[33m19:40:27 [simulation_context.py] WARNING: The `enable_external_forces_every_iteration` parameter in the PhysxCfg is set to False. If you are experiencing noisy velocities, consider enabling this flag. You may need to slightly increase the number of velocity iterations (setting it to 1 or 2 rather than 0), together with this flag, to improve the accuracy of velocity updates.[0m
[INFO]: Base environment:
	Environment device    : cuda:0
	Environment seed      : None
	Physics step-size     : 0.005
	Rendering step-size   : 0.05
	Environment step-size : 0.05
2026-10-07T23:40:28Z [34,431ms] [Warning] [isaacsim.core.prims.impl.cloth_prim] Please note that support for particle cloth and related APIs is now deprecated. These features will be removed in future releases.
2026-10-07 19:40:28 - lehome.assets.object.Garment - WARNING - [GarmentObject] No visual materials specified
[INFO]: Time taken for scene creation : 1.001790 seconds
[INFO]: Scene manager:  <class InteractiveScene>
	Number of environments: 1
	Environment spacing   : 4.0
	Source prim name      : /World/envs/env_0
	Global prim paths     : []
	Replicate physics     : True
[INFO]: Starting the simulation. This may take a few seconds. Please wait...
2026-10-07T23:40:28Z [34,475ms] [Warning] [omni.physicsschema.plugin] Non-uniform scale may result in a non matching collision representation on prim: /World/Robot/Left_Robot/gripper/Capsule
2026-10-07T23:40:28Z [34,475ms] [Warning] [omni.physicsschema.plugin] Non-uniform scale may result in a non matching collision representation on prim: /World/Robot/Left_Robot/jaw/Capsule
2026-10-07T23:40:28Z [34,475ms] [Warning] [omni.physicsschema.plugin] Non-uniform scale may result in a non matching collision representation on prim: /World/Robot/Right_Robot/gripper/Capsule
2026-10-07T23:40:28Z [34,476ms] [Warning] [omni.physicsschema.plugin] Non-uniform scale may result in a non matching collision representation on prim: /World/Robot/Right_Robot/jaw/Capsule
2026-10-07T23:40:28Z [35,013ms] [Warning] [omni.physx.plugin] Detected an articulation at /World/Robot/Left_Robot with more than 4 velocity iterations being added to a TGS scene.The related behavior changed recently, please consult the changelog. This warning will only print once.
2026-10-07T23:40:29Z [35,445ms] [Warning] [omni.fabric.plugin] getAttributeCount called on non-existent path /World/Robot/Right_Robot/wrist/visuals/wrist_roll_pitch_so101_v2
2026-10-07T23:40:29Z [35,446ms] [Warning] [omni.fabric.plugin] getTypes called on non-existent path /World/Robot/Right_Robot/wrist/visuals/wrist_roll_pitch_so101_v2
[INFO]: Time taken for simulation start : 2.682543 seconds
[INFO]: Completed setting up the environment...
CONFIG {"jitter": 0.01, "profile": "friction", "device": "cuda:0", "dr": true, "knobs": {"particle_friction": null, "pad_friction": null, "pad_thickness": null, "gripper_drive": {"stiffness": 17.8, "damping": 0.6, "effort_limit_sim": 10.0}, "gripper_closed": 0.05, "jaw_open_rate": null, "adhesion": 0.1, "adhesion_offset_scale": null, "gravity_scale": null, "physics_hz": 200}, "expert": {"PINCH_HEIGHT": 0.005, "PINCH_INSET": 0.005, "PLACE_HEIGHT": 0.011, "ARC_HEIGHT": 0.12, "CLOSE_DWELL": 8, "OPEN_DWELL": 6}, "overshoot": {"0left_": [-0.001, 0.052, 0.0], "0right_": [0.013, 0.05, 0.0]}, "code": "C:\\Users\\ethan\\Documents\\Projects\\watai\\WorldFold\\isaac\\grasp_bench.py"}
2026-10-07 19:40:31 - lehome.assets.object.Garment - WARNING - [GarmentObject] WARNING: soft_reset_pos_range has zero range (min == max for all dimensions). Reset position will always be the same: [0.0, -0.135, 0.425]
2026-10-07 19:40:31 - lehome.assets.object.Garment - WARNING - [GarmentObject] WARNING: soft_reset_rot_range has zero range (min == max for all dimensions). Reset rotation will always be the same: [0.0, 0.0, 0.0]
2026-10-07 19:40:31 - lehome.assets.object.Garment - INFO - [GarmentObject] Reset complete - pos: [0.0, -0.135, 0.425], ori: [0.0, 0.0, 0.0]
ROW 600400 bench_stop 173 96.6 {"left_": {"acquired": true, "held": true, "placed": true, "released": true}, "right_": {"acquired": true, "held": true, "placed": false, "released": true}}
2026-10-07 19:42:07 - lehome.assets.object.Garment - INFO - [GarmentObject] Reset complete - pos: [0.0, -0.135, 0.425], ori: [0.0, 0.0, 0.0]
ROW 600401 bench_stop 195 121.8 {"left_": {"acquired": true, "held": true, "placed": true, "released": true}, "right_": {"acquired": true, "held": true, "placed": false, "released": true}}
2026-10-07 19:44:09 - lehome.assets.object.Garment - INFO - [GarmentObject] Reset complete - pos: [0.0, -0.135, 0.425], ori: [0.0, 0.0, 0.0]
ROW 600402 cloth_dragged 78 67.4 {"left_": {"acquired": true, "held": false, "placed": false, "released": false}, "right_": {"acquired": true, "held": false, "placed": false, "released": false}}
2026-10-07 19:45:16 - lehome.assets.object.Garment - INFO - [GarmentObject] Reset complete - pos: [0.0, -0.135, 0.425], ori: [0.0, 0.0, 0.0]
ROW 600403 cloth_dragged 76 68.1 {"left_": {"acquired": true, "held": false, "placed": false, "released": false}, "right_": {"acquired": true, "held": false, "placed": false, "released": false}}
2026-10-07 19:46:25 - lehome.assets.object.Garment - INFO - [GarmentObject] Reset complete - pos: [0.0, -0.135, 0.425], ori: [0.0, 0.0, 0.0]
ROW 600404 success 174 123.2 {"left_": {"acquired": true, "held": true, "placed": true, "released": true}, "right_": {"acquired": true, "held": true, "placed": true, "released": true}}
2026-10-07 19:48:28 - lehome.assets.object.Garment - INFO - [GarmentObject] Reset complete - pos: [0.0, -0.135, 0.425], ori: [0.0, 0.0, 0.0]
ROW 600405 bench_stop 183 123.7 {"left_": {"acquired": true, "held": true, "placed": true, "released": true}, "right_": {"acquired": true, "held": true, "placed": false, "released": true}}
2026-10-07 19:50:32 - lehome.assets.object.Garment - INFO - [GarmentObject] Reset complete - pos: [0.0, -0.135, 0.425], ori: [0.0, 0.0, 0.0]
ROW 600406 success 165 128.1 {"left_": {"acquired": true, "held": true, "placed": true, "released": true}, "right_": {"acquired": true, "held": true, "placed": true, "released": true}}
2026-10-07 19:52:40 - lehome.assets.object.Garment - INFO - [GarmentObject] Reset complete - pos: [0.0, -0.135, 0.425], ori: [0.0, 0.0, 0.0]
ROW 600407 bench_stop 184 122.4 {"left_": {"acquired": true, "held": true, "placed": false, "released": true}, "right_": {"acquired": true, "held": true, "placed": true, "released": true}}
2026-10-07 19:54:42 - lehome.assets.object.Garment - INFO - [GarmentObject] Reset complete - pos: [0.0, -0.135, 0.425], ori: [0.0, 0.0, 0.0]
ROW 600408 success 174 119.7 {"left_": {"acquired": true, "held": true, "placed": true, "released": true}, "right_": {"acquired": true, "held": true, "placed": true, "released": true}}
2026-10-07 19:56:42 - lehome.assets.object.Garment - INFO - [GarmentObject] Reset complete - pos: [0.0, -0.135, 0.425], ori: [0.0, 0.0, 0.0]
ROW 600409 success 173 104.1 {"left_": {"acquired": true, "held": true, "placed": true, "released": true}, "right_": {"acquired": true, "held": true, "placed": true, "released": true}}
2026-10-07 19:58:26 - lehome.assets.object.Garment - INFO - [GarmentObject] Reset complete - pos: [0.0, -0.135, 0.425], ori: [0.0, 0.0, 0.0]
ROW 600410 success 164 117.9 {"left_": {"acquired": true, "held": true, "placed": true, "released": true}, "right_": {"acquired": true, "held": true, "placed": true, "released": true}}
2026-10-07 20:00:24 - lehome.assets.object.Garment - INFO - [GarmentObject] Reset complete - pos: [0.0, -0.135, 0.425], ori: [0.0, 0.0, 0.0]
ROW 600411 bench_stop 185 124.5 {"left_": {"acquired": true, "held": true, "placed": true, "released": true}, "right_": {"acquired": true, "held": true, "placed": false, "released": true}}
2026-10-07 20:02:28 - lehome.assets.object.Garment - INFO - [GarmentObject] Reset complete - pos: [0.0, -0.135, 0.425], ori: [0.0, 0.0, 0.0]
ROW 600412 success 157 102.8 {"left_": {"acquired": false, "held": false, "placed": true, "released": false}, "right_": {"acquired": true, "held": true, "placed": true, "released": true}}
2026-10-07 20:04:11 - lehome.assets.object.Garment - INFO - [GarmentObject] Reset complete - pos: [0.0, -0.135, 0.425], ori: [0.0, 0.0, 0.0]
ROW 600413 success 153 96.0 {"left_": {"acquired": true, "held": true, "placed": true, "released": true}, "right_": {"acquired": true, "held": true, "placed": true, "released": true}}
2026-10-07 20:05:47 - lehome.assets.object.Garment - INFO - [GarmentObject] Reset complete - pos: [0.0, -0.135, 0.425], ori: [0.0, 0.0, 0.0]
ROW 600414 success 153 98.0 {"left_": {"acquired": true, "held": true, "placed": true, "released": true}, "right_": {"acquired": true, "held": true, "placed": true, "released": true}}
2026-10-07 20:07:25 - lehome.assets.object.Garment - INFO - [GarmentObject] Reset complete - pos: [0.0, -0.135, 0.425], ori: [0.0, 0.0, 0.0]
ROW 600415 cloth_dragged 72 63.9 {"left_": {"acquired": true, "held": false, "placed": false, "released": false}, "right_": {"acquired": true, "held": false, "placed": false, "released": false}}
2026-10-07 20:08:29 - lehome.assets.object.Garment - INFO - [GarmentObject] Reset complete - pos: [0.0, -0.135, 0.425], ori: [0.0, 0.0, 0.0]
ROW 600416 bench_stop 190 141.5 {"left_": {"acquired": true, "held": true, "placed": true, "released": true}, "right_": {"acquired": true, "held": true, "placed": false, "released": true}}
2026-10-07 20:10:51 - lehome.assets.object.Garment - INFO - [GarmentObject] Reset complete - pos: [0.0, -0.135, 0.425], ori: [0.0, 0.0, 0.0]
ROW 600417 bench_stop 180 129.1 {"left_": {"acquired": true, "held": true, "placed": false, "released": true}, "right_": {"acquired": true, "held": true, "placed": false, "released": true}}
2026-10-07 20:13:00 - lehome.assets.object.Garment - INFO - [GarmentObject] Reset complete - pos: [0.0, -0.135, 0.425], ori: [0.0, 0.0, 0.0]
ROW 600418 success 168 118.0 {"left_": {"acquired": true, "held": true, "placed": true, "released": true}, "right_": {"acquired": true, "held": true, "placed": true, "released": true}}
2026-10-07 20:14:58 - lehome.assets.object.Garment - INFO - [GarmentObject] Reset complete - pos: [0.0, -0.135, 0.425], ori: [0.0, 0.0, 0.0]
ROW 600419 success 155 119.5 {"left_": {"acquired": true, "held": true, "placed": true, "released": true}, "right_": {"acquired": true, "held": true, "placed": true, "released": true}}
2026-10-07 20:16:57 - lehome.assets.object.Garment - INFO - [GarmentObject] Reset complete - pos: [0.0, -0.135, 0.425], ori: [0.0, 0.0, 0.0]
ROW 600420 success 155 109.8 {"left_": {"acquired": true, "held": true, "placed": true, "released": true}, "right_": {"acquired": true, "held": true, "placed": true, "released": true}}
2026-10-07 20:18:47 - lehome.assets.object.Garment - INFO - [GarmentObject] Reset complete - pos: [0.0, -0.135, 0.425], ori: [0.0, 0.0, 0.0]
ROW 600421 success 155 97.6 {"left_": {"acquired": true, "held": true, "placed": true, "released": true}, "right_": {"acquired": true, "held": true, "placed": true, "released": true}}
2026-10-07 20:20:25 - lehome.assets.object.Garment - INFO - [GarmentObject] Reset complete - pos: [0.0, -0.135, 0.425], ori: [0.0, 0.0, 0.0]
ROW 600422 bench_stop 185 109.3 {"left_": {"acquired": true, "held": true, "placed": false, "released": true}, "right_": {"acquired": true, "held": true, "placed": true, "released": true}}
2026-10-07 20:22:14 - lehome.assets.object.Garment - INFO - [GarmentObject] Reset complete - pos: [0.0, -0.135, 0.425], ori: [0.0, 0.0, 0.0]
ROW 600423 bench_stop 175 108.1 {"left_": {"acquired": true, "held": true, "placed": true, "released": true}, "right_": {"acquired": true, "held": true, "placed": false, "released": true}}
2026-10-07 20:24:02 - lehome.assets.object.Garment - INFO - [GarmentObject] Reset complete - pos: [0.0, -0.135, 0.425], ori: [0.0, 0.0, 0.0]
ROW 600424 success 157 94.5 {"left_": {"acquired": true, "held": true, "placed": true, "released": true}, "right_": {"acquired": true, "held": true, "placed": true, "released": true}}
2026-10-07 20:25:37 - lehome.assets.object.Garment - INFO - [GarmentObject] Reset complete - pos: [0.0, -0.135, 0.425], ori: [0.0, 0.0, 0.0]
