== 2026-10-07T14:36:00 "C:\Users\ethan\Documents\Projects\watai\WorldFold\.venv-isaac\Scripts\python.exe" -u "C:\Users\ethan\Documents\Projects\watai\WorldFold\isaac\grasp_bench.py" --seeds 600020:600040 --out "C:\Users\ethan\Documents\Projects\watai\WorldFold\outputs\isaac\grasp\f0_lehome_closed005" --profile lehome --knobs gripper_closed=0.05
[INFO][AppLauncher]: Using device: cpu
[INFO][AppLauncher]: Loading experience file: C:\Users\ethan\Documents\Projects\watai\WorldFold\.venv-isaac\src\IsaacLab\apps\isaaclab.python.kit
Loading user config located at: 'C:/Users/ethan/Documents/Projects/watai/WorldFold/.venv-isaac/kit/data/Kit/Isaac-Sim/5.1/user.config.json'
[Info] [carb] Logging to file: C:/Users/ethan/Documents/Projects/watai/WorldFold/.venv-isaac/kit/logs/Kit/Isaac-Sim/5.1/kit_20261007_143601.log
2026-10-07T18:36:01Z [12ms] [Warning] [carb.crashreporter-breakpad.plugin] [previous crash] preventing upload of minidump due to user opt-out: 'C:/Users/ethan/Documents/Projects/watai/WorldFold/.venv-isaac/kit/data/Kit/Isaac-Sim/5.1\c028bb7c-c523-4d6e-8b2b-2af63f808ac2.dmp'
2026-10-07T18:36:01Z [13ms] [Warning] [carb.crashreporter-breakpad.plugin] [previous crash] preventing upload of minidump due to user opt-out: 'C:/Users/ethan/Documents/Projects/watai/WorldFold/.venv-isaac/kit/data/Kit/Isaac-Sim/5.1\581073d2-5aa0-4aac-8bfa-8d8e8aec0915.dmp'
[0.272s] [ext: omni.kit.async_engine-0.0.3] startup
[0.578s] [ext: omni.metrics.core-0.0.3] startup
[0.580s] [ext: omni.client.lib-1.1.0] startup
[0.610s] [ext: omni.blobkey-1.1.2] startup
[0.611s] [ext: omni.stats-1.0.1] startup
[0.615s] [ext: omni.datastore-0.0.0] startup
[0.619s] [ext: omni.client-1.3.0] startup
[0.633s] [ext: omni.ujitso.default-1.0.0] startup
[0.639s] [ext: omni.hsscclient-1.1.2] startup
[0.652s] [ext: omni.gpu_foundation.shadercache.d3d12-1.0.0] startup
[0.659s] [ext: omni.assets.plugins-0.0.0] startup
[0.666s] [ext: omni.gpu_foundation-0.0.0] startup
[0.705s] [ext: carb.windowing.plugins-1.0.0] startup
[0.827s] [ext: omni.kit.renderer.init-0.0.0] startup
[0.830s] [ext: omni.materialx.libs-1.0.7] startup
[0.848s] [ext: omni.kit.pipapi-0.0.0] startup
[0.852s] [ext: omni.usd.config-1.0.6] startup
[0.887s] [ext: omni.gpucompute.plugins-0.0.0] startup
[0.891s] [ext: omni.usd.libs-1.0.1] startup
[1.014s] [ext: omni.kit.telemetry-0.5.2] startup
[1.034s] [ext: omni.mdl-56.0.3] startup
[1.174s] [ext: omni.iray.libs-0.0.0] startup
[1.208s] [ext: omni.mdl.neuraylib-0.2.12] startup
[1.217s] [ext: omni.kit.usd.mdl-1.1.5] startup
2026-10-07T18:36:03Z [1,186ms] [Warning] [gpu.foundation.plugin] Skipping unsupported non-NVIDIA GPU: Intel(R) Arc(TM) 140T GPU (32GB)
2026-10-07T18:36:03Z [1,188ms] [Warning] [gpu.foundation.plugin] Skipping unsupported non-NVIDIA GPU: Intel(R) Arc(TM) 140T GPU (32GB)
[1.366s] [ext: omni.kit.pip_archive-0.0.0] startup
[1.367s] [ext: omni.kit.loop-isaac-1.3.7] startup
[1.370s] [ext: omni.kit.test-2.0.1] startup
[1.552s] [ext: omni.appwindow-1.1.10] startup
[1.559s] [ext: omni.kit.renderer.core-1.1.0] startup
[1.575s] [ext: omni.kit.renderer.capture-0.0.0] startup
[1.584s] [ext: omni.kit.renderer.imgui-2.0.5] startup
[1.606s] [ext: omni.ui-2.27.1] startup
[1.626s] [ext: omni.kit.mainwindow-1.0.3] startup
[1.629s] [ext: carb.audio-0.1.0] startup
[1.631s] [ext: omni.uiaudio-1.0.0] startup
[1.636s] [ext: omni.kit.uiapp-0.0.0] startup
[1.636s] [ext: omni.usd.schema.metrics.assembler-107.3.1] startup
[1.647s] [ext: omni.usd.schema.geospatial-0.0.0] startup
[1.658s] [ext: omni.usd.schema.anim-0.0.0] startup
[1.698s] [ext: omni.usd.schema.physx-107.3.26] startup
[1.736s] [ext: omni.usd.schema.omnigraph-1.0.0] startup
[1.754s] [ext: omni.usd.schema.semantics-0.0.0] startup
[1.765s] [ext: omni.usd.schema.audio-0.0.0] startup
[1.777s] [ext: isaacsim.robot.schema-3.6.0] startup
[1.800s] [ext: omni.usd_resolver-1.0.0] startup
[1.813s] [ext: omni.usd.core-1.5.3] startup
[1.815s] [ext: omni.usd.schema.omni_lens_distortion-0.0.0] startup
[1.877s] [ext: omni.usd.schema.omni_sensors-0.0.0] startup
[1.879s] [ext: omni.usd.schema.omniscripting-1.0.0] startup
[1.894s] [ext: omni.kit.window.popup_dialog-2.0.24] startup
[1.906s] [ext: omni.graph.exec-0.9.6] startup
[1.909s] [ext: omni.kit.widget.nucleus_connector-2.0.1] startup
[1.918s] [ext: omni.kit.usd_undo-0.1.8] startup
[1.921s] [ext: omni.kit.exec.core-0.13.4] startup
[1.927s] [ext: omni.kit.actions.core-1.0.0] startup
[1.937s] [ext: omni.resourcemonitor-107.0.1] startup
[1.945s] [ext: omni.activity.core-1.0.3] startup
[1.950s] [ext: omni.timeline-1.0.14] startup
[1.955s] [ext: omni.kit.commands-1.4.10] startup

|---------------------------------------------------------------------------------------------|
| Driver Version: 616.56        | Graphics API: D3D12
|=============================================================================================|
| GPU | Name                             | Active | LDA | GPU Memory | Vendor-ID | LUID       |
|     |                                  |        |     |            | Device-ID | UUID       |
|     |                                  |        |     |            | Bus-ID    |            |
|---------------------------------------------------------------------------------------------|
| 0   | NVIDIA GeForce RTX 5080 Laptop.. | Yes: 0 |     | 16003   MB | 10de      | 35350100.. |
|     |                                  |        |     |            | 2c59      | 0          |
|     |                                  |        |     |            | 1         |            |
|---------------------------------------------------------------------------------------------|
| 1   | Intel(R) Arc(TM) 140T GPU (32GB) |        |     | 128     MB | 8086      | c94f0100.. |
|     |                                  |        |     |            | 7d51      | 0          |
|     |                                  |        |     |            | N/A       |            |
|=============================================================================================|
| OS: Windows 11 Pro, Version: 10.0 (25H2), Build: 26200, Kernel: 10.0.26100.9457
| Processor: Intel(R) Core(TM) Ultra 9 285H
| Cores: 16 | Logical Cores: 16
|---------------------------------------------------------------------------------------------|
| Total Memory (MB): 64957 | Free Memory: 32173
| Total Page/Swap (MB): 73661 | Free Page/Swap: 22063
|---------------------------------------------------------------------------------------------|
[1.969s] [ext: usdrt.scenegraph-7.6.1] startup
2026-10-07T18:36:03Z [1,823ms] [Warning] [gpu.foundation.plugin] PCIe link width current (8) and maximum (16) for device 0 don't match.
[2.044s] [ext: omni.kit.audiodeviceenum-1.0.2] startup
[2.050s] [ext: omni.hydra.usdrt_delegate-7.5.1] startup
[2.070s] [ext: omni.hydra.scene_delegate-0.3.4] startup
[2.078s] [ext: omni.usd-1.13.10] startup
[2.155s] [ext: omni.kit.asset_converter-5.0.17] startup
[2.178s] [ext: omni.usd.schema.render_settings.rtx-0.0.0] startup
[2.181s] [ext: omni.index.libs-380600.8087.0] startup
[2.181s] [ext: omni.volume-0.5.2] startup
[2.193s] [ext: omni.ujitso.client-0.0.0] startup
[2.197s] [ext: omni.index-1.0.1] startup
[2.200s] [ext: omni.hydra.rtx.shadercache.d3d12-1.0.0] startup
[2.205s] [ext: omni.hydra.rtx-1.0.0] startup
[2.300s] [ext: omni.kit.viewport.legacy_gizmos-1.0.19] startup
[2.306s] [ext: omni.kit.raycast.query-1.1.0] startup
[2.317s] [ext: omni.kit.widget.path_field-2.0.11] startup
[2.322s] [ext: omni.kit.clipboard-1.0.5] startup
[2.327s] [ext: omni.kit.widget.options_menu-1.1.6] startup
[2.342s] [ext: omni.kit.helper.file_utils-0.1.9] startup
[2.349s] [ext: omni.kit.widget.browser_bar-2.0.10] startup
[2.353s] [ext: omni.kit.notification_manager-1.0.10] startup
[2.360s] [ext: omni.kit.menu.core-1.1.2] startup
[2.364s] [ext: omni.kit.widget.options_button-1.0.3] startup
[2.366s] [ext: omni.kit.widget.filebrowser-2.12.3] startup
[2.401s] [ext: omni.kit.viewport.registry-104.0.6] startup
[2.404s] [ext: omni.kit.menu.utils-2.0.5] startup
[2.449s] [ext: omni.kit.widget.context_menu-1.2.5] startup
[2.457s] [ext: omni.kit.usd.layers-2.2.11] startup
[2.502s] [ext: omni.ui.scene-1.11.5] startup
[2.511s] [ext: omni.kit.context_menu-1.8.6] startup
[2.524s] [ext: omni.kit.window.filepicker-2.13.4] startup
[2.632s] [ext: omni.kit.widget.searchable_combobox-1.0.6] startup
[2.636s] [ext: omni.kit.viewport.scene_camera_model-1.0.6] startup
[2.643s] [ext: omni.kit.hydra_texture-1.4.6] startup
[2.651s] [ext: omni.kit.window.file_importer-1.1.18] startup
[2.662s] [ext: omni.kit.widget.settings-1.2.6] startup
[2.678s] [ext: omni.kit.window.drop_support-1.0.5] startup
[2.680s] [ext: omni.kit.widget.viewport-107.1.3] startup
[2.713s] [ext: omni.kit.material.library-2.0.7] startup
[2.751s] [ext: omni.hydra.engine.stats-1.0.3] startup
[2.756s] [ext: omni.kit.window.preferences-1.8.0] startup
[2.798s] [ext: omni.kit.viewport.window-107.2.0] startup
[3.077s] [ext: omni.kit.manipulator.transform-107.0.0] startup
[3.105s] [ext: omni.kvdb-107.3.26] startup
[3.120s] [ext: omni.kit.widget.toolbar-2.0.1] startup
[3.157s] [ext: omni.kit.viewport.utility-1.1.2] startup
[3.163s] [ext: omni.usdphysics-107.3.26] startup
[3.171s] [ext: omni.physx.foundation-107.3.26] startup
[3.203s] [ext: omni.localcache-107.3.26] startup
[3.217s] [ext: omni.convexdecomposition-107.3.26] startup
[3.234s] [ext: omni.kit.manipulator.tool.snap-1.5.13] startup
[3.257s] [ext: omni.kit.manipulator.selector-1.1.3] startup
[3.262s] [ext: omni.physx.cooking-107.3.26] startup
[3.274s] [ext: omni.kit.viewport.manipulator.transform-107.0.4] startup
[3.285s] [ext: omni.physx-107.3.26] startup
[3.328s] [ext: omni.kit.manipulator.viewport-107.0.1] startup
[3.333s] [ext: omni.kit.primitive.mesh-1.0.17] startup
[3.350s] [ext: omni.kit.manipulator.prim.core-107.0.8] startup
[3.380s] [ext: omni.fabric.commands-1.1.6] startup
[3.399s] [ext: omni.kit.manipulator.prim.usd-107.0.3] startup
[3.404s] [ext: omni.kit.manipulator.prim.fabric-107.0.4] startup
[3.411s] [ext: omni.debugdraw-0.1.4] startup
[3.419s] [ext: omni.physx.commands-107.3.26] startup
[3.451s] [ext: omni.kit.manipulator.selection-106.0.1] startup
[3.456s] [ext: omni.kit.manipulator.prim-107.0.0] startup
[3.456s] [ext: omni.physics.tensors-107.3.26] startup
[3.477s] [ext: omni.kit.property.adapter.core-1.0.2] startup
[3.485s] [ext: omni.kit.widget.highlight_label-1.0.3] startup
[3.488s] [ext: omni.kit.widget.searchfield-1.1.8] startup
[3.495s] [ext: omni.kit.property.adapter.fabric-1.0.3] startup
[3.501s] [ext: omni.kit.widget.filter-1.1.4] startup
[3.503s] [ext: omni.kit.widget.prompt-1.0.7] startup
[3.508s] [ext: omni.kit.window.property-1.12.1] startup
[3.521s] [ext: omni.kit.property.adapter.usd-1.0.2] startup
[3.525s] [ext: omni.kit.hotkeys.core-1.3.10] startup
[3.529s] [ext: omni.kit.window.file_exporter-1.0.33] startup
[3.533s] [ext: omni.kit.stage_template.core-1.1.22] startup
[3.537s] [ext: omni.kit.viewport.menubar.core-107.2.1] startup
[3.598s] [ext: omni.kit.viewport.actions-107.0.2] startup
[3.610s] [ext: omni.kit.window.file-2.0.5] startup
[3.628s] [ext: omni.kit.window.content_browser_registry-0.0.6] startup
[3.631s] [ext: omni.kit.viewport.menubar.display-107.0.3] startup
[3.637s] [ext: omni.kit.window.content_browser-3.1.3] startup
[3.672s] [ext: omni.kit.widget.stage-3.1.4] startup
[3.738s] [ext: omni.inspect-1.0.2] startup
[3.744s] [ext: omni.kit.widget.layers-1.8.6] startup
[3.799s] [ext: omni.kit.property.usd-4.5.12] startup
[3.883s] [ext: omni.kit.numpy.common-0.1.3] startup
[3.890s] [ext: omni.physics-107.3.26] startup
[3.902s] [ext: omni.graph.core-2.184.5] startup
[3.909s] [ext: omni.usdphysics.ui-107.3.26] startup
[3.991s] [ext: omni.physics.stageupdate-107.3.26] startup
[4.005s] [ext: isaacsim.core.deprecation_manager-0.2.7] startup
[4.008s] [ext: omni.physx.ui-107.3.26] startup
[4.128s] [ext: isaacsim.core.version-2.0.6] startup
[4.130s] [ext: omni.usd.metrics.assembler-107.3.1] startup
[4.148s] [ext: omni.warp.core-1.8.2] startup
[4.586s] [ext: omni.ui_query-1.1.8] startup
[4.591s] [ext: omni.physics.physx-107.3.26] startup
2026-10-07T18:36:06Z [4,419ms] [Warning] [carb] Acquiring non optional plugin interface which is not listed as dependency: [omni::physx::IPhysxBenchmarks v1.0] (plugin: <default plugin>), by client: omni.physics.physx.plugin. Add it to CARB_PLUGIN_IMPL_DEPS() macro of a client.
[4.596s] [ext: isaacsim.storage.native-1.5.1] startup
[4.606s] [ext: omni.usd.metrics.assembler.physics-107.3.26] startup
[4.619s] [ext: omni.isaac.dynamic_control-2.0.7] startup
2026-10-07T18:36:06Z [4,457ms] [Warning] [omni.isaac.dynamic_control] omni.isaac.dynamic_control is deprecated as of Isaac Sim 4.5. No action is needed from end-users.
[4.635s] [ext: omni.graph.tools-1.79.2] startup
[4.804s] [ext: omni.physx.tensors-107.3.26] startup
[4.811s] [ext: isaacsim.core.utils-3.5.1] startup
[4.819s] [ext: omni.graph-1.141.2] startup
[4.993s] [ext: isaacsim.core.simulation_manager-1.4.4] startup
[10.130s] [ext: omni.graph.action_core-1.1.7] startup
[10.138s] [ext: omni.kit.stage_templates-2.0.0] startup
[10.147s] [ext: isaacsim.core.prims-0.6.1] startup
[10.252s] [ext: omni.graph.action_nodes-1.50.4] startup
[10.262s] [ext: isaacsim.core.api-4.8.0] startup
[10.350s] [ext: omni.graph.action-1.130.0] startup
[10.355s] [ext: omni.kit.widget.stage_icons-1.0.8] startup
[10.360s] [ext: omni.kit.selection-0.1.6] startup
[10.365s] [ext: omni.kit.window.stage-2.6.1] startup
[10.380s] [ext: omni.kit.menu.create-2.0.1] startup
[10.391s] [ext: omni.kit.widget.text_editor-1.1.1] startup
[10.397s] [ext: omni.kit.ui_test-1.3.7] startup
[10.405s] [ext: omni.kit.scripting-107.3.2] startup
[10.432s] [ext: omni.kit.window.extensions-1.4.27] startup
[10.501s] [ext: omni.graph.visualization.nodes-2.1.3] startup
[10.570s] [ext: isaacsim.replicator.behavior-1.1.16] startup
[10.573s] [ext: isaacsim.gui.components-1.2.1] startup
[10.605s] [ext: isaacsim.gui.menu-2.4.4] startup
[10.662s] [ext: isaacsim.core.cloner-1.4.10] startup
[10.679s] [ext: semantics.schema.editor-2.0.2] startup
2026-10-07T18:36:12Z [10,523ms] [Warning] [pxr.Semantics] pxr.Semantics is deprecated - please use Semantics instead
[10.702s] [ext: omni.kit.widget.zoombar-1.0.6] startup
[10.709s] [ext: omni.kit.usd.collect-2.4.5] startup
[10.728s] [ext: omni.kit.browser.core-2.3.13] startup
[10.753s] [ext: omni.kit.menu.stage-1.2.7] startup
[10.759s] [ext: omni.kit.tool.collect-2.2.18] startup
[10.773s] [ext: omni.kit.browser.folder.core-1.10.9] startup
[10.812s] [ext: isaacsim.core.experimental.utils-0.3.0] startup
[10.819s] [ext: isaacsim.asset.browser-1.3.23] startup
[11.494s] [ext: omni.kit.widget.graph-2.0.0] startup
[11.542s] [ext: omni.graph.image.core-0.6.1] startup
[11.547s] [ext: omni.kit.graph.delegate.default-1.2.3] startup
[11.550s] [ext: omni.graph.image.nodes-1.3.1] startup
[11.554s] [ext: omni.kit.graph.editor.core-1.5.3] startup
[11.568s] [ext: omni.graph.nodes-1.170.10] startup
[11.595s] [ext: omni.graph.ui_nodes-1.50.5] startup
[11.606s] [ext: omni.kit.graph.usd.commands-1.3.1] startup
[11.613s] [ext: omni.kit.widget.material_preview-1.0.16] startup
[11.623s] [ext: omni.videoencoding-0.1.2] startup
[11.634s] [ext: omni.kit.stagerecorder.core-107.0.3] startup
[11.647s] [ext: omni.warp-1.8.2] startup
[11.667s] [ext: omni.syntheticdata-0.6.13] startup
[11.771s] [ext: omni.kit.window.material_graph-1.9.1] startup
[11.896s] [ext: omni.graph.scriptnode-1.50.0] startup
[11.911s] [ext: omni.kit.stagerecorder.ui-107.0.1] startup
[11.971s] [ext: omni.replicator.core-1.12.27] startup
2026-10-07T18:36:14Z [12,240ms] [Warning] [omni.graph.core.plugin] Found duplicate of category 'Replicator' - was 'Annotators', adding 'Fabric Reader'
2026-10-07T18:36:14Z [12,240ms] [Warning] [omni.graph.core.plugin] Category 'Replicator' not accepted on node type 'omni.replicator.core.FabricReader' in extension 'omni.replicator.core'
2026-10-07T18:36:14Z [12,242ms] [Warning] [omni.replicator.core.scripts.extension] No material configuration file, adding configuration to material settings directly.
[12.423s] [ext: omni.kit.stagerecorder.bundle-105.0.2] startup
[12.426s] [ext: isaacsim.core.nodes-3.4.3] startup
[12.457s] [ext: isaacsim.test.docstring-1.1.0] startup
[12.479s] [ext: isaacsim.sensors.camera-1.3.6] startup
[12.539s] [ext: isaacsim.core.experimental.prims-0.8.1] startup
[12.652s] [ext: omni.kit.usdz_export-1.0.9] startup
[12.664s] [ext: isaacsim.robot.surface_gripper-3.3.1] startup
[12.688s] [ext: isaacsim.sensors.physics-0.4.3] startup
[12.742s] [ext: omni.kit.tool.asset_importer-4.3.2] startup
[12.825s] [ext: isaacsim.robot.manipulators-3.3.6] startup
[12.840s] [ext: isaacsim.robot.policy.examples-4.1.11] startup
[12.862s] [ext: omni.sensors.nv.common-3.0.0] startup
[12.922s] [ext: isaacsim.asset.importer.mjcf-2.5.13] startup
[13.617s] [ext: isaacsim.util.debug_draw-3.1.0] startup
[13.643s] [ext: omni.sensors.nv.materials-2.0.0] startup
[13.678s] [ext: omni.sensors.net-1.0.0] startup
[13.719s] [ext: isaacsim.sensors.physx-2.3.2] startup
[13.752s] [ext: isaacsim.examples.browser-0.2.1] startup
[13.783s] [ext: isaacsim.asset.importer.urdf-2.4.31] startup
[13.952s] [ext: isaacsim.simulation_app-2.12.2] startup
[13.958s] [ext: omni.sensors.nv.ids-2.0.0] startup
[14.002s] [ext: omni.sensors.nv.lidar-3.0.0] startup
[14.022s] [ext: omni.kit.property.audio-1.0.16] startup
[14.034s] [ext: omni.kit.property.camera-1.0.10] startup
[14.040s] [ext: omni.kit.property.geometry-2.0.4] startup
[14.061s] [ext: omni.hydra.scene_api-0.1.2] startup
[14.074s] [ext: omni.sensors.nv.wpm-3.0.0] startup
[14.090s] [ext: omni.kit.property.light-1.0.12] startup
[14.123s] [ext: omni.kit.property.material-1.11.9] startup
[14.203s] [ext: omni.kit.property.render-1.2.1] startup
[14.211s] [ext: omni.kit.property.transform-1.5.13] startup
[14.246s] [ext: omni.sensors.nv.radar-3.0.0] startup
[14.273s] [ext: omni.anim.curve.core-1.3.1] startup
[14.357s] [ext: omni.kit.manipulator.camera-106.0.4] startup
[14.404s] [ext: isaacsim.gui.property-1.1.3] startup
[14.434s] [ext: omni.kit.property.bundle-1.4.1] startup
[14.441s] [ext: isaacsim.sensors.rtx-15.8.4] startup
[14.470s] [ext: omni.kit.viewport.menubar.camera-107.0.6] startup
[14.510s] [ext: omni.kit.viewport.menubar.lighting-107.3.1] startup
[14.527s] [ext: omni.kit.viewport.menubar.render-107.0.10] startup
[14.546s] [ext: omni.kit.viewport.menubar.settings-107.0.3] startup
[14.573s] [ext: omni.kit.window.script_editor-2.0.1] startup
[14.591s] [ext: omni.kit.window.console-1.1.4] startup
[14.614s] [ext: isaacsim.robot.wheeled_robots-4.0.24] startup
[14.658s] [ext: omni.physx.demos-107.3.26] startup
[14.843s] [ext: omni.kit.property.physx-107.3.26] startup
[14.933s] [ext: omni.rtx.window.settings-0.6.19] startup
[14.976s] [ext: omni.ocio-0.1.1] startup
[14.987s] [ext: omni.asset_validator.core-1.1.6] startup
[15.166s] [ext: omni.physx.vehicle-107.3.26] startup
[15.259s] [ext: omni.replicator.replicator_yaml-2.0.11] startup
[15.341s] [ext: omni.rtx.settings.core-0.6.5] startup
[15.382s] [ext: omni.kit.window.toolbar-2.0.0] startup
[15.396s] [ext: omni.kit.window.status_bar-0.1.9] startup
[15.413s] [ext: omni.physx.asset_validator-107.3.26] startup
[15.458s] [ext: omni.physx.camera-107.3.26] startup
[15.487s] [ext: omni.physx.cct-107.3.26] startup
[15.524s] [ext: omni.physx.graph-107.3.26] startup
[15.564s] [ext: omni.physx.supportui-107.3.26] startup
[15.644s] [ext: omni.physx.telemetry-107.3.26] startup
[15.652s] [ext: omni.usd.metrics.assembler.ui-107.3.1] startup
[15.685s] [ext: isaacsim.app.about-2.0.11] startup
[15.691s] [ext: isaacsim.core.throttling-2.2.2] startup
[15.700s] [ext: omni.kit.ui.actions-1.0.5] startup
[15.708s] [ext: semantics.schema.property-2.0.1] startup
[15.722s] [ext: omni.physx.bundle-107.3.26] startup
[15.722s] [ext: isaaclab-0.53.1] startup
[17.117s] [ext: isaaclab_assets-0.2.4] startup
[17.805s] [ext: isaaclab_tasks-0.11.12] startup
[18.592s] [ext: omni.kit.menu.common-2.0.1] startup
[18.598s] [ext: isaaclab_rl-0.4.7] startup
[18.600s] [ext: isaaclab_mimic-1.0.16] startup
[18.602s] [ext: isaaclab.python-2.3.0] startup
[18.609s] Simulation App Starting
2026-10-07T18:36:20Z [18,691ms] [Warning] [omni.kvdb.plugin] Disabling key-value database because another kit process is locking it
2026-10-07T18:36:20Z [18,970ms] [Warning] [omni.fabric.plugin] Warning: attribute overrideClipRange not found for bucket id 9

[19.192s] app ready
[22.654s] Simulation App Startup Complete
2026-10-07T18:36:32Z [30,920ms] [Warning] [isaaclab.envs.direct_rl_env] Seed not set for the environment. The environment creation may not be deterministic.

[36m===================================================================================================================[0m
[36m[1m[INFO][IsaacLab]: Logging to file: C:\Users\ethan\AppData\Local\Temp\isaaclab\logs\isaaclab_2026-10-07_14-36-32.log[0m
[36m===================================================================================================================[0m

[33m14:36:35 [simulation_context.py] WARNING: The `enable_external_forces_every_iteration` parameter in the PhysxCfg is set to False. If you are experiencing noisy velocities, consider enabling this flag. You may need to slightly increase the number of velocity iterations (setting it to 1 or 2 rather than 0), together with this flag, to improve the accuracy of velocity updates.[0m
[INFO]: Base environment:
	Environment device    : cpu
	Environment seed      : None
	Physics step-size     : 0.01
	Rendering step-size   : 0.05
	Environment step-size : 0.05
2026-10-07T18:36:35Z [34,045ms] [Warning] [isaacsim.core.prims.impl.cloth_prim] Please note that support for particle cloth and related APIs is now deprecated. These features will be removed in future releases.
2026-10-07 14:36:35 - lehome.assets.object.Garment - WARNING - [GarmentObject] No visual materials specified
[INFO]: Time taken for scene creation : 0.842918 seconds
[INFO]: Scene manager:  <class InteractiveScene>
	Number of environments: 1
	Environment spacing   : 4.0
	Source prim name      : /World/envs/env_0
	Global prim paths     : []
	Replicate physics     : True
[INFO]: Starting the simulation. This may take a few seconds. Please wait...
2026-10-07T18:36:35Z [34,066ms] [Warning] [omni.physicsschema.plugin] Non-uniform scale may result in a non matching collision representation on prim: /World/Robot/Left_Robot/gripper/Capsule
2026-10-07T18:36:35Z [34,066ms] [Warning] [omni.physicsschema.plugin] Non-uniform scale may result in a non matching collision representation on prim: /World/Robot/Left_Robot/jaw/Capsule
2026-10-07T18:36:35Z [34,066ms] [Warning] [omni.physicsschema.plugin] Non-uniform scale may result in a non matching collision representation on prim: /World/Robot/Right_Robot/gripper/Capsule
2026-10-07T18:36:35Z [34,066ms] [Warning] [omni.physicsschema.plugin] Non-uniform scale may result in a non matching collision representation on prim: /World/Robot/Right_Robot/jaw/Capsule
2026-10-07T18:36:36Z [34,821ms] [Warning] [omni.physx.plugin] Detected an articulation at /World/Robot/Left_Robot with more than 4 velocity iterations being added to a TGS scene.The related behavior changed recently, please consult the changelog. This warning will only print once.
2026-10-07T18:36:36Z [34,980ms] [Warning] [omni.fabric.plugin] getAttributeCount called on non-existent path /World/Robot/Right_Robot/wrist/visuals/wrist_roll_pitch_so101_v2
2026-10-07T18:36:36Z [34,981ms] [Warning] [omni.fabric.plugin] getTypes called on non-existent path /World/Robot/Right_Robot/wrist/visuals/wrist_roll_pitch_so101_v2
[INFO]: Time taken for simulation start : 2.464973 seconds
[INFO]: Completed setting up the environment...
CONFIG {"profile": "lehome", "knobs": {"particle_friction": null, "pad_friction": null, "pad_thickness": null, "gripper_drive": null, "gripper_closed": 0.05, "jaw_open_rate": null}, "expert": {"PINCH_HEIGHT": 0.005, "PINCH_INSET": 0.005, "PLACE_HEIGHT": 0.011, "ARC_HEIGHT": 0.12, "CLOSE_DWELL": 8, "OPEN_DWELL": 6}, "overshoot": {"0left_": [-0.001, 0.052, 0.0], "0right_": [0.013, 0.05, 0.0]}, "code": "C:\\Users\\ethan\\Documents\\Projects\\watai\\WorldFold\\isaac\\grasp_bench.py"}
2026-10-07 14:36:38 - lehome.assets.object.Garment - WARNING - [GarmentObject] WARNING: soft_reset_pos_range has zero range (min == max for all dimensions). Reset position will always be the same: [0.0, -0.135, 0.425]
2026-10-07 14:36:38 - lehome.assets.object.Garment - WARNING - [GarmentObject] WARNING: soft_reset_rot_range has zero range (min == max for all dimensions). Reset rotation will always be the same: [0.0, 0.0, 0.0]
2026-10-07 14:36:38 - lehome.assets.object.Garment - INFO - [GarmentObject] Reset complete - pos: [0.0, -0.135, 0.425], ori: [0.0, 0.0, 0.0]
ROW 600020 bench_stop 225 91.6 {"left_": {"acquired": true, "held": true, "placed": true, "released": true}, "right_": {"acquired": true, "held": true, "placed": false, "released": true}}
2026-10-07 14:38:10 - lehome.assets.object.Garment - INFO - [GarmentObject] Reset complete - pos: [0.0, -0.135, 0.425], ori: [0.0, 0.0, 0.0]
ROW 600021 bench_stop 231 90.3 {"left_": {"acquired": true, "held": true, "placed": true, "released": true}, "right_": {"acquired": true, "held": true, "placed": false, "released": true}}
2026-10-07 14:39:40 - lehome.assets.object.Garment - INFO - [GarmentObject] Reset complete - pos: [0.0, -0.135, 0.425], ori: [0.0, 0.0, 0.0]
ROW 600022 success 187 82.8 {"left_": {"acquired": true, "held": true, "placed": true, "released": true}, "right_": {"acquired": true, "held": true, "placed": true, "released": true}}
2026-10-07 14:41:03 - lehome.assets.object.Garment - INFO - [GarmentObject] Reset complete - pos: [0.0, -0.135, 0.425], ori: [0.0, 0.0, 0.0]
ROW 600023 success 193 92.1 {"left_": {"acquired": true, "held": true, "placed": true, "released": true}, "right_": {"acquired": true, "held": true, "placed": true, "released": true}}
2026-10-07 14:42:35 - lehome.assets.object.Garment - INFO - [GarmentObject] Reset complete - pos: [0.0, -0.135, 0.425], ori: [0.0, 0.0, 0.0]
ROW 600024 success 202 94.1 {"left_": {"acquired": true, "held": true, "placed": true, "released": true}, "right_": {"acquired": true, "held": false, "placed": true, "released": false}}
2026-10-07 14:44:09 - lehome.assets.object.Garment - INFO - [GarmentObject] Reset complete - pos: [0.0, -0.135, 0.425], ori: [0.0, 0.0, 0.0]
ROW 600025 bench_stop 226 100.2 {"left_": {"acquired": true, "held": true, "placed": true, "released": true}, "right_": {"acquired": true, "held": false, "placed": false, "released": false}}
2026-10-07 14:45:49 - lehome.assets.object.Garment - INFO - [GarmentObject] Reset complete - pos: [0.0, -0.135, 0.425], ori: [0.0, 0.0, 0.0]
ROW 600026 success 215 96.1 {"left_": {"acquired": true, "held": true, "placed": true, "released": true}, "right_": {"acquired": true, "held": true, "placed": true, "released": true}}
2026-10-07 14:47:25 - lehome.assets.object.Garment - INFO - [GarmentObject] Reset complete - pos: [0.0, -0.135, 0.425], ori: [0.0, 0.0, 0.0]
ROW 600027 bench_stop 220 94.2 {"left_": {"acquired": true, "held": true, "placed": true, "released": true}, "right_": {"acquired": true, "held": true, "placed": false, "released": true}}
2026-10-07 14:49:00 - lehome.assets.object.Garment - INFO - [GarmentObject] Reset complete - pos: [0.0, -0.135, 0.425], ori: [0.0, 0.0, 0.0]
ROW 600028 success 190 85.5 {"left_": {"acquired": true, "held": true, "placed": true, "released": true}, "right_": {"acquired": true, "held": true, "placed": true, "released": true}}
2026-10-07 14:50:25 - lehome.assets.object.Garment - INFO - [GarmentObject] Reset complete - pos: [0.0, -0.135, 0.425], ori: [0.0, 0.0, 0.0]
ROW 600029 success 198 89.6 {"left_": {"acquired": true, "held": true, "placed": true, "released": true}, "right_": {"acquired": true, "held": true, "placed": true, "released": true}}
2026-10-07 14:51:55 - lehome.assets.object.Garment - INFO - [GarmentObject] Reset complete - pos: [0.0, -0.135, 0.425], ori: [0.0, 0.0, 0.0]
ROW 600030 success 201 92.3 {"left_": {"acquired": true, "held": true, "placed": true, "released": true}, "right_": {"acquired": true, "held": true, "placed": true, "released": true}}
2026-10-07 14:53:27 - lehome.assets.object.Garment - INFO - [GarmentObject] Reset complete - pos: [0.0, -0.135, 0.425], ori: [0.0, 0.0, 0.0]
ROW 600031 success 190 92.0 {"left_": {"acquired": true, "held": true, "placed": true, "released": true}, "right_": {"acquired": true, "held": true, "placed": true, "released": true}}
2026-10-07 14:54:59 - lehome.assets.object.Garment - INFO - [GarmentObject] Reset complete - pos: [0.0, -0.135, 0.425], ori: [0.0, 0.0, 0.0]
ROW 600032 success 207 93.9 {"left_": {"acquired": true, "held": true, "placed": true, "released": true}, "right_": {"acquired": true, "held": true, "placed": true, "released": true}}
2026-10-07 14:56:33 - lehome.assets.object.Garment - INFO - [GarmentObject] Reset complete - pos: [0.0, -0.135, 0.425], ori: [0.0, 0.0, 0.0]
ROW 600033 success 200 69.2 {"left_": {"acquired": true, "held": true, "placed": true, "released": true}, "right_": {"acquired": true, "held": true, "placed": true, "released": true}}
2026-10-07 14:57:42 - lehome.assets.object.Garment - INFO - [GarmentObject] Reset complete - pos: [0.0, -0.135, 0.425], ori: [0.0, 0.0, 0.0]
ROW 600034 success 213 74.1 {"left_": {"acquired": true, "held": true, "placed": true, "released": true}, "right_": {"acquired": true, "held": true, "placed": true, "released": true}}
2026-10-07 14:58:56 - lehome.assets.object.Garment - INFO - [GarmentObject] Reset complete - pos: [0.0, -0.135, 0.425], ori: [0.0, 0.0, 0.0]
ROW 600035 bench_stop 228 80.9 {"left_": {"acquired": true, "held": true, "placed": true, "released": true}, "right_": {"acquired": true, "held": true, "placed": true, "released": true}}
2026-10-07 15:00:17 - lehome.assets.object.Garment - INFO - [GarmentObject] Reset complete - pos: [0.0, -0.135, 0.425], ori: [0.0, 0.0, 0.0]
ROW 600036 success 199 69.6 {"left_": {"acquired": true, "held": true, "placed": true, "released": true}, "right_": {"acquired": true, "held": true, "placed": true, "released": true}}
2026-10-07 15:01:27 - lehome.assets.object.Garment - INFO - [GarmentObject] Reset complete - pos: [0.0, -0.135, 0.425], ori: [0.0, 0.0, 0.0]
ROW 600037 bench_stop 232 80.0 {"left_": {"acquired": true, "held": true, "placed": true, "released": true}, "right_": {"acquired": true, "held": true, "placed": false, "released": true}}
2026-10-07 15:02:47 - lehome.assets.object.Garment - INFO - [GarmentObject] Reset complete - pos: [0.0, -0.135, 0.425], ori: [0.0, 0.0, 0.0]
ROW 600038 success 210 74.7 {"left_": {"acquired": true, "held": true, "placed": true, "released": true}, "right_": {"acquired": true, "held": true, "placed": true, "released": true}}
2026-10-07 15:04:01 - lehome.assets.object.Garment - INFO - [GarmentObject] Reset complete - pos: [0.0, -0.135, 0.425], ori: [0.0, 0.0, 0.0]
ROW 600039 success 189 80.6 {"left_": {"acquired": true, "held": true, "placed": true, "released": true}, "right_": {"acquired": true, "held": true, "placed": true, "released": true}}
n = 20  reasons {'bench_stop': 6, 'success': 14}
  left_   acquired 20/20 [83.9, 100.0]  held 20/20 [83.9, 100.0]  placed 20/20 [83.9, 100.0]  released 20/20 [83.9, 100.0]  released_strict 8/20 [21.9, 61.3]  drift mean 0.0541 max 0.0931  first failure {}
  right_  acquired 20/20 [83.9, 100.0]  held 18/20 [69.9, 97.2]  placed 15/20 [53.1, 88.8]  released 18/20 [69.9, 97.2]  released_strict 6/20 [14.5, 51.9]  drift mean 0.045 max 0.1756  first failure {'placed': 4, 'held': 2}
== exit 0 2026-10-07T15:05:24
