== 2026-10-07T16:09:33 "C:\Users\ethan\Documents\Projects\watai\WorldFold\.venv-isaac\Scripts\python.exe" -u "C:\Users\ethan\Documents\Projects\watai\WorldFold\isaac\grasp_bench.py" --seeds 600040:600060 --out "C:\Users\ethan\Documents\Projects\watai\WorldFold\outputs\isaac\grasp\f2_h_base_j1" --profile friction
[INFO][AppLauncher]: Using device: cuda:0
[INFO][AppLauncher]: Loading experience file: C:\Users\ethan\Documents\Projects\watai\WorldFold\.venv-isaac\src\IsaacLab\apps\isaaclab.python.kit
Loading user config located at: 'C:/Users/ethan/Documents/Projects/watai/WorldFold/.venv-isaac/kit/data/Kit/Isaac-Sim/5.1/user.config.json'
[Info] [carb] Logging to file: C:/Users/ethan/Documents/Projects/watai/WorldFold/.venv-isaac/kit/logs/Kit/Isaac-Sim/5.1/kit_20261007_160934.log
2026-10-07T20:09:34Z [16ms] [Warning] [carb.crashreporter-breakpad.plugin] [previous crash] preventing upload of minidump due to user opt-out: 'C:/Users/ethan/Documents/Projects/watai/WorldFold/.venv-isaac/kit/data/Kit/Isaac-Sim/5.1\c028bb7c-c523-4d6e-8b2b-2af63f808ac2.dmp'
2026-10-07T20:09:34Z [17ms] [Warning] [carb.crashreporter-breakpad.plugin] [previous crash] preventing upload of minidump due to user opt-out: 'C:/Users/ethan/Documents/Projects/watai/WorldFold/.venv-isaac/kit/data/Kit/Isaac-Sim/5.1\581073d2-5aa0-4aac-8bfa-8d8e8aec0915.dmp'
[0.307s] [ext: omni.kit.async_engine-0.0.3] startup
[0.650s] [ext: omni.metrics.core-0.0.3] startup
[0.654s] [ext: omni.client.lib-1.1.0] startup
[0.696s] [ext: omni.blobkey-1.1.2] startup
[0.700s] [ext: omni.stats-1.0.1] startup
[0.706s] [ext: omni.datastore-0.0.0] startup
[0.712s] [ext: omni.client-1.3.0] startup
[0.732s] [ext: omni.ujitso.default-1.0.0] startup
[0.743s] [ext: omni.hsscclient-1.1.2] startup
[0.767s] [ext: omni.gpu_foundation.shadercache.d3d12-1.0.0] startup
[0.776s] [ext: omni.assets.plugins-0.0.0] startup
[0.784s] [ext: omni.gpu_foundation-0.0.0] startup
[0.838s] [ext: carb.windowing.plugins-1.0.0] startup
[1.064s] [ext: omni.kit.renderer.init-0.0.0] startup
[1.068s] [ext: omni.materialx.libs-1.0.7] startup
[1.095s] [ext: omni.kit.pipapi-0.0.0] startup
[1.099s] [ext: omni.usd.config-1.0.6] startup
[1.138s] [ext: omni.gpucompute.plugins-0.0.0] startup
[1.143s] [ext: omni.usd.libs-1.0.1] startup
[1.357s] [ext: omni.kit.telemetry-0.5.2] startup
[1.392s] [ext: omni.mdl-56.0.3] startup
[1.549s] [ext: omni.iray.libs-0.0.0] startup
[1.606s] [ext: omni.mdl.neuraylib-0.2.12] startup
[1.621s] [ext: omni.kit.usd.mdl-1.1.5] startup
2026-10-07T20:09:35Z [1,518ms] [Warning] [gpu.foundation.plugin] Skipping unsupported non-NVIDIA GPU: Intel(R) Arc(TM) 140T GPU (32GB)
2026-10-07T20:09:35Z [1,519ms] [Warning] [gpu.foundation.plugin] Skipping unsupported non-NVIDIA GPU: Intel(R) Arc(TM) 140T GPU (32GB)
[1.799s] [ext: omni.kit.pip_archive-0.0.0] startup
[1.800s] [ext: omni.kit.loop-isaac-1.3.7] startup
[1.805s] [ext: omni.kit.test-2.0.1] startup
[2.015s] [ext: omni.appwindow-1.1.10] startup
[2.024s] [ext: omni.kit.renderer.core-1.1.0] startup
[2.043s] [ext: omni.kit.renderer.capture-0.0.0] startup
[2.058s] [ext: omni.kit.renderer.imgui-2.0.5] startup
[2.098s] [ext: omni.ui-2.27.1] startup
[2.136s] [ext: omni.kit.mainwindow-1.0.3] startup
[2.141s] [ext: carb.audio-0.1.0] startup
[2.147s] [ext: omni.uiaudio-1.0.0] startup
[2.154s] [ext: omni.kit.uiapp-0.0.0] startup
[2.154s] [ext: omni.usd.schema.metrics.assembler-107.3.1] startup
[2.176s] [ext: omni.usd.schema.geospatial-0.0.0] startup
[2.196s] [ext: omni.usd.schema.anim-0.0.0] startup

|---------------------------------------------------------------------------------------------|
| Driver Version: 616.56        | Graphics API: D3D12
|=============================================================================================|
| GPU | Name                             | Active | LDA | GPU Memory | Vendor-ID | LUID       |
|     |                                  |        |     |            | Device-ID | UUID       |
|     |                                  |        |     |            | Bus-ID    |            |
|---------------------------------------------------------------------------------------------|
| 0   | NVIDIA GeForce RTX 5080 Laptop.. | Yes: 0 |     | 16003   MB | 10de      | 35350100.. |
|     |                                  |        |     |            | 2c59      | 0          |
|     |                                  |        |     |            | 1         |            |
|---------------------------------------------------------------------------------------------|
| 1   | Intel(R) Arc(TM) 140T GPU (32GB) |        |     | 128     MB | 8086      | c94f0100.. |
|     |                                  |        |     |            | 7d51      | 0          |
|     |                                  |        |     |            | N/A       |            |
|=============================================================================================|
| OS: Windows 11 Pro, Version: 10.0 (25H2), Build: 26200, Kernel: 10.0.26100.9457
| Processor: Intel(R) Core(TM) Ultra 9 285H
| Cores: 16 | Logical Cores: 16
|---------------------------------------------------------------------------------------------|
| Total Memory (MB): 64957 | Free Memory: 36007
| Total Page/Swap (MB): 73661 | Free Page/Swap: 19629
|---------------------------------------------------------------------------------------------|
[2.273s] [ext: omni.usd.schema.physx-107.3.26] startup
2026-10-07T20:09:36Z [2,065ms] [Warning] [gpu.foundation.plugin] PCIe link width current (8) and maximum (16) for device 0 don't match.
[2.340s] [ext: omni.usd.schema.omnigraph-1.0.0] startup
[2.364s] [ext: omni.usd.schema.semantics-0.0.0] startup
[2.379s] [ext: omni.usd.schema.audio-0.0.0] startup
[2.397s] [ext: isaacsim.robot.schema-3.6.0] startup
[2.430s] [ext: omni.usd_resolver-1.0.0] startup
[2.452s] [ext: omni.usd.core-1.5.3] startup
[2.456s] [ext: omni.usd.schema.omni_lens_distortion-0.0.0] startup
[2.532s] [ext: omni.usd.schema.omni_sensors-0.0.0] startup
[2.535s] [ext: omni.usd.schema.omniscripting-1.0.0] startup
[2.560s] [ext: omni.kit.window.popup_dialog-2.0.24] startup
[2.579s] [ext: omni.graph.exec-0.9.6] startup
[2.584s] [ext: omni.kit.widget.nucleus_connector-2.0.1] startup
[2.600s] [ext: omni.kit.usd_undo-0.1.8] startup
[2.603s] [ext: omni.kit.exec.core-0.13.4] startup
[2.615s] [ext: omni.kit.actions.core-1.0.0] startup
[2.630s] [ext: omni.resourcemonitor-107.0.1] startup
[2.641s] [ext: omni.activity.core-1.0.3] startup
[2.648s] [ext: omni.timeline-1.0.14] startup
[2.661s] [ext: omni.kit.commands-1.4.10] startup
[2.685s] [ext: usdrt.scenegraph-7.6.1] startup
[2.824s] [ext: omni.kit.audiodeviceenum-1.0.2] startup
[2.833s] [ext: omni.hydra.usdrt_delegate-7.5.1] startup
[2.864s] [ext: omni.hydra.scene_delegate-0.3.4] startup
[2.874s] [ext: omni.usd-1.13.10] startup
[2.983s] [ext: omni.kit.asset_converter-5.0.17] startup
[3.019s] [ext: omni.usd.schema.render_settings.rtx-0.0.0] startup
[3.030s] [ext: omni.index.libs-380600.8087.0] startup
[3.030s] [ext: omni.volume-0.5.2] startup
[3.049s] [ext: omni.ujitso.client-0.0.0] startup
[3.054s] [ext: omni.index-1.0.1] startup
[3.057s] [ext: omni.hydra.rtx.shadercache.d3d12-1.0.0] startup
[3.064s] [ext: omni.hydra.rtx-1.0.0] startup
[3.169s] [ext: omni.kit.viewport.legacy_gizmos-1.0.19] startup
[3.176s] [ext: omni.kit.raycast.query-1.1.0] startup
[3.187s] [ext: omni.kit.widget.path_field-2.0.11] startup
[3.195s] [ext: omni.kit.clipboard-1.0.5] startup
[3.202s] [ext: omni.kit.widget.options_menu-1.1.6] startup
[3.216s] [ext: omni.kit.helper.file_utils-0.1.9] startup
[3.224s] [ext: omni.kit.widget.browser_bar-2.0.10] startup
[3.231s] [ext: omni.kit.notification_manager-1.0.10] startup
[3.246s] [ext: omni.kit.menu.core-1.1.2] startup
[3.253s] [ext: omni.kit.widget.options_button-1.0.3] startup
[3.258s] [ext: omni.kit.widget.filebrowser-2.12.3] startup
[3.306s] [ext: omni.kit.viewport.registry-104.0.6] startup
[3.311s] [ext: omni.kit.menu.utils-2.0.5] startup
[3.371s] [ext: omni.kit.widget.context_menu-1.2.5] startup
[3.381s] [ext: omni.kit.usd.layers-2.2.11] startup
[3.437s] [ext: omni.ui.scene-1.11.5] startup
[3.452s] [ext: omni.kit.context_menu-1.8.6] startup
[3.468s] [ext: omni.kit.window.filepicker-2.13.4] startup
[3.614s] [ext: omni.kit.widget.searchable_combobox-1.0.6] startup
[3.620s] [ext: omni.kit.viewport.scene_camera_model-1.0.6] startup
[3.627s] [ext: omni.kit.hydra_texture-1.4.6] startup
[3.640s] [ext: omni.kit.window.file_importer-1.1.18] startup
[3.655s] [ext: omni.kit.widget.settings-1.2.6] startup
[3.674s] [ext: omni.kit.window.drop_support-1.0.5] startup
[3.677s] [ext: omni.kit.widget.viewport-107.1.3] startup
[3.715s] [ext: omni.kit.material.library-2.0.7] startup
[3.764s] [ext: omni.hydra.engine.stats-1.0.3] startup
[3.770s] [ext: omni.kit.window.preferences-1.8.0] startup
[3.811s] [ext: omni.kit.viewport.window-107.2.0] startup
[4.028s] [ext: omni.kit.manipulator.transform-107.0.0] startup
[4.061s] [ext: omni.kvdb-107.3.26] startup
[4.072s] [ext: omni.kit.widget.toolbar-2.0.1] startup
[4.105s] [ext: omni.kit.viewport.utility-1.1.2] startup
[4.110s] [ext: omni.usdphysics-107.3.26] startup
[4.121s] [ext: omni.physx.foundation-107.3.26] startup
[4.154s] [ext: omni.localcache-107.3.26] startup
[4.165s] [ext: omni.convexdecomposition-107.3.26] startup
[4.176s] [ext: omni.kit.manipulator.tool.snap-1.5.13] startup
[4.202s] [ext: omni.kit.manipulator.selector-1.1.3] startup
[4.210s] [ext: omni.physx.cooking-107.3.26] startup
[4.222s] [ext: omni.kit.viewport.manipulator.transform-107.0.4] startup
[4.237s] [ext: omni.physx-107.3.26] startup
[4.274s] [ext: omni.kit.manipulator.viewport-107.0.1] startup
[4.280s] [ext: omni.kit.primitive.mesh-1.0.17] startup
[4.308s] [ext: omni.kit.manipulator.prim.core-107.0.8] startup
[4.358s] [ext: omni.fabric.commands-1.1.6] startup
[4.381s] [ext: omni.kit.manipulator.prim.usd-107.0.3] startup
[4.386s] [ext: omni.kit.manipulator.prim.fabric-107.0.4] startup
[4.395s] [ext: omni.debugdraw-0.1.4] startup
[4.408s] [ext: omni.physx.commands-107.3.26] startup
[4.453s] [ext: omni.kit.manipulator.selection-106.0.1] startup
[4.460s] [ext: omni.kit.manipulator.prim-107.0.0] startup
[4.461s] [ext: omni.physics.tensors-107.3.26] startup
[4.490s] [ext: omni.kit.property.adapter.core-1.0.2] startup
[4.500s] [ext: omni.kit.widget.highlight_label-1.0.3] startup
[4.506s] [ext: omni.kit.widget.searchfield-1.1.8] startup
[4.516s] [ext: omni.kit.property.adapter.fabric-1.0.3] startup
[4.526s] [ext: omni.kit.widget.filter-1.1.4] startup
[4.531s] [ext: omni.kit.widget.prompt-1.0.7] startup
[4.537s] [ext: omni.kit.window.property-1.12.1] startup
[4.555s] [ext: omni.kit.property.adapter.usd-1.0.2] startup
[4.561s] [ext: omni.kit.hotkeys.core-1.3.10] startup
[4.566s] [ext: omni.kit.window.file_exporter-1.0.33] startup
[4.573s] [ext: omni.kit.stage_template.core-1.1.22] startup
[4.578s] [ext: omni.kit.viewport.menubar.core-107.2.1] startup
[4.663s] [ext: omni.kit.viewport.actions-107.0.2] startup
[4.679s] [ext: omni.kit.window.file-2.0.5] startup
[4.707s] [ext: omni.kit.window.content_browser_registry-0.0.6] startup
[4.711s] [ext: omni.kit.viewport.menubar.display-107.0.3] startup
[4.720s] [ext: omni.kit.window.content_browser-3.1.3] startup
[4.758s] [ext: omni.kit.widget.stage-3.1.4] startup
[4.855s] [ext: omni.inspect-1.0.2] startup
[4.864s] [ext: omni.kit.widget.layers-1.8.6] startup
[4.949s] [ext: omni.kit.property.usd-4.5.12] startup
[5.093s] [ext: omni.kit.numpy.common-0.1.3] startup
[5.098s] [ext: omni.physics-107.3.26] startup
[5.114s] [ext: omni.graph.core-2.184.5] startup
[5.123s] [ext: omni.usdphysics.ui-107.3.26] startup
[5.222s] [ext: omni.physics.stageupdate-107.3.26] startup
[5.238s] [ext: isaacsim.core.deprecation_manager-0.2.7] startup
[5.241s] [ext: omni.physx.ui-107.3.26] startup
[5.407s] [ext: isaacsim.core.version-2.0.6] startup
[5.412s] [ext: omni.usd.metrics.assembler-107.3.1] startup
[5.442s] [ext: omni.warp.core-1.8.2] startup
[5.954s] [ext: omni.ui_query-1.1.8] startup
[5.960s] [ext: omni.physics.physx-107.3.26] startup
2026-10-07T20:09:40Z [5,759ms] [Warning] [carb] Acquiring non optional plugin interface which is not listed as dependency: [omni::physx::IPhysxBenchmarks v1.0] (plugin: <default plugin>), by client: omni.physics.physx.plugin. Add it to CARB_PLUGIN_IMPL_DEPS() macro of a client.
[5.968s] [ext: isaacsim.storage.native-1.5.1] startup
[5.979s] [ext: omni.usd.metrics.assembler.physics-107.3.26] startup
[5.995s] [ext: omni.isaac.dynamic_control-2.0.7] startup
2026-10-07T20:09:40Z [5,805ms] [Warning] [omni.isaac.dynamic_control] omni.isaac.dynamic_control is deprecated as of Isaac Sim 4.5. No action is needed from end-users.
[6.015s] [ext: omni.graph.tools-1.79.2] startup
[6.199s] [ext: omni.physx.tensors-107.3.26] startup
[6.208s] [ext: isaacsim.core.utils-3.5.1] startup
[6.220s] [ext: omni.graph-1.141.2] startup
[6.419s] [ext: isaacsim.core.simulation_manager-1.4.4] startup
[12.075s] [ext: omni.graph.action_core-1.1.7] startup
[12.089s] [ext: omni.kit.stage_templates-2.0.0] startup
[12.102s] [ext: isaacsim.core.prims-0.6.1] startup
[12.227s] [ext: omni.graph.action_nodes-1.50.4] startup
[12.240s] [ext: isaacsim.core.api-4.8.0] startup
[12.388s] [ext: omni.graph.action-1.130.0] startup
[12.392s] [ext: omni.kit.widget.stage_icons-1.0.8] startup
[12.408s] [ext: omni.kit.selection-0.1.6] startup
[12.422s] [ext: omni.kit.window.stage-2.6.1] startup
[12.435s] [ext: omni.kit.menu.create-2.0.1] startup
[12.446s] [ext: omni.kit.widget.text_editor-1.1.1] startup
[12.452s] [ext: omni.kit.ui_test-1.3.7] startup
[12.463s] [ext: omni.kit.scripting-107.3.2] startup
[12.493s] [ext: omni.kit.window.extensions-1.4.27] startup
[12.576s] [ext: omni.graph.visualization.nodes-2.1.3] startup
[12.631s] [ext: isaacsim.replicator.behavior-1.1.16] startup
[12.635s] [ext: isaacsim.gui.components-1.2.1] startup
[12.663s] [ext: isaacsim.gui.menu-2.4.4] startup
[12.718s] [ext: isaacsim.core.cloner-1.4.10] startup
[12.731s] [ext: semantics.schema.editor-2.0.2] startup
2026-10-07T20:09:46Z [12,542ms] [Warning] [pxr.Semantics] pxr.Semantics is deprecated - please use Semantics instead
[12.753s] [ext: omni.kit.widget.zoombar-1.0.6] startup
[12.760s] [ext: omni.kit.usd.collect-2.4.5] startup
[12.778s] [ext: omni.kit.browser.core-2.3.13] startup
[12.804s] [ext: omni.kit.menu.stage-1.2.7] startup
[12.810s] [ext: omni.kit.tool.collect-2.2.18] startup
[12.825s] [ext: omni.kit.browser.folder.core-1.10.9] startup
[12.853s] [ext: isaacsim.core.experimental.utils-0.3.0] startup
[12.860s] [ext: isaacsim.asset.browser-1.3.23] startup
[13.651s] [ext: omni.kit.widget.graph-2.0.0] startup
[13.702s] [ext: omni.graph.image.core-0.6.1] startup
[13.710s] [ext: omni.kit.graph.delegate.default-1.2.3] startup
[13.714s] [ext: omni.graph.image.nodes-1.3.1] startup
[13.720s] [ext: omni.kit.graph.editor.core-1.5.3] startup
[13.741s] [ext: omni.graph.nodes-1.170.10] startup
[13.769s] [ext: omni.graph.ui_nodes-1.50.5] startup
[13.785s] [ext: omni.kit.graph.usd.commands-1.3.1] startup
[13.793s] [ext: omni.kit.widget.material_preview-1.0.16] startup
[13.814s] [ext: omni.videoencoding-0.1.2] startup
[13.828s] [ext: omni.kit.stagerecorder.core-107.0.3] startup
[13.846s] [ext: omni.warp-1.8.2] startup
[13.868s] [ext: omni.syntheticdata-0.6.13] startup
[14.031s] [ext: omni.kit.window.material_graph-1.9.1] startup
[14.201s] [ext: omni.graph.scriptnode-1.50.0] startup
[14.227s] [ext: omni.kit.stagerecorder.ui-107.0.1] startup
[14.291s] [ext: omni.replicator.core-1.12.27] startup
2026-10-07T20:09:48Z [14,651ms] [Warning] [omni.graph.core.plugin] Found duplicate of category 'Replicator' - was 'Annotators', adding 'Fabric Reader'
2026-10-07T20:09:48Z [14,651ms] [Warning] [omni.graph.core.plugin] Category 'Replicator' not accepted on node type 'omni.replicator.core.FabricReader' in extension 'omni.replicator.core'
2026-10-07T20:09:48Z [14,654ms] [Warning] [omni.replicator.core.scripts.extension] No material configuration file, adding configuration to material settings directly.
[14.869s] [ext: omni.kit.stagerecorder.bundle-105.0.2] startup
[14.873s] [ext: isaacsim.core.nodes-3.4.3] startup
[14.911s] [ext: isaacsim.test.docstring-1.1.0] startup
[14.938s] [ext: isaacsim.sensors.camera-1.3.6] startup
[14.993s] [ext: isaacsim.core.experimental.prims-0.8.1] startup
[15.264s] [ext: omni.kit.usdz_export-1.0.9] startup
[15.292s] [ext: isaacsim.robot.surface_gripper-3.3.1] startup
[15.317s] [ext: isaacsim.sensors.physics-0.4.3] startup
[15.353s] [ext: omni.kit.tool.asset_importer-4.3.2] startup
[15.418s] [ext: isaacsim.robot.manipulators-3.3.6] startup
[15.463s] [ext: isaacsim.robot.policy.examples-4.1.11] startup
[15.518s] [ext: omni.sensors.nv.common-3.0.0] startup
[15.607s] [ext: isaacsim.asset.importer.mjcf-2.5.13] startup
[16.354s] [ext: isaacsim.util.debug_draw-3.1.0] startup
[16.388s] [ext: omni.sensors.nv.materials-2.0.0] startup
[16.448s] [ext: omni.sensors.net-1.0.0] startup
[16.487s] [ext: isaacsim.sensors.physx-2.3.2] startup
[16.536s] [ext: isaacsim.examples.browser-0.2.1] startup
[16.562s] [ext: isaacsim.asset.importer.urdf-2.4.31] startup
[16.763s] [ext: isaacsim.simulation_app-2.12.2] startup
[16.769s] [ext: omni.sensors.nv.ids-2.0.0] startup
[16.800s] [ext: omni.sensors.nv.lidar-3.0.0] startup
[16.835s] [ext: omni.kit.property.audio-1.0.16] startup
[16.858s] [ext: omni.kit.property.camera-1.0.10] startup
[16.879s] [ext: omni.kit.property.geometry-2.0.4] startup
[16.924s] [ext: omni.hydra.scene_api-0.1.2] startup
[16.940s] [ext: omni.sensors.nv.wpm-3.0.0] startup
[16.962s] [ext: omni.kit.property.light-1.0.12] startup
[16.995s] [ext: omni.kit.property.material-1.11.9] startup
[17.142s] [ext: omni.kit.property.render-1.2.1] startup
[17.156s] [ext: omni.kit.property.transform-1.5.13] startup
[17.220s] [ext: omni.sensors.nv.radar-3.0.0] startup
[17.256s] [ext: omni.anim.curve.core-1.3.1] startup
[17.341s] [ext: omni.kit.manipulator.camera-106.0.4] startup
[17.395s] [ext: isaacsim.gui.property-1.1.3] startup
[17.419s] [ext: omni.kit.property.bundle-1.4.1] startup
[17.435s] [ext: isaacsim.sensors.rtx-15.8.4] startup
[17.490s] [ext: omni.kit.viewport.menubar.camera-107.0.6] startup
[17.557s] [ext: omni.kit.viewport.menubar.lighting-107.3.1] startup
[17.580s] [ext: omni.kit.viewport.menubar.render-107.0.10] startup
[17.631s] [ext: omni.kit.viewport.menubar.settings-107.0.3] startup
[17.694s] [ext: omni.kit.window.script_editor-2.0.1] startup
[17.735s] [ext: omni.kit.window.console-1.1.4] startup
[17.764s] [ext: isaacsim.robot.wheeled_robots-4.0.24] startup
[17.845s] [ext: omni.physx.demos-107.3.26] startup
[18.049s] [ext: omni.kit.property.physx-107.3.26] startup
[18.133s] [ext: omni.rtx.window.settings-0.6.19] startup
[18.175s] [ext: omni.ocio-0.1.1] startup
[18.181s] [ext: omni.asset_validator.core-1.1.6] startup
[18.349s] [ext: omni.physx.vehicle-107.3.26] startup
[18.455s] [ext: omni.replicator.replicator_yaml-2.0.11] startup
[18.530s] [ext: omni.rtx.settings.core-0.6.5] startup
[18.566s] [ext: omni.kit.window.toolbar-2.0.0] startup
[18.587s] [ext: omni.kit.window.status_bar-0.1.9] startup
[18.603s] [ext: omni.physx.asset_validator-107.3.26] startup
[18.651s] [ext: omni.physx.camera-107.3.26] startup
[18.679s] [ext: omni.physx.cct-107.3.26] startup
[18.712s] [ext: omni.physx.graph-107.3.26] startup
[18.750s] [ext: omni.physx.supportui-107.3.26] startup
[18.849s] [ext: omni.physx.telemetry-107.3.26] startup
[18.866s] [ext: omni.usd.metrics.assembler.ui-107.3.1] startup
[18.913s] [ext: isaacsim.app.about-2.0.11] startup
[18.921s] [ext: isaacsim.core.throttling-2.2.2] startup
[18.934s] [ext: omni.kit.ui.actions-1.0.5] startup
[18.944s] [ext: semantics.schema.property-2.0.1] startup
[18.955s] [ext: omni.physx.bundle-107.3.26] startup
[18.956s] [ext: isaaclab-0.53.1] startup
[20.373s] [ext: isaaclab_assets-0.2.4] startup
[21.139s] [ext: isaaclab_tasks-0.11.12] startup
[21.905s] [ext: omni.kit.menu.common-2.0.1] startup
[21.909s] [ext: isaaclab_rl-0.4.7] startup
[21.911s] [ext: isaaclab_mimic-1.0.16] startup
[21.913s] [ext: isaaclab.python-2.3.0] startup
[21.922s] Simulation App Starting
2026-10-07T20:09:56Z [22,221ms] [Warning] [omni.fabric.plugin] Warning: attribute overrideClipRange not found for bucket id 9

[22.481s] app ready
[25.706s] Simulation App Startup Complete
2026-10-07T20:10:01Z [27,476ms] [Warning] [isaaclab.envs.direct_rl_env] Seed not set for the environment. The environment creation may not be deterministic.

[36m===================================================================================================================[0m
[36m[1m[INFO][IsaacLab]: Logging to file: C:\Users\ethan\AppData\Local\Temp\isaaclab\logs\isaaclab_2026-10-07_16-10-01.log[0m
[36m===================================================================================================================[0m

[27.962s] [ext: omni.physx.fabric-107.3.26] startup
[33m16:10:05 [simulation_context.py] WARNING: The `enable_external_forces_every_iteration` parameter in the PhysxCfg is set to False. If you are experiencing noisy velocities, consider enabling this flag. You may need to slightly increase the number of velocity iterations (setting it to 1 or 2 rather than 0), together with this flag, to improve the accuracy of velocity updates.[0m
[INFO]: Base environment:
	Environment device    : cuda:0
	Environment seed      : None
	Physics step-size     : 0.01
	Rendering step-size   : 0.05
	Environment step-size : 0.05
2026-10-07T20:10:06Z [32,212ms] [Warning] [isaacsim.core.prims.impl.cloth_prim] Please note that support for particle cloth and related APIs is now deprecated. These features will be removed in future releases.
2026-10-07 16:10:06 - lehome.assets.object.Garment - WARNING - [GarmentObject] No visual materials specified
[INFO]: Time taken for scene creation : 1.051954 seconds
[INFO]: Scene manager:  <class InteractiveScene>
	Number of environments: 1
	Environment spacing   : 4.0
	Source prim name      : /World/envs/env_0
	Global prim paths     : []
	Replicate physics     : True
[INFO]: Starting the simulation. This may take a few seconds. Please wait...
2026-10-07T20:10:06Z [32,252ms] [Warning] [omni.physicsschema.plugin] Non-uniform scale may result in a non matching collision representation on prim: /World/Robot/Left_Robot/gripper/Capsule
2026-10-07T20:10:06Z [32,252ms] [Warning] [omni.physicsschema.plugin] Non-uniform scale may result in a non matching collision representation on prim: /World/Robot/Left_Robot/jaw/Capsule
2026-10-07T20:10:06Z [32,253ms] [Warning] [omni.physicsschema.plugin] Non-uniform scale may result in a non matching collision representation on prim: /World/Robot/Right_Robot/gripper/Capsule
2026-10-07T20:10:06Z [32,253ms] [Warning] [omni.physicsschema.plugin] Non-uniform scale may result in a non matching collision representation on prim: /World/Robot/Right_Robot/jaw/Capsule
2026-10-07T20:10:07Z [32,835ms] [Warning] [omni.physx.plugin] Detected an articulation at /World/Robot/Left_Robot with more than 4 velocity iterations being added to a TGS scene.The related behavior changed recently, please consult the changelog. This warning will only print once.
2026-10-07T20:10:07Z [33,320ms] [Warning] [omni.fabric.plugin] getAttributeCount called on non-existent path /World/Robot/Right_Robot/wrist/visuals/wrist_roll_pitch_so101_v2
2026-10-07T20:10:07Z [33,321ms] [Warning] [omni.fabric.plugin] getTypes called on non-existent path /World/Robot/Right_Robot/wrist/visuals/wrist_roll_pitch_so101_v2
[INFO]: Time taken for simulation start : 2.874896 seconds
[INFO]: Completed setting up the environment...
CONFIG {"jitter": 0.01, "profile": "friction", "device": "cuda:0", "dr": true, "knobs": {"particle_friction": null, "pad_friction": null, "pad_thickness": null, "gripper_drive": {"stiffness": 17.8, "damping": 0.6, "effort_limit_sim": 10.0}, "gripper_closed": 0.05, "jaw_open_rate": null, "adhesion": null, "adhesion_offset_scale": null, "gravity_scale": null, "physics_hz": null}, "expert": {"PINCH_HEIGHT": 0.005, "PINCH_INSET": 0.005, "PLACE_HEIGHT": 0.011, "ARC_HEIGHT": 0.12, "CLOSE_DWELL": 8, "OPEN_DWELL": 6}, "overshoot": {"0left_": [-0.001, 0.052, 0.0], "0right_": [0.013, 0.05, 0.0]}, "code": "C:\\Users\\ethan\\Documents\\Projects\\watai\\WorldFold\\isaac\\grasp_bench.py"}
2026-10-07 16:10:09 - lehome.assets.object.Garment - WARNING - [GarmentObject] WARNING: soft_reset_pos_range has zero range (min == max for all dimensions). Reset position will always be the same: [0.0, -0.135, 0.425]
2026-10-07 16:10:09 - lehome.assets.object.Garment - WARNING - [GarmentObject] WARNING: soft_reset_rot_range has zero range (min == max for all dimensions). Reset rotation will always be the same: [0.0, 0.0, 0.0]
2026-10-07 16:10:09 - lehome.assets.object.Garment - INFO - [GarmentObject] Reset complete - pos: [0.0, -0.135, 0.425], ori: [0.0, 0.0, 0.0]
ROW 600040 success 156 32.1 {"left_": {"acquired": true, "held": true, "placed": true, "released": true}, "right_": {"acquired": true, "held": true, "placed": true, "released": true}}
2026-10-07 16:10:41 - lehome.assets.object.Garment - INFO - [GarmentObject] Reset complete - pos: [0.0, -0.135, 0.425], ori: [0.0, 0.0, 0.0]
ROW 600041 success 185 48.4 {"left_": {"acquired": true, "held": true, "placed": true, "released": true}, "right_": {"acquired": true, "held": true, "placed": true, "released": true}}
2026-10-07 16:11:30 - lehome.assets.object.Garment - INFO - [GarmentObject] Reset complete - pos: [0.0, -0.135, 0.425], ori: [0.0, 0.0, 0.0]
ROW 600042 success 169 56.1 {"left_": {"acquired": true, "held": true, "placed": true, "released": true}, "right_": {"acquired": true, "held": true, "placed": true, "released": true}}
2026-10-07 16:12:26 - lehome.assets.object.Garment - INFO - [GarmentObject] Reset complete - pos: [0.0, -0.135, 0.425], ori: [0.0, 0.0, 0.0]
ROW 600043 bench_stop 200 73.5 {"left_": {"acquired": true, "held": true, "placed": true, "released": true}, "right_": {"acquired": true, "held": false, "placed": false, "released": false}}
2026-10-07 16:13:39 - lehome.assets.object.Garment - INFO - [GarmentObject] Reset complete - pos: [0.0, -0.135, 0.425], ori: [0.0, 0.0, 0.0]
ROW 600044 success 164 54.7 {"left_": {"acquired": true, "held": true, "placed": true, "released": true}, "right_": {"acquired": true, "held": true, "placed": true, "released": true}}
2026-10-07 16:14:34 - lehome.assets.object.Garment - INFO - [GarmentObject] Reset complete - pos: [0.0, -0.135, 0.425], ori: [0.0, 0.0, 0.0]
ROW 600045 bench_stop 192 64.9 {"left_": {"acquired": true, "held": true, "placed": false, "released": true}, "right_": {"acquired": true, "held": true, "placed": true, "released": true}}
2026-10-07 16:15:39 - lehome.assets.object.Garment - INFO - [GarmentObject] Reset complete - pos: [0.0, -0.135, 0.425], ori: [0.0, 0.0, 0.0]
ROW 600046 success 175 56.0 {"left_": {"acquired": true, "held": true, "placed": true, "released": true}, "right_": {"acquired": true, "held": true, "placed": true, "released": true}}
2026-10-07 16:16:35 - lehome.assets.object.Garment - INFO - [GarmentObject] Reset complete - pos: [0.0, -0.135, 0.425], ori: [0.0, 0.0, 0.0]
ROW 600047 success 184 66.4 {"left_": {"acquired": true, "held": true, "placed": true, "released": true}, "right_": {"acquired": true, "held": true, "placed": true, "released": true}}
2026-10-07 16:17:41 - lehome.assets.object.Garment - INFO - [GarmentObject] Reset complete - pos: [0.0, -0.135, 0.425], ori: [0.0, 0.0, 0.0]
ROW 600048 bench_stop 193 68.0 {"left_": {"acquired": true, "held": true, "placed": true, "released": true}, "right_": {"acquired": true, "held": true, "placed": false, "released": true}}
2026-10-07 16:18:49 - lehome.assets.object.Garment - INFO - [GarmentObject] Reset complete - pos: [0.0, -0.135, 0.425], ori: [0.0, 0.0, 0.0]
ROW 600049 success 163 49.1 {"left_": {"acquired": true, "held": true, "placed": true, "released": true}, "right_": {"acquired": true, "held": true, "placed": true, "released": true}}
2026-10-07 16:19:38 - lehome.assets.object.Garment - INFO - [GarmentObject] Reset complete - pos: [0.0, -0.135, 0.425], ori: [0.0, 0.0, 0.0]
ROW 600050 success 168 61.7 {"left_": {"acquired": true, "held": true, "placed": true, "released": true}, "right_": {"acquired": true, "held": true, "placed": true, "released": true}}
2026-10-07 16:20:40 - lehome.assets.object.Garment - INFO - [GarmentObject] Reset complete - pos: [0.0, -0.135, 0.425], ori: [0.0, 0.0, 0.0]
ROW 600051 success 174 62.1 {"left_": {"acquired": true, "held": true, "placed": true, "released": true}, "right_": {"acquired": true, "held": true, "placed": true, "released": true}}
2026-10-07 16:21:42 - lehome.assets.object.Garment - INFO - [GarmentObject] Reset complete - pos: [0.0, -0.135, 0.425], ori: [0.0, 0.0, 0.0]
ROW 600052 success 171 58.3 {"left_": {"acquired": true, "held": true, "placed": true, "released": true}, "right_": {"acquired": true, "held": true, "placed": true, "released": true}}
2026-10-07 16:22:40 - lehome.assets.object.Garment - INFO - [GarmentObject] Reset complete - pos: [0.0, -0.135, 0.425], ori: [0.0, 0.0, 0.0]
ROW 600053 success 162 47.4 {"left_": {"acquired": true, "held": true, "placed": true, "released": true}, "right_": {"acquired": true, "held": true, "placed": true, "released": true}}
2026-10-07 16:23:28 - lehome.assets.object.Garment - INFO - [GarmentObject] Reset complete - pos: [0.0, -0.135, 0.425], ori: [0.0, 0.0, 0.0]
ROW 600054 success 163 62.4 {"left_": {"acquired": true, "held": true, "placed": true, "released": true}, "right_": {"acquired": true, "held": true, "placed": true, "released": true}}
2026-10-07 16:24:30 - lehome.assets.object.Garment - INFO - [GarmentObject] Reset complete - pos: [0.0, -0.135, 0.425], ori: [0.0, 0.0, 0.0]
ROW 600055 success 164 60.6 {"left_": {"acquired": true, "held": true, "placed": true, "released": true}, "right_": {"acquired": true, "held": true, "placed": true, "released": true}}
2026-10-07 16:25:31 - lehome.assets.object.Garment - INFO - [GarmentObject] Reset complete - pos: [0.0, -0.135, 0.425], ori: [0.0, 0.0, 0.0]
ROW 600056 bench_stop 202 62.3 {"left_": {"acquired": true, "held": true, "placed": false, "released": true}, "right_": {"acquired": true, "held": true, "placed": true, "released": true}}
2026-10-07 16:26:33 - lehome.assets.object.Garment - INFO - [GarmentObject] Reset complete - pos: [0.0, -0.135, 0.425], ori: [0.0, 0.0, 0.0]
ROW 600057 success 199 71.8 {"left_": {"acquired": true, "held": true, "placed": true, "released": true}, "right_": {"acquired": true, "held": true, "placed": true, "released": true}}
2026-10-07 16:27:45 - lehome.assets.object.Garment - INFO - [GarmentObject] Reset complete - pos: [0.0, -0.135, 0.425], ori: [0.0, 0.0, 0.0]
ROW 600058 success 171 59.8 {"left_": {"acquired": true, "held": true, "placed": true, "released": true}, "right_": {"acquired": true, "held": true, "placed": true, "released": true}}
2026-10-07 16:28:45 - lehome.assets.object.Garment - INFO - [GarmentObject] Reset complete - pos: [0.0, -0.135, 0.425], ori: [0.0, 0.0, 0.0]
ROW 600059 success 177 59.9 {"left_": {"acquired": true, "held": true, "placed": true, "released": true}, "right_": {"acquired": true, "held": true, "placed": true, "released": true}}
n = 20  reasons {'success': 16, 'bench_stop': 4}
  left_   acquired 20/20 [83.9, 100.0]  held 20/20 [83.9, 100.0]  placed 18/20 [69.9, 97.2]  released 20/20 [83.9, 100.0]  released_strict 4/20 [8.1, 41.6]  drift mean 0.0673 max 0.141  first failure {'placed': 2}
  right_  acquired 20/20 [83.9, 100.0]  held 19/20 [76.4, 99.1]  placed 18/20 [69.9, 97.2]  released 19/20 [76.4, 99.1]  released_strict 3/20 [5.2, 36.0]  drift mean 0.0427 max 0.1598  first failure {'held': 1, 'placed': 1}
== exit 0 2026-10-07T16:29:47
