  [1/400] seed 2 ok    80 steps success  (41s)
  [2/400] seed 9 ok    82 steps success  (42s)
  [3/400] seed 3 ok    86 steps success  (42s)
  [4/400] seed 0 ok    80 steps success  (42s)
  [5/400] seed 8 ok    94 steps success  (43s)
  [6/400] seed 6 ok    84 steps success  (43s)
  [7/400] seed 1 ok    95 steps success  (43s)
  [8/400] seed 7 ok    95 steps success  (44s)
  [9/400] seed 10 ok    79 steps success  (45s)
  [10/400] seed 5 ok   114 steps success  (49s)
  [11/400] seed 13 ok   104 steps success  (49s)
  [12/400] seed 12 ok   101 steps success perturbed  (50s)
  [13/400] seed 4 ok   104 steps success perturbed  (51s)
  [14/400] seed 11 ok   115 steps success perturbed  (51s)
  [15/400] seed 18 ok    87 steps success  (79s)
  [16/400] seed 20 ok    87 steps success  (80s)
  [17/400] seed 14 ok    85 steps success  (80s)
  [18/400] seed 21 ok    82 steps success  (80s)
  [19/400] seed 17 ok    97 steps success perturbed  (86s)
  [20/400] seed 25 ok    77 steps success  (86s)
  [21/400] seed 23 ok    84 steps success  (87s)
  [22/400] seed 26 ok    80 steps success  (89s)
  [23/400] seed 27 ok    85 steps success  (89s)
  [24/400] seed 22 ok   111 steps success perturbed  (91s)
  [25/400] seed 15 ok   123 steps success perturbed  (92s)
  [26/400] seed 19 ok   150 steps success perturbed  (101s)
  [27/400] seed 29 ok    85 steps success  (115s)
  [28/400] seed 30 ok    84 steps success  (115s)
  [29/400] seed 31 ok    84 steps success  (117s)
  [30/400] seed 28 ok    96 steps success  (117s)
  [31/400] seed 32 ok    86 steps success perturbed  (119s)
  [32/400] seed 38 ok    77 steps success  (121s)
  [33/400] seed 36 ok    87 steps success  (122s)
  [34/400] seed 37 ok    89 steps success  (124s)
  [35/400] seed 39 ok    85 steps success  (133s)
  [36/400] seed 34 ok   155 steps success  (133s)
  [37/400] seed 16 FAIL 250 steps truncated perturbed  (138s)
  [38/400] seed 24 FAIL 250 steps truncated  (138s)
  [39/400] seed 33 ok   178 steps success perturbed  (145s)
  [40/400] seed 40 ok    83 steps success  (145s)
  [41/400] seed 42 ok    81 steps success  (147s)
  [42/400] seed 43 ok    83 steps success  (148s)
  [43/400] seed 35 ok   187 steps success perturbed  (148s)
  [44/400] seed 45 ok    82 steps success  (151s)
  [45/400] seed 46 ok    84 steps success  (153s)
  [46/400] seed 44 ok   103 steps success perturbed  (155s)
  [47/400] seed 41 ok   140 steps success perturbed  (161s)
  [48/400] seed 49 ok    85 steps success  (161s)
  [49/400] seed 48 ok    91 steps success perturbed  (164s)
  [50/400] seed 51 ok    79 steps success  (166s)
  [51/400] seed 50 ok    87 steps success  (167s)
  [52/400] seed 47 ok   149 steps success  (169s)
  [53/400] seed 52 ok    83 steps success  (175s)
  [54/400] seed 56 ok    85 steps success  (179s)
  [55/400] seed 55 ok    97 steps success  (180s)
  [56/400] seed 53 ok   114 steps success perturbed  (181s)
  [57/400] seed 57 ok    82 steps success  (181s)
  [58/400] seed 58 ok    94 steps success  (185s)
  [59/400] seed 59 ok    84 steps success  (186s)
  [60/400] seed 60 ok    94 steps success  (195s)
  [61/400] seed 62 ok    93 steps success  (195s)
  [62/400] seed 61 ok   113 steps success perturbed  (197s)
  [63/400] seed 64 ok    86 steps success  (199s)
  [64/400] seed 63 ok   122 steps success  (203s)
  [65/400] seed 65 ok   114 steps success perturbed  (209s)
  [66/400] seed 67 ok    79 steps success  (209s)
  [67/400] seed 69 ok    82 steps success  (212s)
  [68/400] seed 70 ok    88 steps success  (212s)
  [69/400] seed 68 ok    94 steps success  (213s)
  [70/400] seed 72 ok    78 steps success  (217s)
  [71/400] seed 75 ok    79 steps success  (226s)
  [72/400] seed 73 ok    85 steps success  (228s)
  [73/400] seed 71 ok   128 steps success perturbed  (228s)
  [74/400] seed 54 FAIL 250 steps truncated  (228s)
  [75/400] seed 74 ok    82 steps success  (229s)
  [76/400] seed 66 ok   150 steps success  (229s)
  [77/400] seed 76 ok   120 steps success  (242s)
  [78/400] seed 79 ok    84 steps success  (246s)
  [79/400] seed 78 ok   102 steps success perturbed  (249s)
  [80/400] seed 81 ok    85 steps success  (250s)
  [81/400] seed 77 ok   121 steps success perturbed  (255s)
  [82/400] seed 82 ok   100 steps success  (255s)
  [83/400] seed 80 ok    99 steps success perturbed  (255s)
  [84/400] seed 84 ok    95 steps success  (267s)
  [85/400] seed 86 ok    85 steps success  (268s)
  [86/400] seed 83 ok   131 steps success perturbed  (270s)
  [87/400] seed 85 ok    99 steps success perturbed  (272s)
  [88/400] seed 87 ok   113 steps success perturbed  (276s)
  [89/400] seed 88 ok   121 steps success perturbed  (279s)
  [90/400] seed 90 ok   106 steps success perturbed  (285s)
  [91/400] seed 89 ok   146 steps success  (287s)
  [92/400] seed 92 ok    79 steps success  (288s)
  [93/400] seed 93 ok    82 steps success  (290s)
  [94/400] seed 91 ok   112 steps success perturbed  (291s)
  [95/400] seed 95 ok    95 steps success  (296s)
  [96/400] seed 94 ok    97 steps success  (296s)
  [97/400] seed 97 ok    81 steps success  (307s)
  [98/400] seed 100 ok    84 steps success  (312s)
  [99/400] seed 98 ok   100 steps success  (313s)
  [100/400] seed 96 ok   146 steps success  (315s)
  [101/400] seed 99 ok   108 steps success perturbed  (322s)
  [102/400] seed 103 ok    90 steps success  (326s)
  [103/400] seed 104 ok    88 steps success  (328s)
  [104/400] seed 106 ok    77 steps success  (328s)
  [105/400] seed 102 ok   102 steps success perturbed  (329s)
  [106/400] seed 107 ok    83 steps success  (334s)
  [107/400] seed 108 ok    85 steps success  (337s)
  [108/400] seed 109 ok    96 steps success  (341s)
  [109/400] seed 110 ok    81 steps success  (348s)
  [110/400] seed 111 ok    81 steps success  (353s)
  [111/400] seed 113 ok    80 steps success  (354s)
  [112/400] seed 112 ok   101 steps success  (356s)
  [113/400] seed 114 ok    86 steps success  (363s)
  [114/400] seed 116 ok    94 steps success  (367s)
  [115/400] seed 117 ok    80 steps success perturbed  (368s)
  [116/400] seed 115 ok    93 steps success perturbed  (369s)
  [117/400] seed 119 ok   117 steps success  (381s)
  [118/400] seed 105 FAIL 250 steps truncated perturbed  (383s)
  [119/400] seed 122 ok    79 steps success  (384s)
  [120/400] seed 120 ok   113 steps success perturbed  (388s)
  [121/400] seed 101 FAIL 250 steps truncated  (389s)
  [122/400] seed 123 ok    82 steps success  (391s)
  [123/400] seed 129 ok    80 steps success  (402s)
  [124/400] seed 127 ok    81 steps success  (403s)
  [125/400] seed 128 ok    84 steps success  (405s)
  [126/400] seed 126 ok   139 steps success  (414s)
  [127/400] seed 130 ok    79 steps success  (416s)
  [128/400] seed 125 ok   147 steps success perturbed  (419s)
  [129/400] seed 131 ok    84 steps success  (419s)
  [130/400] seed 132 ok    96 steps success  (421s)
  [131/400] seed 118 FAIL 250 steps truncated perturbed  (423s)
  [132/400] seed 135 ok    81 steps success perturbed  (424s)
  [133/400] seed 124 ok   185 steps success  (424s)
  [134/400] seed 133 ok    83 steps success  (424s)
  [135/400] seed 134 ok    81 steps success  (426s)
  [136/400] seed 137 ok    82 steps success  (436s)
  [137/400] seed 136 ok    90 steps success  (436s)
  [138/400] seed 138 ok   101 steps success  (442s)
  [139/400] seed 121 ok   223 steps success perturbed  (442s)
  [140/400] seed 139 ok    84 steps success  (449s)
  [141/400] seed 142 ok    85 steps success  (452s)
  [142/400] seed 143 ok    89 steps success perturbed  (454s)
  [143/400] seed 145 ok    78 steps success  (455s)
  [144/400] seed 146 ok    83 steps success  (458s)
  [145/400] seed 144 ok    83 steps success  (458s)
  [146/400] seed 148 ok    82 steps success  (459s)
  [147/400] seed 140 ok   141 steps success perturbed  (467s)
  [148/400] seed 149 ok    87 steps success  (468s)
  [149/400] seed 150 ok    95 steps success  (469s)
  [150/400] seed 147 ok   137 steps success  (472s)
  [151/400] seed 152 ok    83 steps success  (473s)
  [152/400] seed 151 ok    83 steps success  (473s)
  [153/400] seed 154 ok    82 steps success  (483s)
  [154/400] seed 155 ok   104 steps success  (490s)
  [155/400] seed 141 FAIL 250 steps truncated perturbed  (490s)
  [156/400] seed 159 ok    87 steps success  (491s)
  [157/400] seed 157 ok    94 steps success  (491s)
  [158/400] seed 161 ok    88 steps success  (500s)
  [159/400] seed 160 ok    84 steps success  (501s)
  [160/400] seed 162 ok    85 steps success  (501s)
  [161/400] seed 164 ok    82 steps success  (504s)
  [162/400] seed 158 ok   138 steps success  (505s)
  [163/400] seed 165 ok    97 steps success perturbed  (510s)
  [164/400] seed 163 ok   103 steps success perturbed  (512s)
  [165/400] seed 170 ok    94 steps success  (525s)
  [166/400] seed 167 ok    98 steps success  (525s)
  [167/400] seed 156 FAIL 250 steps truncated perturbed  (527s)
  [168/400] seed 172 ok    94 steps success  (532s)
  [169/400] seed 153 ok   224 steps success perturbed  (534s)
  [170/400] seed 166 ok   152 steps success perturbed  (535s)
  [171/400] seed 173 ok    85 steps success  (535s)
  [172/400] seed 169 ok   149 steps success perturbed  (538s)
  [173/400] seed 171 ok   111 steps success perturbed  (540s)
  [174/400] seed 174 ok   102 steps success  (541s)
  [175/400] seed 176 ok    80 steps success  (542s)
  [176/400] seed 177 ok    84 steps success  (544s)
  [177/400] seed 175 ok   139 steps success perturbed  (556s)
  [178/400] seed 180 ok    82 steps success perturbed  (558s)
  [179/400] seed 178 ok    98 steps success perturbed  (563s)
  [180/400] seed 181 ok    84 steps success  (564s)
  [181/400] seed 182 ok    80 steps success  (564s)
  [182/400] seed 168 ok   233 steps success perturbed  (565s)
  [183/400] seed 183 ok   101 steps success perturbed  (570s)
  [184/400] seed 184 ok   100 steps success perturbed  (570s)
  [185/400] seed 186 ok    83 steps success  (571s)
  [186/400] seed 189 ok    80 steps success  (574s)
  [187/400] seed 185 ok    92 steps success perturbed  (574s)
  [188/400] seed 188 ok    89 steps success  (575s)
  [189/400] seed 187 ok   120 steps success perturbed  (584s)
  [190/400] seed 190 ok    79 steps success  (585s)
  [191/400] seed 191 ok    85 steps success  (589s)
  [192/400] seed 195 ok    85 steps success  (596s)
  [193/400] seed 192 ok    90 steps success  (596s)
  [194/400] seed 179 FAIL 250 steps truncated perturbed  (600s)
  [195/400] seed 194 ok   114 steps success perturbed  (603s)
  [196/400] seed 198 ok    88 steps success  (603s)
  [197/400] seed 200 ok    83 steps success  (605s)
  [198/400] seed 197 ok   118 steps success perturbed  (613s)
  [199/400] seed 193 ok   149 steps success perturbed  (613s)
  [200/400] seed 201 ok   114 steps success perturbed  (614s)
  [201/400] seed 199 ok   112 steps success perturbed  (614s)
  [202/400] seed 203 ok    82 steps success  (616s)
  [203/400] seed 196 ok   148 steps success perturbed  (617s)
  [204/400] seed 205 ok    84 steps success perturbed  (628s)
  [205/400] seed 206 ok    93 steps success perturbed  (633s)
  [206/400] seed 209 ok    85 steps success  (636s)
  [207/400] seed 210 ok    85 steps success  (638s)
  [208/400] seed 204 ok   159 steps success perturbed  (646s)
  [209/400] seed 213 ok    83 steps success  (648s)
  [210/400] seed 211 ok    85 steps success  (648s)
  [211/400] seed 212 ok    87 steps success  (648s)
  [212/400] seed 214 ok    87 steps success  (649s)
  [213/400] seed 215 ok    85 steps success  (651s)
  [214/400] seed 218 ok    84 steps success  (667s)
  [215/400] seed 217 ok   106 steps success perturbed  (668s)
  [216/400] seed 220 ok    80 steps success  (670s)
  [217/400] seed 202 FAIL 250 steps truncated  (672s)
  [218/400] seed 216 ok   155 steps success  (672s)
  [219/400] seed 222 ok    83 steps success  (680s)
  [220/400] seed 224 ok    84 steps success perturbed  (680s)
  [221/400] seed 225 ok    82 steps success  (682s)
  [222/400] seed 223 ok    82 steps success  (683s)
  [223/400] seed 221 ok    95 steps success perturbed  (684s)
  [224/400] seed 226 ok    83 steps success  (686s)
  [225/400] seed 207 FAIL 250 steps truncated  (686s)
  [226/400] seed 219 ok   133 steps success perturbed  (686s)
  [227/400] seed 208 FAIL 250 steps truncated  (697s)
  [228/400] seed 227 ok    83 steps success  (701s)
  [229/400] seed 228 ok    83 steps success  (701s)
  [230/400] seed 231 ok    96 steps success  (707s)
  [231/400] seed 232 ok    82 steps success  (711s)
  [232/400] seed 229 ok   121 steps success  (712s)
  [233/400] seed 235 ok    80 steps success perturbed  (713s)
  [234/400] seed 236 ok    80 steps success  (713s)
  [235/400] seed 234 ok    90 steps success perturbed  (715s)
  [236/400] seed 230 ok   136 steps success  (718s)
  [237/400] seed 239 ok    87 steps success  (718s)
  [238/400] seed 238 ok    95 steps success  (719s)
  [239/400] seed 233 ok   111 steps success perturbed  (721s)
  [240/400] seed 240 ok    85 steps success  (730s)
  [241/400] seed 241 ok    87 steps success  (733s)
  [242/400] seed 237 ok   131 steps success perturbed  (734s)
  [243/400] seed 242 ok   101 steps success  (737s)
  [244/400] seed 243 ok    95 steps success  (739s)
  [245/400] seed 246 ok    79 steps success  (741s)
  [246/400] seed 245 ok    84 steps success  (744s)
  [247/400] seed 248 ok    93 steps success  (748s)
  [248/400] seed 250 ok    87 steps success  (749s)
  [249/400] seed 252 ok    82 steps success  (751s)
  [250/400] seed 251 ok   102 steps success perturbed  (755s)
  [251/400] seed 249 ok   129 steps success  (758s)
  [252/400] seed 247 ok   148 steps success  (761s)
  [253/400] seed 253 ok    84 steps success  (761s)
  [254/400] seed 244 ok   138 steps success perturbed  (761s)
  [255/400] seed 254 ok    83 steps success  (764s)
  [256/400] seed 255 ok    82 steps success  (767s)
  [257/400] seed 257 ok    86 steps success  (771s)
  [258/400] seed 256 ok   110 steps success perturbed  (774s)
  [259/400] seed 259 ok    85 steps success  (776s)
  [260/400] seed 261 ok    82 steps success  (782s)
  [261/400] seed 258 ok   117 steps success perturbed  (783s)
  [262/400] seed 262 ok    83 steps success  (788s)
  [263/400] seed 266 ok    83 steps success  (800s)
  [264/400] seed 267 ok    82 steps success  (800s)
  [265/400] seed 264 ok    98 steps success perturbed  (803s)
  [266/400] seed 265 ok    99 steps success perturbed  (804s)
  [267/400] seed 268 ok    81 steps success  (804s)
  [268/400] seed 260 ok   152 steps success  (808s)
  [269/400] seed 270 ok    90 steps success perturbed  (812s)
  [270/400] seed 263 ok   139 steps success perturbed  (813s)
  [271/400] seed 272 ok    84 steps success  (815s)
  [272/400] seed 271 ok    89 steps success  (818s)
  [273/400] seed 274 ok    85 steps success  (825s)
  [274/400] seed 273 ok    96 steps success  (826s)
  [275/400] seed 275 ok    90 steps success  (830s)
  [276/400] seed 277 ok    79 steps success  (834s)
  [277/400] seed 276 ok    83 steps success  (837s)
  [278/400] seed 278 ok    84 steps success  (838s)
  [279/400] seed 269 ok   186 steps success perturbed  (839s)
  [280/400] seed 279 ok   103 steps success  (842s)
  [281/400] seed 280 ok   102 steps success  (844s)
  [282/400] seed 281 ok    95 steps success  (844s)
  [283/400] seed 282 ok    85 steps success  (846s)
  [284/400] seed 283 ok    81 steps success  (846s)
  [285/400] seed 284 ok    84 steps success  (849s)
  [286/400] seed 285 ok    95 steps success perturbed  (851s)
  [287/400] seed 286 ok    91 steps success  (859s)
  [288/400] seed 289 ok    84 steps success  (872s)
  [289/400] seed 290 ok    87 steps success  (875s)
  [290/400] seed 288 ok   108 steps success perturbed  (876s)
  [291/400] seed 292 ok    87 steps success  (878s)
  [292/400] seed 293 ok    85 steps success  (879s)
  [293/400] seed 291 ok    94 steps success perturbed  (881s)
  [294/400] seed 295 ok    85 steps success  (884s)
  [295/400] seed 297 ok    80 steps success  (884s)
  [296/400] seed 294 ok    97 steps success perturbed  (891s)
  [297/400] seed 298 ok    85 steps success  (891s)
  [298/400] seed 299 ok    86 steps success  (894s)
  [299/400] seed 300 ok    98 steps success perturbed  (911s)
  [300/400] seed 296 ok   133 steps success perturbed  (911s)
  [301/400] seed 287 ok   194 steps success  (912s)
  [302/400] seed 301 ok    87 steps success  (916s)
  [303/400] seed 303 ok    84 steps success  (917s)
  [304/400] seed 302 ok    86 steps success  (918s)
  [305/400] seed 306 ok    81 steps success  (919s)
  [306/400] seed 304 ok    90 steps success perturbed  (920s)
  [307/400] seed 307 ok    84 steps success  (926s)
  [308/400] seed 305 ok   109 steps success perturbed  (930s)
  [309/400] seed 309 ok    84 steps success  (931s)
  [310/400] seed 310 ok    94 steps success  (932s)
  [311/400] seed 311 ok    84 steps success  (934s)
  [312/400] seed 312 ok    81 steps success  (949s)
  [313/400] seed 313 ok    81 steps success  (951s)
  [314/400] seed 315 ok    96 steps success  (958s)
  [315/400] seed 314 ok   108 steps success perturbed  (961s)
  [316/400] seed 319 ok   101 steps success  (963s)
  [317/400] seed 316 ok   109 steps success perturbed  (968s)
  [318/400] seed 320 ok    93 steps success perturbed  (968s)
  [319/400] seed 308 ok   201 steps success perturbed  (969s)
  [320/400] seed 318 ok   114 steps success perturbed  (969s)
  [321/400] seed 324 ok    84 steps success  (975s)
  [322/400] seed 323 ok   103 steps success  (976s)
  [323/400] seed 321 ok   112 steps success perturbed  (978s)
  [324/400] seed 317 ok   153 steps success perturbed  (983s)
  [325/400] seed 325 ok    81 steps success  (986s)
  [326/400] seed 326 ok   100 steps success  (995s)
  [327/400] seed 329 ok    82 steps success  (1000s)
  [328/400] seed 327 ok   116 steps success perturbed  (1011s)
  [329/400] seed 328 ok   102 steps success perturbed  (1011s)
  [330/400] seed 334 ok    86 steps success  (1015s)
  [331/400] seed 337 ok    81 steps success  (1021s)
  [332/400] seed 335 ok    98 steps success perturbed  (1023s)
  [333/400] seed 331 ok   126 steps success perturbed  (1024s)
  [334/400] seed 333 ok   142 steps success  (1034s)
  [335/400] seed 322 FAIL 250 steps truncated  (1035s)
  [336/400] seed 338 ok   120 steps success  (1037s)
  [337/400] seed 339 ok    94 steps success  (1038s)
  [338/400] seed 330 ok   176 steps success  (1041s)
  [339/400] seed 340 ok    84 steps success  (1045s)
  [340/400] seed 336 ok   149 steps success perturbed  (1046s)
  [341/400] seed 342 ok    83 steps success  (1055s)
  [342/400] seed 343 ok    84 steps success  (1058s)
  [343/400] seed 344 ok    81 steps success  (1064s)
  [344/400] seed 341 ok   107 steps success perturbed  (1064s)
  [345/400] seed 345 ok    80 steps success  (1065s)
  [346/400] seed 332 FAIL 250 steps truncated perturbed  (1066s)
  [347/400] seed 346 ok    85 steps success  (1067s)
  [348/400] seed 348 ok    84 steps success  (1076s)
  [349/400] seed 347 ok    84 steps success  (1077s)
  [350/400] seed 350 ok    81 steps success  (1080s)
  [351/400] seed 351 ok    84 steps success  (1083s)
  [352/400] seed 349 ok   104 steps success perturbed  (1086s)
  [353/400] seed 353 ok    84 steps success  (1088s)
  [354/400] seed 354 ok    86 steps success  (1095s)
  [355/400] seed 355 ok    89 steps success  (1099s)
  [356/400] seed 356 ok    84 steps success  (1103s)
  [357/400] seed 357 ok    83 steps success  (1104s)
  [358/400] seed 358 ok    83 steps success  (1106s)
  [359/400] seed 359 ok    84 steps success  (1107s)
  [360/400] seed 360 ok    96 steps success  (1113s)
  [361/400] seed 361 ok    84 steps success  (1119s)
  [362/400] seed 362 ok    85 steps success  (1119s)
  [363/400] seed 363 ok    95 steps success  (1125s)
  [364/400] seed 366 ok    86 steps success  (1130s)
  [365/400] seed 368 ok    84 steps success  (1142s)
  [366/400] seed 367 ok   103 steps success perturbed  (1143s)
  [367/400] seed 365 ok   121 steps success perturbed  (1144s)
  [368/400] seed 364 ok   149 steps success perturbed  (1145s)
  [369/400] seed 352 FAIL 250 steps truncated perturbed  (1146s)
  [370/400] seed 371 ok    94 steps success  (1147s)
  [371/400] seed 372 ok    91 steps success perturbed  (1148s)
  [372/400] seed 370 ok    92 steps success  (1148s)
  [373/400] seed 373 ok    82 steps success  (1152s)
  [374/400] seed 375 ok   109 steps success perturbed  (1161s)
  [375/400] seed 376 ok    89 steps success  (1161s)
  [376/400] seed 369 ok   149 steps success perturbed  (1165s)
  [377/400] seed 377 ok    87 steps success  (1166s)
  [378/400] seed 378 ok    79 steps success  (1175s)
  [379/400] seed 380 ok    84 steps success  (1178s)
  [380/400] seed 379 ok    82 steps success  (1179s)
  [381/400] seed 374 ok   161 steps success perturbed  (1180s)
  [382/400] seed 384 ok    94 steps success  (1185s)
  [383/400] seed 381 ok   109 steps success perturbed  (1191s)
  [384/400] seed 382 ok   110 steps success perturbed  (1192s)
  [385/400] seed 386 ok   100 steps success  (1196s)
  [386/400] seed 385 ok   131 steps success perturbed  (1200s)
  [387/400] seed 388 ok   100 steps success  (1205s)
  [388/400] seed 389 ok    84 steps success  (1208s)
  [389/400] seed 383 ok   159 steps success perturbed  (1211s)
  [390/400] seed 387 ok   103 steps success perturbed  (1213s)
  [391/400] seed 390 ok   115 steps success perturbed  (1214s)
  [392/400] seed 391 ok    86 steps success perturbed  (1215s)
  [393/400] seed 393 ok    85 steps success  (1219s)
  [394/400] seed 394 ok    84 steps success  (1219s)
  [395/400] seed 396 ok    85 steps success  (1225s)
  [396/400] seed 398 ok    82 steps success  (1228s)
  [397/400] seed 399 ok    90 steps success  (1231s)
  [398/400] seed 395 ok   155 steps success  (1235s)
  [399/400] seed 397 ok   143 steps success perturbed  (1235s)
  [400/400] seed 392 FAIL 250 steps truncated  (1249s)
froze outputs/imitation/datasets/v1: 384 episodes, 38136 steps, success 384/384 (clean 271/271, recovery 113/113), hash 769dd372719c
froze outputs/imitation/datasets/v1_failures: 16 episodes, 4000 steps, success 0/16 (clean 0/8, recovery 0/8), hash 699a1dc71c71
1250s
