  [1/400] seed 3 ok    86 steps success  (23s)
  [2/400] seed 0 ok    80 steps success  (24s)
  [3/400] seed 9 ok    82 steps success  (24s)
  [4/400] seed 7 ok    95 steps success  (25s)
  [5/400] seed 2 ok    80 steps success  (26s)
  [6/400] seed 6 ok    84 steps success  (27s)
  [7/400] seed 8 ok    94 steps success  (27s)
  [8/400] seed 1 ok    95 steps success  (28s)
  [9/400] seed 13 ok   104 steps success  (28s)
  [10/400] seed 5 ok   114 steps success  (28s)
  [11/400] seed 10 ok    79 steps success  (29s)
  [12/400] seed 11 ok   115 steps success perturbed  (30s)
  [13/400] seed 12 ok   101 steps success perturbed  (34s)
  [14/400] seed 4 ok   104 steps success perturbed  (36s)
  [15/400] seed 14 ok    85 steps success  (47s)
  [16/400] seed 23 ok    84 steps success  (49s)
  [17/400] seed 25 ok    77 steps success  (50s)
  [18/400] seed 17 ok    97 steps success perturbed  (50s)
  [19/400] seed 18 ok    87 steps success  (50s)
  [20/400] seed 20 ok    87 steps success  (51s)
  [21/400] seed 21 ok    82 steps success  (52s)
  [22/400] seed 22 ok   111 steps success perturbed  (53s)
  [23/400] seed 26 ok    80 steps success  (59s)
  [24/400] seed 27 ok    85 steps success  (61s)
  [25/400] seed 15 ok   173 steps success perturbed  (63s)
  [26/400] seed 19 ok   150 steps success perturbed  (66s)
  [27/400] seed 28 ok    96 steps success  (69s)
  [28/400] seed 29 ok    85 steps success  (72s)
  [29/400] seed 30 ok    84 steps success  (72s)
  [30/400] seed 31 ok    84 steps success  (73s)
  [31/400] seed 32 ok    86 steps success perturbed  (78s)
  [32/400] seed 34 ok    99 steps success  (79s)
  [33/400] seed 16 FAIL 250 steps truncated perturbed  (85s)
  [34/400] seed 38 ok    77 steps success  (85s)
  [35/400] seed 36 ok    87 steps success  (87s)
  [36/400] seed 37 ok    87 steps success  (90s)
  [37/400] seed 39 ok    85 steps success  (96s)
  [38/400] seed 40 ok    83 steps success  (101s)
  [39/400] seed 24 FAIL 250 steps truncated  (101s)
  [40/400] seed 42 ok    81 steps success  (104s)
  [41/400] seed 35 ok   187 steps success perturbed  (104s)
  [42/400] seed 43 ok    83 steps success  (105s)
  [43/400] seed 33 ok   178 steps success perturbed  (106s)
  [44/400] seed 45 ok    82 steps success  (112s)
  [45/400] seed 44 ok   103 steps success perturbed  (117s)
  [46/400] seed 41 ok   140 steps success perturbed  (119s)
  [47/400] seed 46 ok    84 steps success  (120s)
  [48/400] seed 48 ok    91 steps success perturbed  (122s)
  [49/400] seed 49 ok    85 steps success  (122s)
  [50/400] seed 51 ok    79 steps success  (130s)
  [51/400] seed 52 ok    82 steps success  (132s)
  [52/400] seed 50 ok   105 steps success  (134s)
  [53/400] seed 47 ok   149 steps success  (136s)
  [54/400] seed 56 ok    85 steps success  (138s)
  [55/400] seed 53 ok   111 steps success perturbed  (140s)
  [56/400] seed 57 ok    82 steps success  (144s)
  [57/400] seed 59 ok    87 steps success  (152s)
  [58/400] seed 60 ok    93 steps success  (156s)
  [59/400] seed 61 ok   118 steps success perturbed  (161s)
  [60/400] seed 64 ok    86 steps success  (165s)
  [61/400] seed 67 ok    79 steps success  (167s)
  [62/400] seed 63 ok   140 steps success  (174s)
  [63/400] seed 69 ok    82 steps success  (174s)
  [64/400] seed 65 ok   114 steps success perturbed  (176s)
  [65/400] seed 70 ok    88 steps success  (182s)
  [66/400] seed 68 ok   138 steps success  (182s)
  [67/400] seed 55 FAIL 250 steps truncated  (184s)
  [68/400] seed 58 FAIL 250 steps truncated  (185s)
  [69/400] seed 54 FAIL 250 steps truncated  (186s)
  [70/400] seed 72 ok    78 steps success  (191s)
  [71/400] seed 73 ok    85 steps success  (195s)
  [72/400] seed 71 ok   128 steps success perturbed  (198s)
  [73/400] seed 62 FAIL 250 steps truncated  (198s)
  [74/400] seed 74 ok    82 steps success  (199s)
  [75/400] seed 75 ok    79 steps success  (201s)
  [76/400] seed 79 ok    84 steps success  (214s)
  [77/400] seed 66 FAIL 250 steps truncated  (216s)
  [78/400] seed 81 ok    85 steps success  (217s)
  [79/400] seed 77 ok   122 steps success perturbed  (221s)
  [80/400] seed 80 ok    99 steps success perturbed  (221s)
  [81/400] seed 82 ok   105 steps success  (222s)
  [82/400] seed 78 ok   135 steps success perturbed  (228s)
  [83/400] seed 86 ok    85 steps success  (231s)
  [84/400] seed 76 ok   192 steps success  (231s)
  [85/400] seed 85 ok    99 steps success perturbed  (235s)
  [86/400] seed 83 ok   131 steps success perturbed  (236s)
  [87/400] seed 84 ok   123 steps success  (237s)
  [88/400] seed 87 ok   117 steps success perturbed  (241s)
  [89/400] seed 88 ok   116 steps success perturbed  (242s)
  [90/400] seed 91 ok   109 steps success perturbed  (256s)
  [91/400] seed 92 ok    79 steps success  (257s)
  [92/400] seed 90 ok   106 steps success perturbed  (257s)
  [93/400] seed 89 ok   121 steps success  (258s)
  [94/400] seed 93 ok    82 steps success  (259s)
  [95/400] seed 95 ok    92 steps success  (265s)
  [96/400] seed 97 ok    81 steps success  (267s)
  [97/400] seed 94 ok   148 steps success  (269s)
  [98/400] seed 98 ok    97 steps success  (272s)
  [99/400] seed 100 ok    83 steps success  (272s)
  [100/400] seed 99 ok   108 steps success perturbed  (279s)
  [101/400] seed 102 ok   103 steps success perturbed  (281s)
  [102/400] seed 106 ok    77 steps success  (288s)
  [103/400] seed 103 ok    90 steps success  (288s)
  [104/400] seed 104 ok    88 steps success  (288s)
  [105/400] seed 107 ok    83 steps success  (293s)
  [106/400] seed 108 ok    85 steps success  (296s)
  [107/400] seed 110 ok    81 steps success  (300s)
  [108/400] seed 111 ok    81 steps success  (303s)
  [109/400] seed 112 ok    93 steps success  (303s)
  [110/400] seed 101 ok   175 steps success  (308s)
  [111/400] seed 113 ok    80 steps success  (309s)
  [112/400] seed 114 ok    86 steps success  (313s)
  [113/400] seed 96 FAIL 250 steps truncated  (316s)
  [114/400] seed 117 ok    80 steps success perturbed  (320s)
  [115/400] seed 105 ok   213 steps success perturbed  (321s)
  [116/400] seed 115 ok    93 steps success perturbed  (321s)
  [117/400] seed 116 ok   140 steps success  (329s)
  [118/400] seed 122 ok    79 steps success  (334s)
  [119/400] seed 109 ok   220 steps success  (335s)
  [120/400] seed 124 ok    85 steps success  (341s)
  [121/400] seed 123 ok    82 steps success  (341s)
  [122/400] seed 120 ok   113 steps success perturbed  (341s)
  [123/400] seed 125 ok    82 steps success perturbed  (345s)
  [124/400] seed 129 ok    80 steps success  (346s)
  [125/400] seed 128 ok    84 steps success  (348s)
  [126/400] seed 127 ok    81 steps success  (349s)
  [127/400] seed 118 FAIL 250 steps truncated perturbed  (355s)
  [128/400] seed 130 ok    79 steps success  (358s)
  [129/400] seed 131 ok    84 steps success  (361s)
  [130/400] seed 132 ok    90 steps success  (361s)
  [131/400] seed 135 ok    81 steps success perturbed  (362s)
  [132/400] seed 137 ok    82 steps success  (367s)
  [133/400] seed 136 ok    90 steps success  (368s)
  [134/400] seed 133 ok    83 steps success  (368s)
  [135/400] seed 134 ok    81 steps success  (368s)
  [136/400] seed 119 FAIL 250 steps truncated  (369s)
  [137/400] seed 138 ok   122 steps success  (375s)
  [138/400] seed 121 ok   223 steps success perturbed  (375s)
  [139/400] seed 139 ok    84 steps success  (376s)
  [140/400] seed 126 FAIL 250 steps truncated  (381s)
  [141/400] seed 144 ok    83 steps success  (384s)
  [142/400] seed 145 ok    78 steps success  (387s)
  [143/400] seed 142 ok    85 steps success  (388s)
  [144/400] seed 140 ok   141 steps success perturbed  (389s)
  [145/400] seed 146 ok    83 steps success  (390s)
  [146/400] seed 149 ok    87 steps success  (391s)
  [147/400] seed 148 ok    82 steps success  (396s)
  [148/400] seed 150 ok   101 steps success  (396s)
  [149/400] seed 151 ok    83 steps success  (397s)
  [150/400] seed 152 ok    83 steps success  (405s)
  [151/400] seed 154 ok    81 steps success  (405s)
  [152/400] seed 158 ok    88 steps success  (412s)
  [153/400] seed 157 ok   100 steps success  (413s)
  [154/400] seed 159 ok    87 steps success  (414s)
  [155/400] seed 143 ok   190 steps success perturbed  (416s)
  [156/400] seed 141 ok   220 steps success perturbed  (417s)
  [157/400] seed 161 ok    88 steps success  (418s)
  [158/400] seed 162 ok    85 steps success  (418s)
  [159/400] seed 155 ok   160 steps success  (420s)
  [160/400] seed 160 ok    84 steps success  (426s)
  [161/400] seed 147 ok   186 steps success  (426s)
  [162/400] seed 164 ok    82 steps success  (427s)
  [163/400] seed 165 ok    97 steps success perturbed  (437s)
  [164/400] seed 167 ok    98 steps success  (439s)
  [165/400] seed 163 ok   103 steps success perturbed  (441s)
  [166/400] seed 170 ok   119 steps success  (445s)
  [167/400] seed 172 ok   112 steps success  (446s)
  [168/400] seed 166 ok   152 steps success perturbed  (449s)
  [169/400] seed 169 ok   116 steps success perturbed  (453s)
  [170/400] seed 173 ok    85 steps success  (456s)
  [171/400] seed 174 ok    99 steps success  (456s)
  [172/400] seed 156 FAIL 250 steps truncated perturbed  (459s)
  [173/400] seed 176 ok    80 steps success  (461s)
  [174/400] seed 177 ok    84 steps success  (461s)
  [175/400] seed 175 ok   139 steps success perturbed  (462s)
  [176/400] seed 153 ok   223 steps success perturbed  (463s)
  [177/400] seed 180 ok    82 steps success perturbed  (467s)
  [178/400] seed 181 ok    84 steps success  (473s)
  [179/400] seed 171 FAIL 250 steps truncated perturbed  (473s)
  [180/400] seed 178 ok    98 steps success perturbed  (475s)
  [181/400] seed 179 ok   117 steps success perturbed  (475s)
  [182/400] seed 182 ok    80 steps success  (480s)
  [183/400] seed 186 ok    83 steps success  (483s)
  [184/400] seed 184 ok   100 steps success perturbed  (486s)
  [185/400] seed 188 ok   102 steps success  (486s)
  [186/400] seed 183 ok   101 steps success perturbed  (487s)
  [187/400] seed 168 FAIL 250 steps truncated perturbed  (488s)
  [188/400] seed 190 ok    79 steps success  (488s)
  [189/400] seed 185 ok    92 steps success perturbed  (489s)
  [190/400] seed 189 ok    80 steps success  (490s)
  [191/400] seed 187 ok   120 steps success perturbed  (491s)
  [192/400] seed 192 ok    90 steps success  (497s)
  [193/400] seed 194 ok   104 steps success perturbed  (502s)
  [194/400] seed 195 ok    85 steps success  (507s)
  [195/400] seed 198 ok    91 steps success  (511s)
  [196/400] seed 200 ok    83 steps success  (514s)
  [197/400] seed 203 ok    82 steps success  (516s)
  [198/400] seed 201 ok   114 steps success perturbed  (518s)
  [199/400] seed 196 ok   148 steps success perturbed  (520s)
  [200/400] seed 193 ok   149 steps success perturbed  (520s)
  [201/400] seed 205 ok    84 steps success perturbed  (521s)
  [202/400] seed 197 ok   113 steps success perturbed  (524s)
  [203/400] seed 199 ok   114 steps success perturbed  (526s)
  [204/400] seed 204 ok   148 steps success perturbed  (527s)
  [205/400] seed 206 ok    93 steps success perturbed  (528s)
  [206/400] seed 191 FAIL 250 steps truncated  (533s)
  [207/400] seed 211 ok    85 steps success  (541s)
  [208/400] seed 209 ok    85 steps success  (542s)
  [209/400] seed 210 ok    85 steps success  (543s)
  [210/400] seed 212 ok    87 steps success  (543s)
  [211/400] seed 214 ok    87 steps success  (543s)
  [212/400] seed 213 ok    83 steps success  (548s)
  [213/400] seed 218 ok    84 steps success  (552s)
  [214/400] seed 215 ok    85 steps success  (554s)
  [215/400] seed 217 ok   109 steps success perturbed  (555s)
