  50 {'success': 35, 'F1': 5, 'S1': 4, 'G1': 6}  394s
  100 {'success': 72, 'F1': 7, 'S1': 11, 'G1': 10}  773s
  150 {'success': 108, 'F1': 8, 'S1': 16, 'G1': 18}  1130s
  200 {'success': 141, 'F1': 15, 'S1': 19, 'G1': 25}  1503s
  250 {'success': 174, 'F1': 17, 'S1': 24, 'G1': 35}  1903s
  300 {'success': 213, 'F1': 20, 'S1': 26, 'G1': 41}  2232s
  350 {'success': 246, 'F1': 26, 'S1': 28, 'G1': 50}  2567s
  400 {'success': 278, 'F1': 31, 'S1': 31, 'G1': 60}  2911s
  450 {'success': 309, 'F1': 40, 'S1': 37, 'G1': 64}  3262s
  500 {'success': 347, 'F1': 43, 'S1': 38, 'G1': 72}  3573s
  550 {'success': 383, 'F1': 45, 'S1': 39, 'G1': 83}  3878s
  600 {'success': 415, 'F1': 50, 'S1': 44, 'G1': 91}  4195s
  650 {'success': 443, 'F1': 57, 'S1': 51, 'G1': 99}  4551s
  700 {'success': 482, 'F1': 64, 'S1': 52, 'G1': 102}  4852s
  750 {'success': 511, 'F1': 71, 'S1': 56, 'G1': 112}  5171s
  800 {'success': 543, 'F1': 75, 'S1': 59, 'G1': 123}  5482s
  850 {'success': 580, 'F1': 78, 'S1': 61, 'G1': 131}  5788s
Process SpawnProcess-5:
Process SpawnProcess-4:
Process SpawnProcess-6:
Traceback (most recent call last):
Traceback (most recent call last):
  File "C:\Users\ethan\AppData\Local\Programs\Python\Python313\Lib\multiprocessing\connection.py", line 328, in _recv_bytes
    nread, err = ov.GetOverlappedResult(True)
                 ~~~~~~~~~~~~~~~~~~~~~~^^^^^^
BrokenPipeError: [WinError 109] The pipe has been ended
  File "C:\Users\ethan\AppData\Local\Programs\Python\Python313\Lib\multiprocessing\connection.py", line 328, in _recv_bytes
    nread, err = ov.GetOverlappedResult(True)
                 ~~~~~~~~~~~~~~~~~~~~~~^^^^^^
BrokenPipeError: [WinError 109] The pipe has been ended

During handling of the above exception, another exception occurred:

Traceback (most recent call last):

During handling of the above exception, another exception occurred:

Traceback (most recent call last):
  File "C:\Users\ethan\AppData\Local\Programs\Python\Python313\Lib\multiprocessing\process.py", line 313, in _bootstrap
    self.run()
    ~~~~~~~~^^
  File "C:\Users\ethan\AppData\Local\Programs\Python\Python313\Lib\multiprocessing\process.py", line 108, in run
    self._target(*self._args, **self._kwargs)
    ~~~~~~~~~~~~^^^^^^^^^^^^^^^^^^^^^^^^^^^^^
  File "C:\Users\ethan\Documents\Projects\watai\WorldFold\imitation\rollout.py", line 59, in _worker
    cmd, arg = pipe.recv()
               ~~~~~~~~~^^
  File "C:\Users\ethan\AppData\Local\Programs\Python\Python313\Lib\multiprocessing\connection.py", line 250, in recv
    buf = self._recv_bytes()
  File "C:\Users\ethan\AppData\Local\Programs\Python\Python313\Lib\multiprocessing\connection.py", line 337, in _recv_bytes
    raise EOFError
EOFError
  File "C:\Users\ethan\AppData\Local\Programs\Python\Python313\Lib\multiprocessing\process.py", line 313, in _bootstrap
    self.run()
    ~~~~~~~~^^
  File "C:\Users\ethan\AppData\Local\Programs\Python\Python313\Lib\multiprocessing\process.py", line 108, in run
    self._target(*self._args, **self._kwargs)
    ~~~~~~~~~~~~^^^^^^^^^^^^^^^^^^^^^^^^^^^^^
  File "C:\Users\ethan\Documents\Projects\watai\WorldFold\imitation\rollout.py", line 59, in _worker
    cmd, arg = pipe.recv()
               ~~~~~~~~~^^
  File "C:\Users\ethan\AppData\Local\Programs\Python\Python313\Lib\multiprocessing\connection.py", line 250, in recv
    buf = self._recv_bytes()
  File "C:\Users\ethan\AppData\Local\Programs\Python\Python313\Lib\multiprocessing\connection.py", line 337, in _recv_bytes
    raise EOFError
EOFError
  900 {'success': 616, 'F1': 80, 'S1': 63, 'G1': 141}  79s
  950 {'success': 650, 'F1': 83, 'S1': 67, 'G1': 150}  227s
  1000 {'success': 687, 'F1': 86, 'S1': 69, 'G1': 158}  371s
  1050 {'success': 723, 'F1': 91, 'S1': 70, 'G1': 166}  510s
  1100 {'success': 756, 'F1': 97, 'S1': 72, 'G1': 175}  669s
  1150 {'success': 785, 'F1': 104, 'S1': 77, 'G1': 184}  837s
  1200 {'success': 820, 'F1': 107, 'S1': 82, 'G1': 191}  972s
  1250 {'success': 853, 'F1': 110, 'S1': 86, 'G1': 201}  1129s
  1300 {'success': 884, 'F1': 114, 'S1': 91, 'G1': 211}  1293s
  1350 {'success': 920, 'F1': 118, 'S1': 94, 'G1': 218}  1438s
  1400 {'success': 950, 'F1': 123, 'S1': 98, 'G1': 229}  1592s
  1450 {'success': 984, 'F1': 127, 'S1': 104, 'G1': 235}  1739s
  1500 {'success': 1024, 'F1': 130, 'S1': 107, 'G1': 239}  1872s
  1550 {'success': 1063, 'F1': 131, 'S1': 110, 'G1': 246}  2010s
  1600 {'success': 1090, 'F1': 134, 'S1': 115, 'G1': 261}  2181s
  1650 {'success': 1120, 'F1': 141, 'S1': 121, 'G1': 268}  2328s
froze harvest_v2: 1679 episodes, success 1141, by code {'success': 1141, 'F1': 145, 'S1': 122, 'G1': 271}, hash febfb9275058, 2410s
by cell {'p0 s0.1 F1': 19, 'p0 s0.1 G1': 29, 'p0 s0.1 S1': 4, 'p0 s0.1 success': 158, 'p0 s0.3 F1': 39, 'p0 s0.3 G1': 101, 'p0 s0.3 S1': 8, 'p0 s0.3 success': 62, 'p1 s0.1 F1': 13, 'p1 s0.1 G1': 19, 'p1 s0.1 S1': 2, 'p1 s0.1 success': 176, 'p1 s0.3 F1': 14, 'p1 s0.3 G1': 70, 'p1 s0.3 S1': 4, 'p1 s0.3 success': 122, 'p2 s0.1 F1': 15, 'p2 s0.1 G1': 2, 'p2 s0.1 S1': 20, 'p2 s0.1 success': 173, 'p2 s0.3 F1': 27, 'p2 s0.3 G1': 10, 'p2 s0.3 S1': 65, 'p2 s0.3 success': 108, 'p3 s0.1 F1': 5, 'p3 s0.1 G1': 11, 'p3 s0.1 S1': 3, 'p3 s0.1 success': 191, 'p3 s0.3 F1': 13, 'p3 s0.3 G1': 29, 'p3 s0.3 S1': 16, 'p3 s0.3 success': 151}
