{
 "success": {
  "n": 16531,
  "V_mean": 0.8849364519119263,
  "A_mean": -0.018608005717396736,
  "A_std": 0.047378960996866226,
  "A_p5": -0.09620855748653412,
  "A_p95": 0.025253698229789734
 },
 "G1": {
  "n": 8672,
  "V_mean": 0.3066331446170807,
  "A_mean": -0.019941752776503563,
  "A_std": 0.05437271296977997,
  "A_p5": -0.123734250664711,
  "A_p95": 0.04662971943616867
 },
 "F1": {
  "n": 4640,
  "V_mean": 0.43823516368865967,
  "A_mean": -0.02136887237429619,
  "A_std": 0.06555916368961334,
  "A_p5": -0.14315536618232727,
  "A_p95": 0.06856437772512436
 },
 "S1": {
  "n": 3904,
  "V_mean": 0.46430155634880066,
  "A_mean": -0.02508239820599556,
  "A_std": 0.06399471312761307,
  "A_p5": -0.14436596632003784,
  "A_p95": 0.06414606422185898
 },
 "summary": {
  "V_gap_success_minus_failed": 0.5070805549621582,
  "A_gap_success_minus_failed": 0.0028841011226177216,
  "A_std_all": 0.05411294475197792
 }
}
