== 2026-10-07T16:10:18 "C:\Users\ethan\Documents\Projects\watai\WorldFold\.venv-isaac\Scripts\python.exe" -u "C:\Users\ethan\Documents\Projects\watai\WorldFold\isaac\grasp_bench.py" --seeds 600040:600060 --out "C:\Users\ethan\Documents\Projects\watai\WorldFold\outputs\isaac\grasp\f2_i_adh01_j1" --profile friction --knobs adhesion=0.1
[INFO][AppLauncher]: Using device: cuda:0
[INFO][AppLauncher]: Loading experience file: C:\Users\ethan\Documents\Projects\watai\WorldFold\.venv-isaac\src\IsaacLab\apps\isaaclab.python.kit
Loading user config located at: 'C:/Users/ethan/Documents/Projects/watai/WorldFold/.venv-isaac/kit/data/Kit/Isaac-Sim/5.1/user.config.json'
[Info] [carb] Logging to file: C:/Users/ethan/Documents/Projects/watai/WorldFold/.venv-isaac/kit/logs/Kit/Isaac-Sim/5.1/kit_20261007_161019.log
2026-10-07T20:10:19Z [9ms] [Warning] [carb.crashreporter-breakpad.plugin] [previous crash] preventing upload of minidump due to user opt-out: 'C:/Users/ethan/Documents/Projects/watai/WorldFold/.venv-isaac/kit/data/Kit/Isaac-Sim/5.1\c028bb7c-c523-4d6e-8b2b-2af63f808ac2.dmp'
2026-10-07T20:10:19Z [10ms] [Warning] [carb.crashreporter-breakpad.plugin] [previous crash] preventing upload of minidump due to user opt-out: 'C:/Users/ethan/Documents/Projects/watai/WorldFold/.venv-isaac/kit/data/Kit/Isaac-Sim/5.1\581073d2-5aa0-4aac-8bfa-8d8e8aec0915.dmp'
[0.264s] [ext: omni.kit.async_engine-0.0.3] startup
[0.595s] [ext: omni.metrics.core-0.0.3] startup
[0.601s] [ext: omni.client.lib-1.1.0] startup
[0.635s] [ext: omni.blobkey-1.1.2] startup
[0.637s] [ext: omni.stats-1.0.1] startup
[0.642s] [ext: omni.datastore-0.0.0] startup
[0.647s] [ext: omni.client-1.3.0] startup
[0.660s] [ext: omni.ujitso.default-1.0.0] startup
[0.667s] [ext: omni.hsscclient-1.1.2] startup
[0.678s] [ext: omni.gpu_foundation.shadercache.d3d12-1.0.0] startup
[0.685s] [ext: omni.assets.plugins-0.0.0] startup
[0.691s] [ext: omni.gpu_foundation-0.0.0] startup
[0.733s] [ext: carb.windowing.plugins-1.0.0] startup
[0.924s] [ext: omni.kit.renderer.init-0.0.0] startup
[0.928s] [ext: omni.materialx.libs-1.0.7] startup
[0.949s] [ext: omni.kit.pipapi-0.0.0] startup
[0.952s] [ext: omni.usd.config-1.0.6] startup
[0.982s] [ext: omni.gpucompute.plugins-0.0.0] startup
[0.986s] [ext: omni.usd.libs-1.0.1] startup
[1.121s] [ext: omni.kit.telemetry-0.5.2] startup
[1.147s] [ext: omni.mdl-56.0.3] startup
[1.295s] [ext: omni.iray.libs-0.0.0] startup
[1.327s] [ext: omni.mdl.neuraylib-0.2.12] startup
[1.337s] [ext: omni.kit.usd.mdl-1.1.5] startup
2026-10-07T20:10:21Z [1,298ms] [Warning] [gpu.foundation.plugin] Skipping unsupported non-NVIDIA GPU: Intel(R) Arc(TM) 140T GPU (32GB)
2026-10-07T20:10:21Z [1,299ms] [Warning] [gpu.foundation.plugin] Skipping unsupported non-NVIDIA GPU: Intel(R) Arc(TM) 140T GPU (32GB)
[1.496s] [ext: omni.kit.pip_archive-0.0.0] startup
[1.498s] [ext: omni.kit.loop-isaac-1.3.7] startup
[1.501s] [ext: omni.kit.test-2.0.1] startup
[1.696s] [ext: omni.appwindow-1.1.10] startup
[1.704s] [ext: omni.kit.renderer.core-1.1.0] startup
[1.722s] [ext: omni.kit.renderer.capture-0.0.0] startup
[1.731s] [ext: omni.kit.renderer.imgui-2.0.5] startup
[1.756s] [ext: omni.ui-2.27.1] startup
[1.776s] [ext: omni.kit.mainwindow-1.0.3] startup
[1.779s] [ext: carb.audio-0.1.0] startup
[1.782s] [ext: omni.uiaudio-1.0.0] startup
[1.787s] [ext: omni.kit.uiapp-0.0.0] startup
[1.787s] [ext: omni.usd.schema.metrics.assembler-107.3.1] startup
[1.804s] [ext: omni.usd.schema.geospatial-0.0.0] startup
[1.817s] [ext: omni.usd.schema.anim-0.0.0] startup
[1.865s] [ext: omni.usd.schema.physx-107.3.26] startup

|---------------------------------------------------------------------------------------------|
| Driver Version: 616.56        | Graphics API: D3D12
|=============================================================================================|
| GPU | Name                             | Active | LDA | GPU Memory | Vendor-ID | LUID       |
|     |                                  |        |     |            | Device-ID | UUID       |
|     |                                  |        |     |            | Bus-ID    |            |
|---------------------------------------------------------------------------------------------|
| 0   | NVIDIA GeForce RTX 5080 Laptop.. | Yes: 0 |     | 16003   MB | 10de      | 35350100.. |
|     |                                  |        |     |            | 2c59      | 0          |
|     |                                  |        |     |            | 1         |            |
|---------------------------------------------------------------------------------------------|
| 1   | Intel(R) Arc(TM) 140T GPU (32GB) |        |     | 128     MB | 8086      | c94f0100.. |
|     |                                  |        |     |            | 7d51      | 0          |
|     |                                  |        |     |            | N/A       |            |
|=============================================================================================|
| OS: Windows 11 Pro, Version: 10.0 (25H2), Build: 26200, Kernel: 10.0.26100.9457
| Processor: Intel(R) Core(TM) Ultra 9 285H
| Cores: 16 | Logical Cores: 16
|---------------------------------------------------------------------------------------------|
| Total Memory (MB): 64957 | Free Memory: 28985
| Total Page/Swap (MB): 73661 | Free Page/Swap: 5766
|---------------------------------------------------------------------------------------------|
[1.908s] [ext: omni.usd.schema.omnigraph-1.0.0] startup
2026-10-07T20:10:21Z [1,762ms] [Warning] [gpu.foundation.plugin] PCIe link width current (8) and maximum (16) for device 0 don't match.
[1.927s] [ext: omni.usd.schema.semantics-0.0.0] startup
[1.938s] [ext: omni.usd.schema.audio-0.0.0] startup
[1.949s] [ext: isaacsim.robot.schema-3.6.0] startup
[1.971s] [ext: omni.usd_resolver-1.0.0] startup
[1.986s] [ext: omni.usd.core-1.5.3] startup
[1.988s] [ext: omni.usd.schema.omni_lens_distortion-0.0.0] startup
[2.042s] [ext: omni.usd.schema.omni_sensors-0.0.0] startup
[2.043s] [ext: omni.usd.schema.omniscripting-1.0.0] startup
[2.056s] [ext: omni.kit.window.popup_dialog-2.0.24] startup
[2.068s] [ext: omni.graph.exec-0.9.6] startup
[2.072s] [ext: omni.kit.widget.nucleus_connector-2.0.1] startup
[2.081s] [ext: omni.kit.usd_undo-0.1.8] startup
[2.083s] [ext: omni.kit.exec.core-0.13.4] startup
[2.091s] [ext: omni.kit.actions.core-1.0.0] startup
[2.101s] [ext: omni.resourcemonitor-107.0.1] startup
[2.108s] [ext: omni.activity.core-1.0.3] startup
[2.114s] [ext: omni.timeline-1.0.14] startup
[2.119s] [ext: omni.kit.commands-1.4.10] startup
[2.136s] [ext: usdrt.scenegraph-7.6.1] startup
[2.278s] [ext: omni.kit.audiodeviceenum-1.0.2] startup
[2.285s] [ext: omni.hydra.usdrt_delegate-7.5.1] startup
[2.311s] [ext: omni.hydra.scene_delegate-0.3.4] startup
[2.321s] [ext: omni.usd-1.13.10] startup
[2.421s] [ext: omni.kit.asset_converter-5.0.17] startup
[2.440s] [ext: omni.usd.schema.render_settings.rtx-0.0.0] startup
[2.444s] [ext: omni.index.libs-380600.8087.0] startup
[2.444s] [ext: omni.volume-0.5.2] startup
[2.459s] [ext: omni.ujitso.client-0.0.0] startup
[2.464s] [ext: omni.index-1.0.1] startup
[2.467s] [ext: omni.hydra.rtx.shadercache.d3d12-1.0.0] startup
[2.473s] [ext: omni.hydra.rtx-1.0.0] startup
[2.553s] [ext: omni.kit.viewport.legacy_gizmos-1.0.19] startup
[2.558s] [ext: omni.kit.raycast.query-1.1.0] startup
[2.568s] [ext: omni.kit.widget.path_field-2.0.11] startup
[2.575s] [ext: omni.kit.clipboard-1.0.5] startup
[2.580s] [ext: omni.kit.widget.options_menu-1.1.6] startup
[2.595s] [ext: omni.kit.helper.file_utils-0.1.9] startup
[2.601s] [ext: omni.kit.widget.browser_bar-2.0.10] startup
[2.606s] [ext: omni.kit.notification_manager-1.0.10] startup
[2.615s] [ext: omni.kit.menu.core-1.1.2] startup
[2.620s] [ext: omni.kit.widget.options_button-1.0.3] startup
[2.624s] [ext: omni.kit.widget.filebrowser-2.12.3] startup
[2.664s] [ext: omni.kit.viewport.registry-104.0.6] startup
[2.666s] [ext: omni.kit.menu.utils-2.0.5] startup
[2.715s] [ext: omni.kit.widget.context_menu-1.2.5] startup
[2.722s] [ext: omni.kit.usd.layers-2.2.11] startup
[2.761s] [ext: omni.ui.scene-1.11.5] startup
[2.770s] [ext: omni.kit.context_menu-1.8.6] startup
[2.783s] [ext: omni.kit.window.filepicker-2.13.4] startup
[2.908s] [ext: omni.kit.widget.searchable_combobox-1.0.6] startup
[2.916s] [ext: omni.kit.viewport.scene_camera_model-1.0.6] startup
[2.924s] [ext: omni.kit.hydra_texture-1.4.6] startup
[2.940s] [ext: omni.kit.window.file_importer-1.1.18] startup
[2.955s] [ext: omni.kit.widget.settings-1.2.6] startup
[2.974s] [ext: omni.kit.window.drop_support-1.0.5] startup
[2.978s] [ext: omni.kit.widget.viewport-107.1.3] startup
[3.016s] [ext: omni.kit.material.library-2.0.7] startup
[3.051s] [ext: omni.hydra.engine.stats-1.0.3] startup
[3.056s] [ext: omni.kit.window.preferences-1.8.0] startup
[3.089s] [ext: omni.kit.viewport.window-107.2.0] startup
[3.301s] [ext: omni.kit.manipulator.transform-107.0.0] startup
[3.331s] [ext: omni.kvdb-107.3.26] startup
[3.340s] [ext: omni.kit.widget.toolbar-2.0.1] startup
[3.375s] [ext: omni.kit.viewport.utility-1.1.2] startup
[3.382s] [ext: omni.usdphysics-107.3.26] startup
[3.389s] [ext: omni.physx.foundation-107.3.26] startup
[3.403s] [ext: omni.localcache-107.3.26] startup
[3.412s] [ext: omni.convexdecomposition-107.3.26] startup
[3.422s] [ext: omni.kit.manipulator.tool.snap-1.5.13] startup
[3.445s] [ext: omni.kit.manipulator.selector-1.1.3] startup
[3.451s] [ext: omni.physx.cooking-107.3.26] startup
[3.459s] [ext: omni.kit.viewport.manipulator.transform-107.0.4] startup
[3.470s] [ext: omni.physx-107.3.26] startup
[3.506s] [ext: omni.kit.manipulator.viewport-107.0.1] startup
[3.510s] [ext: omni.kit.primitive.mesh-1.0.17] startup
[3.534s] [ext: omni.kit.manipulator.prim.core-107.0.8] startup
[3.574s] [ext: omni.fabric.commands-1.1.6] startup
[3.593s] [ext: omni.kit.manipulator.prim.usd-107.0.3] startup
[3.599s] [ext: omni.kit.manipulator.prim.fabric-107.0.4] startup
[3.607s] [ext: omni.debugdraw-0.1.4] startup
[3.618s] [ext: omni.physx.commands-107.3.26] startup
[3.661s] [ext: omni.kit.manipulator.selection-106.0.1] startup
[3.668s] [ext: omni.kit.manipulator.prim-107.0.0] startup
[3.668s] [ext: omni.physics.tensors-107.3.26] startup
[3.696s] [ext: omni.kit.property.adapter.core-1.0.2] startup
[3.705s] [ext: omni.kit.widget.highlight_label-1.0.3] startup
[3.708s] [ext: omni.kit.widget.searchfield-1.1.8] startup
[3.717s] [ext: omni.kit.property.adapter.fabric-1.0.3] startup
[3.726s] [ext: omni.kit.widget.filter-1.1.4] startup
[3.730s] [ext: omni.kit.widget.prompt-1.0.7] startup
[3.735s] [ext: omni.kit.window.property-1.12.1] startup
[3.745s] [ext: omni.kit.property.adapter.usd-1.0.2] startup
[3.751s] [ext: omni.kit.hotkeys.core-1.3.10] startup
[3.754s] [ext: omni.kit.window.file_exporter-1.0.33] startup
[3.758s] [ext: omni.kit.stage_template.core-1.1.22] startup
[3.760s] [ext: omni.kit.viewport.menubar.core-107.2.1] startup
[3.820s] [ext: omni.kit.viewport.actions-107.0.2] startup
[3.833s] [ext: omni.kit.window.file-2.0.5] startup
[3.849s] [ext: omni.kit.window.content_browser_registry-0.0.6] startup
[3.851s] [ext: omni.kit.viewport.menubar.display-107.0.3] startup
[3.858s] [ext: omni.kit.window.content_browser-3.1.3] startup
[3.888s] [ext: omni.kit.widget.stage-3.1.4] startup
[3.965s] [ext: omni.inspect-1.0.2] startup
[3.973s] [ext: omni.kit.widget.layers-1.8.6] startup
[4.041s] [ext: omni.kit.property.usd-4.5.12] startup
[4.126s] [ext: omni.kit.numpy.common-0.1.3] startup
[4.130s] [ext: omni.physics-107.3.26] startup
[4.141s] [ext: omni.graph.core-2.184.5] startup
[4.148s] [ext: omni.usdphysics.ui-107.3.26] startup
[4.221s] [ext: omni.physics.stageupdate-107.3.26] startup
[4.234s] [ext: isaacsim.core.deprecation_manager-0.2.7] startup
[4.237s] [ext: omni.physx.ui-107.3.26] startup
[4.364s] [ext: isaacsim.core.version-2.0.6] startup
[4.366s] [ext: omni.usd.metrics.assembler-107.3.1] startup
[4.383s] [ext: omni.warp.core-1.8.2] startup
[4.755s] [ext: omni.ui_query-1.1.8] startup
[4.759s] [ext: omni.physics.physx-107.3.26] startup
2026-10-07T20:10:24Z [4,601ms] [Warning] [carb] Acquiring non optional plugin interface which is not listed as dependency: [omni::physx::IPhysxBenchmarks v1.0] (plugin: <default plugin>), by client: omni.physics.physx.plugin. Add it to CARB_PLUGIN_IMPL_DEPS() macro of a client.
[4.763s] [ext: isaacsim.storage.native-1.5.1] startup
[4.771s] [ext: omni.usd.metrics.assembler.physics-107.3.26] startup
[4.781s] [ext: omni.isaac.dynamic_control-2.0.7] startup
2026-10-07T20:10:24Z [4,629ms] [Warning] [omni.isaac.dynamic_control] omni.isaac.dynamic_control is deprecated as of Isaac Sim 4.5. No action is needed from end-users.
[4.791s] [ext: omni.graph.tools-1.79.2] startup
[4.917s] [ext: omni.physx.tensors-107.3.26] startup
[4.924s] [ext: isaacsim.core.utils-3.5.1] startup
[4.935s] [ext: omni.graph-1.141.2] startup
[5.081s] [ext: isaacsim.core.simulation_manager-1.4.4] startup
[9.947s] [ext: omni.graph.action_core-1.1.7] startup
[9.957s] [ext: omni.kit.stage_templates-2.0.0] startup
[9.969s] [ext: isaacsim.core.prims-0.6.1] startup
[10.076s] [ext: omni.graph.action_nodes-1.50.4] startup
[10.086s] [ext: isaacsim.core.api-4.8.0] startup
[10.181s] [ext: omni.graph.action-1.130.0] startup
[10.189s] [ext: omni.kit.widget.stage_icons-1.0.8] startup
[10.195s] [ext: omni.kit.selection-0.1.6] startup
[10.201s] [ext: omni.kit.window.stage-2.6.1] startup
[10.222s] [ext: omni.kit.menu.create-2.0.1] startup
[10.229s] [ext: omni.kit.widget.text_editor-1.1.1] startup
[10.240s] [ext: omni.kit.ui_test-1.3.7] startup
[10.253s] [ext: omni.kit.scripting-107.3.2] startup
[10.289s] [ext: omni.kit.window.extensions-1.4.27] startup
[10.344s] [ext: omni.graph.visualization.nodes-2.1.3] startup
[10.405s] [ext: isaacsim.replicator.behavior-1.1.16] startup
[10.448s] [ext: isaacsim.gui.components-1.2.1] startup
[10.535s] [ext: isaacsim.gui.menu-2.4.4] startup
[10.610s] [ext: isaacsim.core.cloner-1.4.10] startup
[10.630s] [ext: semantics.schema.editor-2.0.2] startup
2026-10-07T20:10:30Z [10,499ms] [Warning] [pxr.Semantics] pxr.Semantics is deprecated - please use Semantics instead
[10.663s] [ext: omni.kit.widget.zoombar-1.0.6] startup
[10.668s] [ext: omni.kit.usd.collect-2.4.5] startup
[10.693s] [ext: omni.kit.browser.core-2.3.13] startup
[10.721s] [ext: omni.kit.menu.stage-1.2.7] startup
[10.726s] [ext: omni.kit.tool.collect-2.2.18] startup
[10.746s] [ext: omni.kit.browser.folder.core-1.10.9] startup
[10.803s] [ext: isaacsim.core.experimental.utils-0.3.0] startup
[10.816s] [ext: isaacsim.asset.browser-1.3.23] startup
[11.608s] [ext: omni.kit.widget.graph-2.0.0] startup
[11.675s] [ext: omni.graph.image.core-0.6.1] startup
[11.680s] [ext: omni.kit.graph.delegate.default-1.2.3] startup
[11.684s] [ext: omni.graph.image.nodes-1.3.1] startup
[11.688s] [ext: omni.kit.graph.editor.core-1.5.3] startup
[11.704s] [ext: omni.graph.nodes-1.170.10] startup
[11.731s] [ext: omni.graph.ui_nodes-1.50.5] startup
[11.742s] [ext: omni.kit.graph.usd.commands-1.3.1] startup
[11.747s] [ext: omni.kit.widget.material_preview-1.0.16] startup
[11.779s] [ext: omni.videoencoding-0.1.2] startup
[11.789s] [ext: omni.kit.stagerecorder.core-107.0.3] startup
[11.807s] [ext: omni.warp-1.8.2] startup
[11.837s] [ext: omni.syntheticdata-0.6.13] startup
[11.997s] [ext: omni.kit.window.material_graph-1.9.1] startup
[12.179s] [ext: omni.graph.scriptnode-1.50.0] startup
[12.217s] [ext: omni.kit.stagerecorder.ui-107.0.1] startup
[12.322s] [ext: omni.replicator.core-1.12.27] startup
2026-10-07T20:10:32Z [12,748ms] [Warning] [omni.graph.core.plugin] Found duplicate of category 'Replicator' - was 'Annotators', adding 'Fabric Reader'
2026-10-07T20:10:32Z [12,749ms] [Warning] [omni.graph.core.plugin] Category 'Replicator' not accepted on node type 'omni.replicator.core.FabricReader' in extension 'omni.replicator.core'
2026-10-07T20:10:32Z [12,751ms] [Warning] [omni.replicator.core.scripts.extension] No material configuration file, adding configuration to material settings directly.
[12.921s] [ext: omni.kit.stagerecorder.bundle-105.0.2] startup
[12.925s] [ext: isaacsim.core.nodes-3.4.3] startup
[12.959s] [ext: isaacsim.test.docstring-1.1.0] startup
[12.985s] [ext: isaacsim.sensors.camera-1.3.6] startup
[13.038s] [ext: isaacsim.core.experimental.prims-0.8.1] startup
[13.172s] [ext: omni.kit.usdz_export-1.0.9] startup
[13.187s] [ext: isaacsim.robot.surface_gripper-3.3.1] startup
[13.218s] [ext: isaacsim.sensors.physics-0.4.3] startup
[13.257s] [ext: omni.kit.tool.asset_importer-4.3.2] startup
[13.339s] [ext: isaacsim.robot.manipulators-3.3.6] startup
[13.359s] [ext: isaacsim.robot.policy.examples-4.1.11] startup
[13.388s] [ext: omni.sensors.nv.common-3.0.0] startup
[13.459s] [ext: isaacsim.asset.importer.mjcf-2.5.13] startup
[14.248s] [ext: isaacsim.util.debug_draw-3.1.0] startup
[14.271s] [ext: omni.sensors.nv.materials-2.0.0] startup
[14.311s] [ext: omni.sensors.net-1.0.0] startup
[14.341s] [ext: isaacsim.sensors.physx-2.3.2] startup
[14.380s] [ext: isaacsim.examples.browser-0.2.1] startup
[14.426s] [ext: isaacsim.asset.importer.urdf-2.4.31] startup
[14.620s] [ext: isaacsim.simulation_app-2.12.2] startup
[14.621s] [ext: omni.sensors.nv.ids-2.0.0] startup
[14.674s] [ext: omni.sensors.nv.lidar-3.0.0] startup
[14.705s] [ext: omni.kit.property.audio-1.0.16] startup
[14.714s] [ext: omni.kit.property.camera-1.0.10] startup
[14.726s] [ext: omni.kit.property.geometry-2.0.4] startup
[14.747s] [ext: omni.hydra.scene_api-0.1.2] startup
[14.758s] [ext: omni.sensors.nv.wpm-3.0.0] startup
[14.768s] [ext: omni.kit.property.light-1.0.12] startup
[14.799s] [ext: omni.kit.property.material-1.11.9] startup
[14.902s] [ext: omni.kit.property.render-1.2.1] startup
[14.922s] [ext: omni.kit.property.transform-1.5.13] startup
[14.983s] [ext: omni.sensors.nv.radar-3.0.0] startup
[15.015s] [ext: omni.anim.curve.core-1.3.1] startup
[15.114s] [ext: omni.kit.manipulator.camera-106.0.4] startup
[15.158s] [ext: isaacsim.gui.property-1.1.3] startup
[15.203s] [ext: omni.kit.property.bundle-1.4.1] startup
[15.214s] [ext: isaacsim.sensors.rtx-15.8.4] startup
[15.254s] [ext: omni.kit.viewport.menubar.camera-107.0.6] startup
[15.330s] [ext: omni.kit.viewport.menubar.lighting-107.3.1] startup
[15.348s] [ext: omni.kit.viewport.menubar.render-107.0.10] startup
[15.375s] [ext: omni.kit.viewport.menubar.settings-107.0.3] startup
[15.407s] [ext: omni.kit.window.script_editor-2.0.1] startup
[15.425s] [ext: omni.kit.window.console-1.1.4] startup
[15.442s] [ext: isaacsim.robot.wheeled_robots-4.0.24] startup
[15.499s] [ext: omni.physx.demos-107.3.26] startup
[15.727s] [ext: omni.kit.property.physx-107.3.26] startup
[15.843s] [ext: omni.rtx.window.settings-0.6.19] startup
[15.882s] [ext: omni.ocio-0.1.1] startup
[15.894s] [ext: omni.asset_validator.core-1.1.6] startup
[16.084s] [ext: omni.physx.vehicle-107.3.26] startup
[16.185s] [ext: omni.replicator.replicator_yaml-2.0.11] startup
[16.265s] [ext: omni.rtx.settings.core-0.6.5] startup
[16.293s] [ext: omni.kit.window.toolbar-2.0.0] startup
[16.306s] [ext: omni.kit.window.status_bar-0.1.9] startup
[16.315s] [ext: omni.physx.asset_validator-107.3.26] startup
[16.345s] [ext: omni.physx.camera-107.3.26] startup
[16.366s] [ext: omni.physx.cct-107.3.26] startup
[16.395s] [ext: omni.physx.graph-107.3.26] startup
[16.430s] [ext: omni.physx.supportui-107.3.26] startup
[16.516s] [ext: omni.physx.telemetry-107.3.26] startup
[16.526s] [ext: omni.usd.metrics.assembler.ui-107.3.1] startup
[16.570s] [ext: isaacsim.app.about-2.0.11] startup
[16.575s] [ext: isaacsim.core.throttling-2.2.2] startup
[16.588s] [ext: omni.kit.ui.actions-1.0.5] startup
[16.596s] [ext: semantics.schema.property-2.0.1] startup
[16.622s] [ext: omni.physx.bundle-107.3.26] startup
[16.622s] [ext: isaaclab-0.53.1] startup
[18.448s] [ext: isaaclab_assets-0.2.4] startup
[19.141s] [ext: isaaclab_tasks-0.11.12] startup
[19.866s] [ext: omni.kit.menu.common-2.0.1] startup
[19.870s] [ext: isaaclab_rl-0.4.7] startup
[19.871s] [ext: isaaclab_mimic-1.0.16] startup
[19.872s] [ext: isaaclab.python-2.3.0] startup
[19.877s] Simulation App Starting
2026-10-07T20:10:39Z [19,912ms] [Warning] [omni.kvdb.plugin] Disabling key-value database because another kit process is locking it
2026-10-07T20:10:40Z [20,159ms] [Warning] [omni.fabric.plugin] Warning: attribute overrideClipRange not found for bucket id 9

[20.380s] app ready
[23.608s] Simulation App Startup Complete
2026-10-07T20:10:44Z [24,715ms] [Warning] [isaaclab.envs.direct_rl_env] Seed not set for the environment. The environment creation may not be deterministic.

[36m===================================================================================================================[0m
[36m[1m[INFO][IsaacLab]: Logging to file: C:\Users\ethan\AppData\Local\Temp\isaaclab\logs\isaaclab_2026-10-07_16-10-44.log[0m
[36m===================================================================================================================[0m

[25.178s] [ext: omni.physx.fabric-107.3.26] startup
[33m16:10:47 [simulation_context.py] WARNING: The `enable_external_forces_every_iteration` parameter in the PhysxCfg is set to False. If you are experiencing noisy velocities, consider enabling this flag. You may need to slightly increase the number of velocity iterations (setting it to 1 or 2 rather than 0), together with this flag, to improve the accuracy of velocity updates.[0m
[INFO]: Base environment:
	Environment device    : cuda:0
	Environment seed      : None
	Physics step-size     : 0.01
	Rendering step-size   : 0.05
	Environment step-size : 0.05
2026-10-07T20:10:49Z [29,276ms] [Warning] [isaacsim.core.prims.impl.cloth_prim] Please note that support for particle cloth and related APIs is now deprecated. These features will be removed in future releases.
2026-10-07 16:10:49 - lehome.assets.object.Garment - WARNING - [GarmentObject] No visual materials specified
[INFO]: Time taken for scene creation : 1.386711 seconds
[INFO]: Scene manager:  <class InteractiveScene>
	Number of environments: 1
	Environment spacing   : 4.0
	Source prim name      : /World/envs/env_0
	Global prim paths     : []
	Replicate physics     : True
[INFO]: Starting the simulation. This may take a few seconds. Please wait...
2026-10-07T20:10:49Z [29,329ms] [Warning] [omni.physicsschema.plugin] Non-uniform scale may result in a non matching collision representation on prim: /World/Robot/Left_Robot/gripper/Capsule
2026-10-07T20:10:49Z [29,329ms] [Warning] [omni.physicsschema.plugin] Non-uniform scale may result in a non matching collision representation on prim: /World/Robot/Left_Robot/jaw/Capsule
2026-10-07T20:10:49Z [29,330ms] [Warning] [omni.physicsschema.plugin] Non-uniform scale may result in a non matching collision representation on prim: /World/Robot/Right_Robot/gripper/Capsule
2026-10-07T20:10:49Z [29,330ms] [Warning] [omni.physicsschema.plugin] Non-uniform scale may result in a non matching collision representation on prim: /World/Robot/Right_Robot/jaw/Capsule
2026-10-07T20:10:50Z [30,163ms] [Warning] [omni.physx.plugin] Detected an articulation at /World/Robot/Left_Robot with more than 4 velocity iterations being added to a TGS scene.The related behavior changed recently, please consult the changelog. This warning will only print once.
2026-10-07T20:10:50Z [30,817ms] [Warning] [omni.fabric.plugin] getAttributeCount called on non-existent path /World/Robot/Right_Robot/wrist/visuals/wrist_roll_pitch_so101_v2
2026-10-07T20:10:50Z [30,817ms] [Warning] [omni.fabric.plugin] getTypes called on non-existent path /World/Robot/Right_Robot/wrist/visuals/wrist_roll_pitch_so101_v2
[INFO]: Time taken for simulation start : 3.438332 seconds
[INFO]: Completed setting up the environment...
CONFIG {"jitter": 0.01, "profile": "friction", "device": "cuda:0", "dr": true, "knobs": {"particle_friction": null, "pad_friction": null, "pad_thickness": null, "gripper_drive": {"stiffness": 17.8, "damping": 0.6, "effort_limit_sim": 10.0}, "gripper_closed": 0.05, "jaw_open_rate": null, "adhesion": 0.1, "adhesion_offset_scale": null, "gravity_scale": null, "physics_hz": null}, "expert": {"PINCH_HEIGHT": 0.005, "PINCH_INSET": 0.005, "PLACE_HEIGHT": 0.011, "ARC_HEIGHT": 0.12, "CLOSE_DWELL": 8, "OPEN_DWELL": 6}, "overshoot": {"0left_": [-0.001, 0.052, 0.0], "0right_": [0.013, 0.05, 0.0]}, "code": "C:\\Users\\ethan\\Documents\\Projects\\watai\\WorldFold\\isaac\\grasp_bench.py"}
2026-10-07 16:10:52 - lehome.assets.object.Garment - WARNING - [GarmentObject] WARNING: soft_reset_pos_range has zero range (min == max for all dimensions). Reset position will always be the same: [0.0, -0.135, 0.425]
2026-10-07 16:10:52 - lehome.assets.object.Garment - WARNING - [GarmentObject] WARNING: soft_reset_rot_range has zero range (min == max for all dimensions). Reset rotation will always be the same: [0.0, 0.0, 0.0]
2026-10-07 16:10:52 - lehome.assets.object.Garment - INFO - [GarmentObject] Reset complete - pos: [0.0, -0.135, 0.425], ori: [0.0, 0.0, 0.0]
ROW 600040 success 160 59.2 {"left_": {"acquired": true, "held": true, "placed": true, "released": true}, "right_": {"acquired": true, "held": true, "placed": true, "released": true}}
2026-10-07 16:11:52 - lehome.assets.object.Garment - INFO - [GarmentObject] Reset complete - pos: [0.0, -0.135, 0.425], ori: [0.0, 0.0, 0.0]
ROW 600041 success 164 52.2 {"left_": {"acquired": true, "held": true, "placed": true, "released": true}, "right_": {"acquired": true, "held": true, "placed": true, "released": true}}
2026-10-07 16:12:44 - lehome.assets.object.Garment - INFO - [GarmentObject] Reset complete - pos: [0.0, -0.135, 0.425], ori: [0.0, 0.0, 0.0]
ROW 600042 bench_stop 195 62.4 {"left_": {"acquired": true, "held": true, "placed": false, "released": true}, "right_": {"acquired": true, "held": true, "placed": true, "released": true}}
2026-10-07 16:13:46 - lehome.assets.object.Garment - INFO - [GarmentObject] Reset complete - pos: [0.0, -0.135, 0.425], ori: [0.0, 0.0, 0.0]
ROW 600043 success 171 56.7 {"left_": {"acquired": true, "held": true, "placed": true, "released": true}, "right_": {"acquired": true, "held": true, "placed": true, "released": true}}
2026-10-07 16:14:43 - lehome.assets.object.Garment - INFO - [GarmentObject] Reset complete - pos: [0.0, -0.135, 0.425], ori: [0.0, 0.0, 0.0]
ROW 600044 success 166 58.9 {"left_": {"acquired": true, "held": true, "placed": true, "released": true}, "right_": {"acquired": true, "held": true, "placed": true, "released": true}}
2026-10-07 16:15:42 - lehome.assets.object.Garment - INFO - [GarmentObject] Reset complete - pos: [0.0, -0.135, 0.425], ori: [0.0, 0.0, 0.0]
ROW 600045 success 167 60.2 {"left_": {"acquired": true, "held": true, "placed": true, "released": true}, "right_": {"acquired": true, "held": true, "placed": true, "released": true}}
2026-10-07 16:16:42 - lehome.assets.object.Garment - INFO - [GarmentObject] Reset complete - pos: [0.0, -0.135, 0.425], ori: [0.0, 0.0, 0.0]
ROW 600046 success 173 57.9 {"left_": {"acquired": true, "held": true, "placed": true, "released": true}, "right_": {"acquired": true, "held": true, "placed": true, "released": true}}
2026-10-07 16:17:40 - lehome.assets.object.Garment - INFO - [GarmentObject] Reset complete - pos: [0.0, -0.135, 0.425], ori: [0.0, 0.0, 0.0]
ROW 600047 success 171 63.0 {"left_": {"acquired": true, "held": true, "placed": true, "released": true}, "right_": {"acquired": true, "held": true, "placed": true, "released": true}}
2026-10-07 16:18:43 - lehome.assets.object.Garment - INFO - [GarmentObject] Reset complete - pos: [0.0, -0.135, 0.425], ori: [0.0, 0.0, 0.0]
ROW 600048 success 172 63.5 {"left_": {"acquired": true, "held": true, "placed": true, "released": true}, "right_": {"acquired": true, "held": true, "placed": true, "released": true}}
2026-10-07 16:19:46 - lehome.assets.object.Garment - INFO - [GarmentObject] Reset complete - pos: [0.0, -0.135, 0.425], ori: [0.0, 0.0, 0.0]
ROW 600049 success 163 51.8 {"left_": {"acquired": true, "held": true, "placed": true, "released": true}, "right_": {"acquired": true, "held": true, "placed": true, "released": true}}
2026-10-07 16:20:38 - lehome.assets.object.Garment - INFO - [GarmentObject] Reset complete - pos: [0.0, -0.135, 0.425], ori: [0.0, 0.0, 0.0]
ROW 600050 success 163 58.1 {"left_": {"acquired": true, "held": true, "placed": true, "released": true}, "right_": {"acquired": true, "held": true, "placed": true, "released": true}}
2026-10-07 16:21:36 - lehome.assets.object.Garment - INFO - [GarmentObject] Reset complete - pos: [0.0, -0.135, 0.425], ori: [0.0, 0.0, 0.0]
ROW 600051 success 188 64.4 {"left_": {"acquired": true, "held": true, "placed": true, "released": true}, "right_": {"acquired": true, "held": true, "placed": true, "released": true}}
2026-10-07 16:22:41 - lehome.assets.object.Garment - INFO - [GarmentObject] Reset complete - pos: [0.0, -0.135, 0.425], ori: [0.0, 0.0, 0.0]
ROW 600052 success 163 57.4 {"left_": {"acquired": true, "held": true, "placed": true, "released": true}, "right_": {"acquired": true, "held": true, "placed": true, "released": true}}
2026-10-07 16:23:38 - lehome.assets.object.Garment - INFO - [GarmentObject] Reset complete - pos: [0.0, -0.135, 0.425], ori: [0.0, 0.0, 0.0]
ROW 600053 success 163 52.0 {"left_": {"acquired": true, "held": true, "placed": true, "released": true}, "right_": {"acquired": true, "held": true, "placed": true, "released": true}}
2026-10-07 16:24:30 - lehome.assets.object.Garment - INFO - [GarmentObject] Reset complete - pos: [0.0, -0.135, 0.425], ori: [0.0, 0.0, 0.0]
ROW 600054 success 164 62.3 {"left_": {"acquired": true, "held": true, "placed": true, "released": true}, "right_": {"acquired": true, "held": true, "placed": true, "released": true}}
2026-10-07 16:25:32 - lehome.assets.object.Garment - INFO - [GarmentObject] Reset complete - pos: [0.0, -0.135, 0.425], ori: [0.0, 0.0, 0.0]
ROW 600055 success 177 65.7 {"left_": {"acquired": true, "held": true, "placed": true, "released": true}, "right_": {"acquired": true, "held": true, "placed": true, "released": true}}
2026-10-07 16:26:38 - lehome.assets.object.Garment - INFO - [GarmentObject] Reset complete - pos: [0.0, -0.135, 0.425], ori: [0.0, 0.0, 0.0]
ROW 600056 success 178 54.4 {"left_": {"acquired": true, "held": true, "placed": true, "released": true}, "right_": {"acquired": true, "held": true, "placed": true, "released": true}}
2026-10-07 16:27:32 - lehome.assets.object.Garment - INFO - [GarmentObject] Reset complete - pos: [0.0, -0.135, 0.425], ori: [0.0, 0.0, 0.0]
ROW 600057 success 163 55.4 {"left_": {"acquired": true, "held": true, "placed": true, "released": true}, "right_": {"acquired": true, "held": true, "placed": true, "released": true}}
2026-10-07 16:28:28 - lehome.assets.object.Garment - INFO - [GarmentObject] Reset complete - pos: [0.0, -0.135, 0.425], ori: [0.0, 0.0, 0.0]
ROW 600058 success 171 61.3 {"left_": {"acquired": true, "held": true, "placed": true, "released": true}, "right_": {"acquired": true, "held": true, "placed": true, "released": true}}
2026-10-07 16:29:29 - lehome.assets.object.Garment - INFO - [GarmentObject] Reset complete - pos: [0.0, -0.135, 0.425], ori: [0.0, 0.0, 0.0]
ROW 600059 success 172 39.8 {"left_": {"acquired": true, "held": true, "placed": true, "released": true}, "right_": {"acquired": true, "held": true, "placed": true, "released": true}}
n = 20  reasons {'success': 19, 'bench_stop': 1}
  left_   acquired 20/20 [83.9, 100.0]  held 20/20 [83.9, 100.0]  placed 19/20 [76.4, 99.1]  released 20/20 [83.9, 100.0]  released_strict 1/20 [0.9, 23.6]  drift mean 0.0713 max 0.153  first failure {'placed': 1}
  right_  acquired 20/20 [83.9, 100.0]  held 20/20 [83.9, 100.0]  placed 20/20 [83.9, 100.0]  released 20/20 [83.9, 100.0]  released_strict 2/20 [2.8, 30.1]  drift mean 0.0373 max 0.0797  first failure {}
== exit 0 2026-10-07T16:30:10
