== 2026-10-07T19:40:11 "C:\Users\ethan\Documents\Projects\watai\WorldFold\.venv-isaac\Scripts\python.exe" -u "C:\Users\ethan\Documents\Projects\watai\WorldFold\isaac\grasp_bench.py" --seeds 600400:600440 --out "C:\Users\ethan\Documents\Projects\watai\WorldFold\outputs\isaac\grasp\f2_l_align8" --profile friction --expert ALIGN_TOL=0.008
[INFO][AppLauncher]: Using device: cuda:0
[INFO][AppLauncher]: Loading experience file: C:\Users\ethan\Documents\Projects\watai\WorldFold\.venv-isaac\src\IsaacLab\apps\isaaclab.python.kit
Loading user config located at: 'C:/Users/ethan/Documents/Projects/watai/WorldFold/.venv-isaac/kit/data/Kit/Isaac-Sim/5.1/user.config.json'
[Info] [carb] Logging to file: C:/Users/ethan/Documents/Projects/watai/WorldFold/.venv-isaac/kit/logs/Kit/Isaac-Sim/5.1/kit_20261007_194012.log
2026-10-07T23:40:12Z [11ms] [Warning] [carb.crashreporter-breakpad.plugin] [previous crash] preventing upload of minidump due to user opt-out: 'C:/Users/ethan/Documents/Projects/watai/WorldFold/.venv-isaac/kit/data/Kit/Isaac-Sim/5.1\c028bb7c-c523-4d6e-8b2b-2af63f808ac2.dmp'
2026-10-07T23:40:12Z [12ms] [Warning] [carb.crashreporter-breakpad.plugin] [previous crash] preventing upload of minidump due to user opt-out: 'C:/Users/ethan/Documents/Projects/watai/WorldFold/.venv-isaac/kit/data/Kit/Isaac-Sim/5.1\581073d2-5aa0-4aac-8bfa-8d8e8aec0915.dmp'
[0.276s] [ext: omni.kit.async_engine-0.0.3] startup
[0.574s] [ext: omni.metrics.core-0.0.3] startup
[0.577s] [ext: omni.client.lib-1.1.0] startup
[0.610s] [ext: omni.blobkey-1.1.2] startup
[0.613s] [ext: omni.stats-1.0.1] startup
[0.619s] [ext: omni.datastore-0.0.0] startup
[0.625s] [ext: omni.client-1.3.0] startup
[0.645s] [ext: omni.ujitso.default-1.0.0] startup
[0.652s] [ext: omni.hsscclient-1.1.2] startup
[0.666s] [ext: omni.gpu_foundation.shadercache.d3d12-1.0.0] startup
[0.673s] [ext: omni.assets.plugins-0.0.0] startup
[0.682s] [ext: omni.gpu_foundation-0.0.0] startup
[0.734s] [ext: carb.windowing.plugins-1.0.0] startup
[0.998s] [ext: omni.kit.renderer.init-0.0.0] startup
[1.003s] [ext: omni.materialx.libs-1.0.7] startup
[1.022s] [ext: omni.kit.pipapi-0.0.0] startup
[1.025s] [ext: omni.usd.config-1.0.6] startup
[1.062s] [ext: omni.gpucompute.plugins-0.0.0] startup
[1.067s] [ext: omni.usd.libs-1.0.1] startup
[1.258s] [ext: omni.kit.telemetry-0.5.2] startup
[1.282s] [ext: omni.mdl-56.0.3] startup
[1.433s] [ext: omni.iray.libs-0.0.0] startup
[1.469s] [ext: omni.mdl.neuraylib-0.2.12] startup
[1.481s] [ext: omni.kit.usd.mdl-1.1.5] startup
2026-10-07T23:40:13Z [1,420ms] [Warning] [gpu.foundation.plugin] Skipping unsupported non-NVIDIA GPU: Intel(R) Arc(TM) 140T GPU (32GB)
2026-10-07T23:40:13Z [1,421ms] [Warning] [gpu.foundation.plugin] Skipping unsupported non-NVIDIA GPU: Intel(R) Arc(TM) 140T GPU (32GB)
[1.670s] [ext: omni.kit.pip_archive-0.0.0] startup
[1.672s] [ext: omni.kit.loop-isaac-1.3.7] startup
[1.676s] [ext: omni.kit.test-2.0.1] startup
[1.902s] [ext: omni.appwindow-1.1.10] startup
[1.908s] [ext: omni.kit.renderer.core-1.1.0] startup
[1.929s] [ext: omni.kit.renderer.capture-0.0.0] startup
[1.949s] [ext: omni.kit.renderer.imgui-2.0.5] startup
[1.975s] [ext: omni.ui-2.27.1] startup
[1.998s] [ext: omni.kit.mainwindow-1.0.3] startup
[2.002s] [ext: carb.audio-0.1.0] startup
[2.004s] [ext: omni.uiaudio-1.0.0] startup
[2.010s] [ext: omni.kit.uiapp-0.0.0] startup
[2.010s] [ext: omni.usd.schema.metrics.assembler-107.3.1] startup
[2.028s] [ext: omni.usd.schema.geospatial-0.0.0] startup

|---------------------------------------------------------------------------------------------|
| Driver Version: 616.56        | Graphics API: D3D12
|=============================================================================================|
| GPU | Name                             | Active | LDA | GPU Memory | Vendor-ID | LUID       |
|     |                                  |        |     |            | Device-ID | UUID       |
|     |                                  |        |     |            | Bus-ID    |            |
|---------------------------------------------------------------------------------------------|
| 0   | NVIDIA GeForce RTX 5080 Laptop.. | Yes: 0 |     | 16003   MB | 10de      | 35350100.. |
|     |                                  |        |     |            | 2c59      | 0          |
|     |                                  |        |     |            | 1         |            |
|---------------------------------------------------------------------------------------------|
| 1   | Intel(R) Arc(TM) 140T GPU (32GB) |        |     | 128     MB | 8086      | c94f0100.. |
|     |                                  |        |     |            | 7d51      | 0          |
|     |                                  |        |     |            | N/A       |            |
|=============================================================================================|
| OS: Windows 11 Pro, Version: 10.0 (25H2), Build: 26200, Kernel: 10.0.26100.9457
| Processor: Intel(R) Core(TM) Ultra 9 285H
| Cores: 16 | Logical Cores: 16
|---------------------------------------------------------------------------------------------|
| Total Memory (MB): 64957 | Free Memory: 33991
| Total Page/Swap (MB): 73661 | Free Page/Swap: 18889
|---------------------------------------------------------------------------------------------|
[2.043s] [ext: omni.usd.schema.anim-0.0.0] startup
2026-10-07T23:40:14Z [1,933ms] [Warning] [gpu.foundation.plugin] PCIe link width current (8) and maximum (16) for device 0 don't match.
[2.101s] [ext: omni.usd.schema.physx-107.3.26] startup
[2.146s] [ext: omni.usd.schema.omnigraph-1.0.0] startup
[2.174s] [ext: omni.usd.schema.semantics-0.0.0] startup
[2.191s] [ext: omni.usd.schema.audio-0.0.0] startup
[2.211s] [ext: isaacsim.robot.schema-3.6.0] startup
[2.253s] [ext: omni.usd_resolver-1.0.0] startup
[2.272s] [ext: omni.usd.core-1.5.3] startup
[2.276s] [ext: omni.usd.schema.omni_lens_distortion-0.0.0] startup
[2.362s] [ext: omni.usd.schema.omni_sensors-0.0.0] startup
[2.365s] [ext: omni.usd.schema.omniscripting-1.0.0] startup
[2.386s] [ext: omni.kit.window.popup_dialog-2.0.24] startup
[2.402s] [ext: omni.graph.exec-0.9.6] startup
[2.407s] [ext: omni.kit.widget.nucleus_connector-2.0.1] startup
[2.425s] [ext: omni.kit.usd_undo-0.1.8] startup
[2.428s] [ext: omni.kit.exec.core-0.13.4] startup
[2.440s] [ext: omni.kit.actions.core-1.0.0] startup
[2.453s] [ext: omni.resourcemonitor-107.0.1] startup
[2.464s] [ext: omni.activity.core-1.0.3] startup
[2.473s] [ext: omni.timeline-1.0.14] startup
[2.481s] [ext: omni.kit.commands-1.4.10] startup
[2.508s] [ext: usdrt.scenegraph-7.6.1] startup
[2.638s] [ext: omni.kit.audiodeviceenum-1.0.2] startup
[2.650s] [ext: omni.hydra.usdrt_delegate-7.5.1] startup
[2.677s] [ext: omni.hydra.scene_delegate-0.3.4] startup
[2.687s] [ext: omni.usd-1.13.10] startup
[2.788s] [ext: omni.kit.asset_converter-5.0.17] startup
[2.814s] [ext: omni.usd.schema.render_settings.rtx-0.0.0] startup
[2.819s] [ext: omni.index.libs-380600.8087.0] startup
[2.820s] [ext: omni.volume-0.5.2] startup
[2.842s] [ext: omni.ujitso.client-0.0.0] startup
[2.846s] [ext: omni.index-1.0.1] startup
[2.849s] [ext: omni.hydra.rtx.shadercache.d3d12-1.0.0] startup
[2.856s] [ext: omni.hydra.rtx-1.0.0] startup
[2.956s] [ext: omni.kit.viewport.legacy_gizmos-1.0.19] startup
[2.961s] [ext: omni.kit.raycast.query-1.1.0] startup
[2.972s] [ext: omni.kit.widget.path_field-2.0.11] startup
[2.979s] [ext: omni.kit.clipboard-1.0.5] startup
[2.985s] [ext: omni.kit.widget.options_menu-1.1.6] startup
[3.001s] [ext: omni.kit.helper.file_utils-0.1.9] startup
[3.007s] [ext: omni.kit.widget.browser_bar-2.0.10] startup
[3.013s] [ext: omni.kit.notification_manager-1.0.10] startup
[3.025s] [ext: omni.kit.menu.core-1.1.2] startup
[3.031s] [ext: omni.kit.widget.options_button-1.0.3] startup
[3.034s] [ext: omni.kit.widget.filebrowser-2.12.3] startup
[3.081s] [ext: omni.kit.viewport.registry-104.0.6] startup
[3.084s] [ext: omni.kit.menu.utils-2.0.5] startup
[3.143s] [ext: omni.kit.widget.context_menu-1.2.5] startup
[3.155s] [ext: omni.kit.usd.layers-2.2.11] startup
[3.201s] [ext: omni.ui.scene-1.11.5] startup
[3.212s] [ext: omni.kit.context_menu-1.8.6] startup
[3.226s] [ext: omni.kit.window.filepicker-2.13.4] startup
[3.333s] [ext: omni.kit.widget.searchable_combobox-1.0.6] startup
[3.338s] [ext: omni.kit.viewport.scene_camera_model-1.0.6] startup
[3.344s] [ext: omni.kit.hydra_texture-1.4.6] startup
[3.353s] [ext: omni.kit.window.file_importer-1.1.18] startup
[3.362s] [ext: omni.kit.widget.settings-1.2.6] startup
[3.373s] [ext: omni.kit.window.drop_support-1.0.5] startup
[3.376s] [ext: omni.kit.widget.viewport-107.1.3] startup
[3.409s] [ext: omni.kit.material.library-2.0.7] startup
[3.441s] [ext: omni.hydra.engine.stats-1.0.3] startup
[3.446s] [ext: omni.kit.window.preferences-1.8.0] startup
[3.479s] [ext: omni.kit.viewport.window-107.2.0] startup
[3.673s] [ext: omni.kit.manipulator.transform-107.0.0] startup
[3.702s] [ext: omni.kvdb-107.3.26] startup
[3.711s] [ext: omni.kit.widget.toolbar-2.0.1] startup
[3.739s] [ext: omni.kit.viewport.utility-1.1.2] startup
[3.743s] [ext: omni.usdphysics-107.3.26] startup
[3.750s] [ext: omni.physx.foundation-107.3.26] startup
[3.762s] [ext: omni.localcache-107.3.26] startup
[3.773s] [ext: omni.convexdecomposition-107.3.26] startup
[3.786s] [ext: omni.kit.manipulator.tool.snap-1.5.13] startup
[3.809s] [ext: omni.kit.manipulator.selector-1.1.3] startup
[3.814s] [ext: omni.physx.cooking-107.3.26] startup
[3.823s] [ext: omni.kit.viewport.manipulator.transform-107.0.4] startup
[3.835s] [ext: omni.physx-107.3.26] startup
[3.862s] [ext: omni.kit.manipulator.viewport-107.0.1] startup
[3.867s] [ext: omni.kit.primitive.mesh-1.0.17] startup
[3.889s] [ext: omni.kit.manipulator.prim.core-107.0.8] startup
[3.925s] [ext: omni.fabric.commands-1.1.6] startup
[3.947s] [ext: omni.kit.manipulator.prim.usd-107.0.3] startup
[3.952s] [ext: omni.kit.manipulator.prim.fabric-107.0.4] startup
[3.959s] [ext: omni.debugdraw-0.1.4] startup
[3.971s] [ext: omni.physx.commands-107.3.26] startup
[4.008s] [ext: omni.kit.manipulator.selection-106.0.1] startup
[4.016s] [ext: omni.kit.manipulator.prim-107.0.0] startup
[4.017s] [ext: omni.physics.tensors-107.3.26] startup
[4.046s] [ext: omni.kit.property.adapter.core-1.0.2] startup
[4.056s] [ext: omni.kit.widget.highlight_label-1.0.3] startup
[4.061s] [ext: omni.kit.widget.searchfield-1.1.8] startup
[4.075s] [ext: omni.kit.property.adapter.fabric-1.0.3] startup
[4.084s] [ext: omni.kit.widget.filter-1.1.4] startup
[4.088s] [ext: omni.kit.widget.prompt-1.0.7] startup
[4.091s] [ext: omni.kit.window.property-1.12.1] startup
[4.107s] [ext: omni.kit.property.adapter.usd-1.0.2] startup
[4.112s] [ext: omni.kit.hotkeys.core-1.3.10] startup
[4.119s] [ext: omni.kit.window.file_exporter-1.0.33] startup
[4.130s] [ext: omni.kit.stage_template.core-1.1.22] startup
[4.137s] [ext: omni.kit.viewport.menubar.core-107.2.1] startup
[4.229s] [ext: omni.kit.viewport.actions-107.0.2] startup
[4.246s] [ext: omni.kit.window.file-2.0.5] startup
[4.267s] [ext: omni.kit.window.content_browser_registry-0.0.6] startup
[4.270s] [ext: omni.kit.viewport.menubar.display-107.0.3] startup
[4.276s] [ext: omni.kit.window.content_browser-3.1.3] startup
[4.323s] [ext: omni.kit.widget.stage-3.1.4] startup
[4.416s] [ext: omni.inspect-1.0.2] startup
[4.424s] [ext: omni.kit.widget.layers-1.8.6] startup
[4.502s] [ext: omni.kit.property.usd-4.5.12] startup
[4.615s] [ext: omni.kit.numpy.common-0.1.3] startup
[4.619s] [ext: omni.physics-107.3.26] startup
[4.632s] [ext: omni.graph.core-2.184.5] startup
[4.638s] [ext: omni.usdphysics.ui-107.3.26] startup
[4.724s] [ext: omni.physics.stageupdate-107.3.26] startup
[4.733s] [ext: isaacsim.core.deprecation_manager-0.2.7] startup
[4.736s] [ext: omni.physx.ui-107.3.26] startup
[4.887s] [ext: isaacsim.core.version-2.0.6] startup
[4.890s] [ext: omni.usd.metrics.assembler-107.3.1] startup
[4.911s] [ext: omni.warp.core-1.8.2] startup
[5.416s] [ext: omni.ui_query-1.1.8] startup
[5.423s] [ext: omni.physics.physx-107.3.26] startup
2026-10-07T23:40:17Z [5,261ms] [Warning] [carb] Acquiring non optional plugin interface which is not listed as dependency: [omni::physx::IPhysxBenchmarks v1.0] (plugin: <default plugin>), by client: omni.physics.physx.plugin. Add it to CARB_PLUGIN_IMPL_DEPS() macro of a client.
[5.429s] [ext: isaacsim.storage.native-1.5.1] startup
[5.443s] [ext: omni.usd.metrics.assembler.physics-107.3.26] startup
[5.458s] [ext: omni.isaac.dynamic_control-2.0.7] startup
2026-10-07T23:40:17Z [5,304ms] [Warning] [omni.isaac.dynamic_control] omni.isaac.dynamic_control is deprecated as of Isaac Sim 4.5. No action is needed from end-users.
[5.471s] [ext: omni.graph.tools-1.79.2] startup
[5.665s] [ext: omni.physx.tensors-107.3.26] startup
[5.673s] [ext: isaacsim.core.utils-3.5.1] startup
[5.682s] [ext: omni.graph-1.141.2] startup
[5.863s] [ext: isaacsim.core.simulation_manager-1.4.4] startup
[17.617s] [ext: omni.graph.action_core-1.1.7] startup
[17.627s] [ext: omni.kit.stage_templates-2.0.0] startup
[17.641s] [ext: isaacsim.core.prims-0.6.1] startup
[17.772s] [ext: omni.graph.action_nodes-1.50.4] startup
[17.783s] [ext: isaacsim.core.api-4.8.0] startup
[17.888s] [ext: omni.graph.action-1.130.0] startup
[17.895s] [ext: omni.kit.widget.stage_icons-1.0.8] startup
[17.901s] [ext: omni.kit.selection-0.1.6] startup
[17.907s] [ext: omni.kit.window.stage-2.6.1] startup
[17.923s] [ext: omni.kit.menu.create-2.0.1] startup
[17.930s] [ext: omni.kit.widget.text_editor-1.1.1] startup
[17.937s] [ext: omni.kit.ui_test-1.3.7] startup
[17.950s] [ext: omni.kit.scripting-107.3.2] startup
[17.984s] [ext: omni.kit.window.extensions-1.4.27] startup
[18.045s] [ext: omni.graph.visualization.nodes-2.1.3] startup
[18.089s] [ext: isaacsim.replicator.behavior-1.1.16] startup
[18.107s] [ext: isaacsim.gui.components-1.2.1] startup
[18.195s] [ext: isaacsim.gui.menu-2.4.4] startup
[18.326s] [ext: isaacsim.core.cloner-1.4.10] startup
[18.400s] [ext: semantics.schema.editor-2.0.2] startup
2026-10-07T23:40:30Z [18,282ms] [Warning] [pxr.Semantics] pxr.Semantics is deprecated - please use Semantics instead
[18.452s] [ext: omni.kit.widget.zoombar-1.0.6] startup
[18.459s] [ext: omni.kit.usd.collect-2.4.5] startup
[18.482s] [ext: omni.kit.browser.core-2.3.13] startup
[18.518s] [ext: omni.kit.menu.stage-1.2.7] startup
[18.526s] [ext: omni.kit.tool.collect-2.2.18] startup
[18.546s] [ext: omni.kit.browser.folder.core-1.10.9] startup
[18.594s] [ext: isaacsim.core.experimental.utils-0.3.0] startup
[18.606s] [ext: isaacsim.asset.browser-1.3.23] startup
[19.475s] [ext: omni.kit.widget.graph-2.0.0] startup
[19.556s] [ext: omni.graph.image.core-0.6.1] startup
[19.562s] [ext: omni.kit.graph.delegate.default-1.2.3] startup
[19.566s] [ext: omni.graph.image.nodes-1.3.1] startup
[19.572s] [ext: omni.kit.graph.editor.core-1.5.3] startup
[19.603s] [ext: omni.graph.nodes-1.170.10] startup
[19.627s] [ext: omni.graph.ui_nodes-1.50.5] startup
[19.641s] [ext: omni.kit.graph.usd.commands-1.3.1] startup
[19.648s] [ext: omni.kit.widget.material_preview-1.0.16] startup
[19.664s] [ext: omni.videoencoding-0.1.2] startup
[19.681s] [ext: omni.kit.stagerecorder.core-107.0.3] startup
[19.699s] [ext: omni.warp-1.8.2] startup
[19.726s] [ext: omni.syntheticdata-0.6.13] startup
[19.878s] [ext: omni.kit.window.material_graph-1.9.1] startup
[20.002s] [ext: omni.graph.scriptnode-1.50.0] startup
[20.015s] [ext: omni.kit.stagerecorder.ui-107.0.1] startup
[20.132s] [ext: omni.replicator.core-1.12.27] startup
2026-10-07T23:40:32Z [20,580ms] [Warning] [omni.graph.core.plugin] Found duplicate of category 'Replicator' - was 'Annotators', adding 'Fabric Reader'
2026-10-07T23:40:32Z [20,581ms] [Warning] [omni.graph.core.plugin] Category 'Replicator' not accepted on node type 'omni.replicator.core.FabricReader' in extension 'omni.replicator.core'
2026-10-07T23:40:32Z [20,583ms] [Warning] [omni.replicator.core.scripts.extension] No material configuration file, adding configuration to material settings directly.
[20.756s] [ext: omni.kit.stagerecorder.bundle-105.0.2] startup
[20.759s] [ext: isaacsim.core.nodes-3.4.3] startup
[20.825s] [ext: isaacsim.test.docstring-1.1.0] startup
[20.852s] [ext: isaacsim.sensors.camera-1.3.6] startup
[20.916s] [ext: isaacsim.core.experimental.prims-0.8.1] startup
[21.132s] [ext: omni.kit.usdz_export-1.0.9] startup
[21.164s] [ext: isaacsim.robot.surface_gripper-3.3.1] startup
[21.196s] [ext: isaacsim.sensors.physics-0.4.3] startup
[21.260s] [ext: omni.kit.tool.asset_importer-4.3.2] startup
[21.366s] [ext: isaacsim.robot.manipulators-3.3.6] startup
[21.393s] [ext: isaacsim.robot.policy.examples-4.1.11] startup
[21.415s] [ext: omni.sensors.nv.common-3.0.0] startup
[21.498s] [ext: isaacsim.asset.importer.mjcf-2.5.13] startup
[22.481s] [ext: isaacsim.util.debug_draw-3.1.0] startup
[22.495s] [ext: omni.sensors.nv.materials-2.0.0] startup
[22.557s] [ext: omni.sensors.net-1.0.0] startup
[22.602s] [ext: isaacsim.sensors.physx-2.3.2] startup
[22.679s] [ext: isaacsim.examples.browser-0.2.1] startup
[22.738s] [ext: isaacsim.asset.importer.urdf-2.4.31] startup
[22.935s] [ext: isaacsim.simulation_app-2.12.2] startup
[22.938s] [ext: omni.sensors.nv.ids-2.0.0] startup
[23.003s] [ext: omni.sensors.nv.lidar-3.0.0] startup
[23.039s] [ext: omni.kit.property.audio-1.0.16] startup
[23.054s] [ext: omni.kit.property.camera-1.0.10] startup
[23.079s] [ext: omni.kit.property.geometry-2.0.4] startup
[23.124s] [ext: omni.hydra.scene_api-0.1.2] startup
[23.143s] [ext: omni.sensors.nv.wpm-3.0.0] startup
[23.169s] [ext: omni.kit.property.light-1.0.12] startup
[23.251s] [ext: omni.kit.property.material-1.11.9] startup
[23.439s] [ext: omni.kit.property.render-1.2.1] startup
[23.454s] [ext: omni.kit.property.transform-1.5.13] startup
[23.517s] [ext: omni.sensors.nv.radar-3.0.0] startup
[23.555s] [ext: omni.anim.curve.core-1.3.1] startup
[23.652s] [ext: omni.kit.manipulator.camera-106.0.4] startup
[23.732s] [ext: isaacsim.gui.property-1.1.3] startup
[23.767s] [ext: omni.kit.property.bundle-1.4.1] startup
[23.777s] [ext: isaacsim.sensors.rtx-15.8.4] startup
[23.848s] [ext: omni.kit.viewport.menubar.camera-107.0.6] startup
[23.936s] [ext: omni.kit.viewport.menubar.lighting-107.3.1] startup
[23.976s] [ext: omni.kit.viewport.menubar.render-107.0.10] startup
[24.023s] [ext: omni.kit.viewport.menubar.settings-107.0.3] startup
[24.054s] [ext: omni.kit.window.script_editor-2.0.1] startup
[24.077s] [ext: omni.kit.window.console-1.1.4] startup
[24.095s] [ext: isaacsim.robot.wheeled_robots-4.0.24] startup
[24.137s] [ext: omni.physx.demos-107.3.26] startup
[24.395s] [ext: omni.kit.property.physx-107.3.26] startup
[24.529s] [ext: omni.rtx.window.settings-0.6.19] startup
[24.589s] [ext: omni.ocio-0.1.1] startup
[24.598s] [ext: omni.asset_validator.core-1.1.6] startup
[24.819s] [ext: omni.physx.vehicle-107.3.26] startup
[24.949s] [ext: omni.replicator.replicator_yaml-2.0.11] startup
[25.074s] [ext: omni.rtx.settings.core-0.6.5] startup
[25.138s] [ext: omni.kit.window.toolbar-2.0.0] startup
[25.157s] [ext: omni.kit.window.status_bar-0.1.9] startup
[25.171s] [ext: omni.physx.asset_validator-107.3.26] startup
[25.243s] [ext: omni.physx.camera-107.3.26] startup
[25.275s] [ext: omni.physx.cct-107.3.26] startup
[25.311s] [ext: omni.physx.graph-107.3.26] startup
[25.350s] [ext: omni.physx.supportui-107.3.26] startup
[25.454s] [ext: omni.physx.telemetry-107.3.26] startup
[25.465s] [ext: omni.usd.metrics.assembler.ui-107.3.1] startup
[25.509s] [ext: isaacsim.app.about-2.0.11] startup
[25.517s] [ext: isaacsim.core.throttling-2.2.2] startup
[25.527s] [ext: omni.kit.ui.actions-1.0.5] startup
[25.536s] [ext: semantics.schema.property-2.0.1] startup
[25.546s] [ext: omni.physx.bundle-107.3.26] startup
[25.548s] [ext: isaaclab-0.53.1] startup
[27.325s] [ext: isaaclab_assets-0.2.4] startup
[28.323s] [ext: isaaclab_tasks-0.11.12] startup
[29.395s] [ext: omni.kit.menu.common-2.0.1] startup
[29.400s] [ext: isaaclab_rl-0.4.7] startup
[29.403s] [ext: isaaclab_mimic-1.0.16] startup
[29.405s] [ext: isaaclab.python-2.3.0] startup
[29.415s] Simulation App Starting
2026-10-07T23:40:41Z [29,490ms] [Warning] [omni.kvdb.plugin] Disabling key-value database because another kit process is locking it
2026-10-07T23:40:41Z [29,745ms] [Warning] [omni.fabric.plugin] Warning: attribute viewportHandle not found for bucket id 9

[29.961s] app ready
[33.039s] Simulation App Startup Complete
2026-10-07T23:40:46Z [34,042ms] [Warning] [isaaclab.envs.direct_rl_env] Seed not set for the environment. The environment creation may not be deterministic.

[36m===================================================================================================================[0m
[36m[1m[INFO][IsaacLab]: Logging to file: C:\Users\ethan\AppData\Local\Temp\isaaclab\logs\isaaclab_2026-10-07_19-40-46.log[0m
[36m===================================================================================================================[0m

[34.356s] [ext: omni.physx.fabric-107.3.26] startup
[33m19:40:46 [simulation_context.py] WARNING: The `enable_external_forces_every_iteration` parameter in the PhysxCfg is set to False. If you are experiencing noisy velocities, consider enabling this flag. You may need to slightly increase the number of velocity iterations (setting it to 1 or 2 rather than 0), together with this flag, to improve the accuracy of velocity updates.[0m
[INFO]: Base environment:
	Environment device    : cuda:0
	Environment seed      : None
	Physics step-size     : 0.01
	Rendering step-size   : 0.05
	Environment step-size : 0.05
2026-10-07T23:40:49Z [37,385ms] [Warning] [isaacsim.core.prims.impl.cloth_prim] Please note that support for particle cloth and related APIs is now deprecated. These features will be removed in future releases.
2026-10-07 19:40:49 - lehome.assets.object.Garment - WARNING - [GarmentObject] No visual materials specified
[INFO]: Time taken for scene creation : 3.116380 seconds
[INFO]: Scene manager:  <class InteractiveScene>
	Number of environments: 1
	Environment spacing   : 4.0
	Source prim name      : /World/envs/env_0
	Global prim paths     : []
	Replicate physics     : True
[INFO]: Starting the simulation. This may take a few seconds. Please wait...
2026-10-07T23:40:49Z [37,455ms] [Warning] [omni.physicsschema.plugin] Non-uniform scale may result in a non matching collision representation on prim: /World/Robot/Left_Robot/gripper/Capsule
2026-10-07T23:40:49Z [37,456ms] [Warning] [omni.physicsschema.plugin] Non-uniform scale may result in a non matching collision representation on prim: /World/Robot/Left_Robot/jaw/Capsule
2026-10-07T23:40:49Z [37,457ms] [Warning] [omni.physicsschema.plugin] Non-uniform scale may result in a non matching collision representation on prim: /World/Robot/Right_Robot/gripper/Capsule
2026-10-07T23:40:49Z [37,457ms] [Warning] [omni.physicsschema.plugin] Non-uniform scale may result in a non matching collision representation on prim: /World/Robot/Right_Robot/jaw/Capsule
2026-10-07T23:40:51Z [38,958ms] [Warning] [omni.physx.plugin] Detected an articulation at /World/Robot/Left_Robot with more than 4 velocity iterations being added to a TGS scene.The related behavior changed recently, please consult the changelog. This warning will only print once.
2026-10-07T23:40:52Z [39,960ms] [Warning] [omni.fabric.plugin] getAttributeCount called on non-existent path /World/Robot/Right_Robot/wrist/visuals/wrist_roll_pitch_so101_v2
2026-10-07T23:40:52Z [39,961ms] [Warning] [omni.fabric.plugin] getTypes called on non-existent path /World/Robot/Right_Robot/wrist/visuals/wrist_roll_pitch_so101_v2
[INFO]: Time taken for simulation start : 2.541448 seconds
[INFO]: Completed setting up the environment...
CONFIG {"jitter": 0.01, "profile": "friction", "device": "cuda:0", "dr": true, "knobs": {"particle_friction": null, "pad_friction": null, "pad_thickness": null, "gripper_drive": {"stiffness": 17.8, "damping": 0.6, "effort_limit_sim": 10.0}, "gripper_closed": 0.05, "jaw_open_rate": null, "adhesion": 0.1, "adhesion_offset_scale": null, "gravity_scale": null, "physics_hz": null}, "expert": {"PINCH_HEIGHT": 0.005, "PINCH_INSET": 0.005, "PLACE_HEIGHT": 0.011, "ARC_HEIGHT": 0.12, "CLOSE_DWELL": 8, "OPEN_DWELL": 6}, "overshoot": {"0left_": [-0.001, 0.052, 0.0], "0right_": [0.013, 0.05, 0.0]}, "code": "C:\\Users\\ethan\\Documents\\Projects\\watai\\WorldFold\\isaac\\grasp_bench.py"}
2026-10-07 19:40:52 - lehome.assets.object.Garment - WARNING - [GarmentObject] WARNING: soft_reset_pos_range has zero range (min == max for all dimensions). Reset position will always be the same: [0.0, -0.135, 0.425]
2026-10-07 19:40:52 - lehome.assets.object.Garment - WARNING - [GarmentObject] WARNING: soft_reset_rot_range has zero range (min == max for all dimensions). Reset rotation will always be the same: [0.0, 0.0, 0.0]
2026-10-07 19:40:52 - lehome.assets.object.Garment - INFO - [GarmentObject] Reset complete - pos: [0.0, -0.135, 0.425], ori: [0.0, 0.0, 0.0]
2026-10-07T23:40:52Z [40,395ms] [Warning] [omni.physx.plugin] Changing particle cloth mesh or PhysxSchemaPhysxAutoParticleClothAPI parameter during simulation is not supported. Prim: /World/Object/cloth/mesh
2026-10-07T23:40:52Z [40,395ms] [Warning] [omni.physx.plugin] Changing particle cloth mesh or PhysxSchemaPhysxAutoParticleClothAPI parameter during simulation is not supported. Prim: /World/Object/cloth/mesh
ROW 600400 success 167 63.9 {"left_": {"acquired": true, "held": true, "placed": true, "released": true}, "right_": {"acquired": true, "held": true, "placed": true, "released": true}}
2026-10-07 19:41:56 - lehome.assets.object.Garment - INFO - [GarmentObject] Reset complete - pos: [0.0, -0.135, 0.425], ori: [0.0, 0.0, 0.0]
ROW 600401 success 178 63.1 {"left_": {"acquired": true, "held": true, "placed": true, "released": true}, "right_": {"acquired": true, "held": true, "placed": true, "released": true}}
2026-10-07 19:42:59 - lehome.assets.object.Garment - INFO - [GarmentObject] Reset complete - pos: [0.0, -0.135, 0.425], ori: [0.0, 0.0, 0.0]
ROW 600402 success 171 72.1 {"left_": {"acquired": true, "held": true, "placed": true, "released": true}, "right_": {"acquired": true, "held": true, "placed": true, "released": true}}
2026-10-07 19:44:11 - lehome.assets.object.Garment - INFO - [GarmentObject] Reset complete - pos: [0.0, -0.135, 0.425], ori: [0.0, 0.0, 0.0]
ROW 600403 success 176 68.8 {"left_": {"acquired": true, "held": true, "placed": true, "released": true}, "right_": {"acquired": true, "held": true, "placed": true, "released": true}}
2026-10-07 19:45:20 - lehome.assets.object.Garment - INFO - [GarmentObject] Reset complete - pos: [0.0, -0.135, 0.425], ori: [0.0, 0.0, 0.0]
ROW 600404 success 162 58.8 {"left_": {"acquired": true, "held": true, "placed": true, "released": true}, "right_": {"acquired": true, "held": true, "placed": true, "released": true}}
2026-10-07 19:46:19 - lehome.assets.object.Garment - INFO - [GarmentObject] Reset complete - pos: [0.0, -0.135, 0.425], ori: [0.0, 0.0, 0.0]
ROW 600405 success 170 69.4 {"left_": {"acquired": true, "held": true, "placed": true, "released": true}, "right_": {"acquired": true, "held": true, "placed": true, "released": true}}
2026-10-07 19:47:28 - lehome.assets.object.Garment - INFO - [GarmentObject] Reset complete - pos: [0.0, -0.135, 0.425], ori: [0.0, 0.0, 0.0]
ROW 600406 success 170 78.2 {"left_": {"acquired": true, "held": true, "placed": true, "released": true}, "right_": {"acquired": true, "held": true, "placed": true, "released": true}}
2026-10-07 19:48:46 - lehome.assets.object.Garment - INFO - [GarmentObject] Reset complete - pos: [0.0, -0.135, 0.425], ori: [0.0, 0.0, 0.0]
ROW 600407 success 171 75.7 {"left_": {"acquired": true, "held": true, "placed": true, "released": true}, "right_": {"acquired": true, "held": true, "placed": true, "released": true}}
2026-10-07 19:50:02 - lehome.assets.object.Garment - INFO - [GarmentObject] Reset complete - pos: [0.0, -0.135, 0.425], ori: [0.0, 0.0, 0.0]
ROW 600408 bench_stop 202 84.8 {"left_": {"acquired": true, "held": true, "placed": true, "released": true}, "right_": {"acquired": false, "held": false, "placed": false, "released": false}}
2026-10-07 19:51:27 - lehome.assets.object.Garment - INFO - [GarmentObject] Reset complete - pos: [0.0, -0.135, 0.425], ori: [0.0, 0.0, 0.0]
ROW 600409 success 180 76.1 {"left_": {"acquired": true, "held": true, "placed": true, "released": true}, "right_": {"acquired": true, "held": true, "placed": true, "released": true}}
2026-10-07 19:52:43 - lehome.assets.object.Garment - INFO - [GarmentObject] Reset complete - pos: [0.0, -0.135, 0.425], ori: [0.0, 0.0, 0.0]
ROW 600410 success 173 67.3 {"left_": {"acquired": true, "held": true, "placed": true, "released": true}, "right_": {"acquired": true, "held": true, "placed": true, "released": true}}
2026-10-07 19:53:50 - lehome.assets.object.Garment - INFO - [GarmentObject] Reset complete - pos: [0.0, -0.135, 0.425], ori: [0.0, 0.0, 0.0]
ROW 600411 success 164 63.5 {"left_": {"acquired": true, "held": true, "placed": true, "released": true}, "right_": {"acquired": true, "held": true, "placed": true, "released": true}}
2026-10-07 19:54:54 - lehome.assets.object.Garment - INFO - [GarmentObject] Reset complete - pos: [0.0, -0.135, 0.425], ori: [0.0, 0.0, 0.0]
ROW 600412 success 163 63.8 {"left_": {"acquired": true, "held": true, "placed": true, "released": true}, "right_": {"acquired": true, "held": true, "placed": true, "released": true}}
2026-10-07 19:55:57 - lehome.assets.object.Garment - INFO - [GarmentObject] Reset complete - pos: [0.0, -0.135, 0.425], ori: [0.0, 0.0, 0.0]
ROW 600413 success 179 65.8 {"left_": {"acquired": true, "held": true, "placed": true, "released": true}, "right_": {"acquired": true, "held": true, "placed": true, "released": true}}
2026-10-07 19:57:03 - lehome.assets.object.Garment - INFO - [GarmentObject] Reset complete - pos: [0.0, -0.135, 0.425], ori: [0.0, 0.0, 0.0]
ROW 600414 success 164 61.7 {"left_": {"acquired": true, "held": true, "placed": true, "released": true}, "right_": {"acquired": true, "held": true, "placed": true, "released": true}}
2026-10-07 19:58:05 - lehome.assets.object.Garment - INFO - [GarmentObject] Reset complete - pos: [0.0, -0.135, 0.425], ori: [0.0, 0.0, 0.0]
ROW 600415 success 176 64.2 {"left_": {"acquired": true, "held": true, "placed": true, "released": true}, "right_": {"acquired": true, "held": true, "placed": true, "released": true}}
2026-10-07 19:59:09 - lehome.assets.object.Garment - INFO - [GarmentObject] Reset complete - pos: [0.0, -0.135, 0.425], ori: [0.0, 0.0, 0.0]
ROW 600416 success 173 80.4 {"left_": {"acquired": true, "held": true, "placed": true, "released": true}, "right_": {"acquired": true, "held": true, "placed": true, "released": true}}
2026-10-07 20:00:29 - lehome.assets.object.Garment - INFO - [GarmentObject] Reset complete - pos: [0.0, -0.135, 0.425], ori: [0.0, 0.0, 0.0]
ROW 600417 success 163 60.5 {"left_": {"acquired": true, "held": true, "placed": true, "released": true}, "right_": {"acquired": true, "held": true, "placed": true, "released": true}}
2026-10-07 20:01:30 - lehome.assets.object.Garment - INFO - [GarmentObject] Reset complete - pos: [0.0, -0.135, 0.425], ori: [0.0, 0.0, 0.0]
ROW 600418 success 167 59.2 {"left_": {"acquired": true, "held": true, "placed": true, "released": true}, "right_": {"acquired": true, "held": true, "placed": true, "released": true}}
2026-10-07 20:02:29 - lehome.assets.object.Garment - INFO - [GarmentObject] Reset complete - pos: [0.0, -0.135, 0.425], ori: [0.0, 0.0, 0.0]
ROW 600419 success 159 63.2 {"left_": {"acquired": true, "held": true, "placed": true, "released": true}, "right_": {"acquired": true, "held": true, "placed": true, "released": true}}
2026-10-07 20:03:32 - lehome.assets.object.Garment - INFO - [GarmentObject] Reset complete - pos: [0.0, -0.135, 0.425], ori: [0.0, 0.0, 0.0]
ROW 600420 success 164 60.6 {"left_": {"acquired": true, "held": true, "placed": true, "released": true}, "right_": {"acquired": true, "held": true, "placed": true, "released": true}}
2026-10-07 20:04:33 - lehome.assets.object.Garment - INFO - [GarmentObject] Reset complete - pos: [0.0, -0.135, 0.425], ori: [0.0, 0.0, 0.0]
ROW 600421 success 174 66.9 {"left_": {"acquired": true, "held": true, "placed": true, "released": true}, "right_": {"acquired": true, "held": true, "placed": true, "released": true}}
2026-10-07 20:05:40 - lehome.assets.object.Garment - INFO - [GarmentObject] Reset complete - pos: [0.0, -0.135, 0.425], ori: [0.0, 0.0, 0.0]
ROW 600422 success 159 50.0 {"left_": {"acquired": true, "held": true, "placed": true, "released": true}, "right_": {"acquired": true, "held": true, "placed": true, "released": true}}
2026-10-07 20:06:30 - lehome.assets.object.Garment - INFO - [GarmentObject] Reset complete - pos: [0.0, -0.135, 0.425], ori: [0.0, 0.0, 0.0]
ROW 600423 success 157 60.8 {"left_": {"acquired": true, "held": true, "placed": true, "released": true}, "right_": {"acquired": true, "held": true, "placed": true, "released": true}}
2026-10-07 20:07:31 - lehome.assets.object.Garment - INFO - [GarmentObject] Reset complete - pos: [0.0, -0.135, 0.425], ori: [0.0, 0.0, 0.0]
ROW 600424 bench_stop 195 73.4 {"left_": {"acquired": true, "held": true, "placed": true, "released": true}, "right_": {"acquired": true, "held": true, "placed": false, "released": true}}
2026-10-07 20:08:44 - lehome.assets.object.Garment - INFO - [GarmentObject] Reset complete - pos: [0.0, -0.135, 0.425], ori: [0.0, 0.0, 0.0]
ROW 600425 success 166 70.5 {"left_": {"acquired": true, "held": true, "placed": true, "released": true}, "right_": {"acquired": true, "held": true, "placed": true, "released": true}}
2026-10-07 20:09:54 - lehome.assets.object.Garment - INFO - [GarmentObject] Reset complete - pos: [0.0, -0.135, 0.425], ori: [0.0, 0.0, 0.0]
ROW 600426 success 159 69.6 {"left_": {"acquired": true, "held": true, "placed": true, "released": true}, "right_": {"acquired": true, "held": true, "placed": true, "released": true}}
2026-10-07 20:11:04 - lehome.assets.object.Garment - INFO - [GarmentObject] Reset complete - pos: [0.0, -0.135, 0.425], ori: [0.0, 0.0, 0.0]
ROW 600427 success 167 69.6 {"left_": {"acquired": true, "held": true, "placed": true, "released": true}, "right_": {"acquired": true, "held": true, "placed": true, "released": true}}
2026-10-07 20:12:14 - lehome.assets.object.Garment - INFO - [GarmentObject] Reset complete - pos: [0.0, -0.135, 0.425], ori: [0.0, 0.0, 0.0]
ROW 600428 success 171 70.4 {"left_": {"acquired": true, "held": true, "placed": true, "released": true}, "right_": {"acquired": true, "held": true, "placed": true, "released": true}}
2026-10-07 20:13:24 - lehome.assets.object.Garment - INFO - [GarmentObject] Reset complete - pos: [0.0, -0.135, 0.425], ori: [0.0, 0.0, 0.0]
ROW 600429 success 162 65.8 {"left_": {"acquired": true, "held": true, "placed": true, "released": true}, "right_": {"acquired": true, "held": true, "placed": true, "released": true}}
2026-10-07 20:14:30 - lehome.assets.object.Garment - INFO - [GarmentObject] Reset complete - pos: [0.0, -0.135, 0.425], ori: [0.0, 0.0, 0.0]
ROW 600430 success 179 72.2 {"left_": {"acquired": true, "held": true, "placed": true, "released": true}, "right_": {"acquired": true, "held": true, "placed": true, "released": true}}
2026-10-07 20:15:42 - lehome.assets.object.Garment - INFO - [GarmentObject] Reset complete - pos: [0.0, -0.135, 0.425], ori: [0.0, 0.0, 0.0]
ROW 600431 bench_stop 199 81.5 {"left_": {"acquired": true, "held": true, "placed": true, "released": true}, "right_": {"acquired": false, "held": false, "placed": false, "released": false}}
2026-10-07 20:17:04 - lehome.assets.object.Garment - INFO - [GarmentObject] Reset complete - pos: [0.0, -0.135, 0.425], ori: [0.0, 0.0, 0.0]
ROW 600432 success 175 65.0 {"left_": {"acquired": true, "held": true, "placed": true, "released": true}, "right_": {"acquired": true, "held": true, "placed": true, "released": true}}
2026-10-07 20:18:09 - lehome.assets.object.Garment - INFO - [GarmentObject] Reset complete - pos: [0.0, -0.135, 0.425], ori: [0.0, 0.0, 0.0]
ROW 600433 bench_stop 197 62.8 {"left_": {"acquired": true, "held": true, "placed": false, "released": true}, "right_": {"acquired": true, "held": true, "placed": true, "released": true}}
2026-10-07 20:19:11 - lehome.assets.object.Garment - INFO - [GarmentObject] Reset complete - pos: [0.0, -0.135, 0.425], ori: [0.0, 0.0, 0.0]
ROW 600434 success 171 64.3 {"left_": {"acquired": true, "held": true, "placed": true, "released": true}, "right_": {"acquired": true, "held": true, "placed": true, "released": true}}
2026-10-07 20:20:16 - lehome.assets.object.Garment - INFO - [GarmentObject] Reset complete - pos: [0.0, -0.135, 0.425], ori: [0.0, 0.0, 0.0]
ROW 600435 success 179 65.2 {"left_": {"acquired": true, "held": true, "placed": true, "released": true}, "right_": {"acquired": true, "held": true, "placed": true, "released": true}}
2026-10-07 20:21:21 - lehome.assets.object.Garment - INFO - [GarmentObject] Reset complete - pos: [0.0, -0.135, 0.425], ori: [0.0, 0.0, 0.0]
ROW 600436 success 185 64.9 {"left_": {"acquired": true, "held": true, "placed": true, "released": true}, "right_": {"acquired": true, "held": true, "placed": true, "released": true}}
2026-10-07 20:22:26 - lehome.assets.object.Garment - INFO - [GarmentObject] Reset complete - pos: [0.0, -0.135, 0.425], ori: [0.0, 0.0, 0.0]
ROW 600437 success 166 50.7 {"left_": {"acquired": true, "held": true, "placed": true, "released": true}, "right_": {"acquired": true, "held": true, "placed": true, "released": true}}
2026-10-07 20:23:16 - lehome.assets.object.Garment - INFO - [GarmentObject] Reset complete - pos: [0.0, -0.135, 0.425], ori: [0.0, 0.0, 0.0]
ROW 600438 success 168 60.3 {"left_": {"acquired": true, "held": true, "placed": true, "released": true}, "right_": {"acquired": true, "held": true, "placed": true, "released": true}}
2026-10-07 20:24:17 - lehome.assets.object.Garment - INFO - [GarmentObject] Reset complete - pos: [0.0, -0.135, 0.425], ori: [0.0, 0.0, 0.0]
ROW 600439 success 177 66.1 {"left_": {"acquired": true, "held": true, "placed": true, "released": true}, "right_": {"acquired": true, "held": true, "placed": true, "released": true}}
n = 40  reasons {'success': 36, 'bench_stop': 4}
  left_   acquired 40/40 [91.2, 100.0]  held 40/40 [91.2, 100.0]  placed 39/40 [87.1, 99.6]  released 40/40 [91.2, 100.0]  released_strict 8/40 [10.5, 34.8]  drift mean 0.0647 max 0.1587  first failure {'placed': 1}
  right_  acquired 38/40 [83.5, 98.6]  held 38/40 [83.5, 98.6]  placed 37/40 [80.1, 97.4]  released 38/40 [83.5, 98.6]  released_strict 3/40 [2.6, 19.9]  drift mean 0.0495 max 0.1632  first failure {'acquired': 2, 'placed': 1}
== exit 0 2026-10-07T20:25:25
