== 2026-10-07T16:30:45 "C:\Users\ethan\Documents\Projects\watai\WorldFold\.venv-isaac\Scripts\python.exe" -u "C:\Users\ethan\Documents\Projects\watai\WorldFold\isaac\grasp_bench.py" --seeds 600100:600200 --out "C:\Users\ethan\Documents\Projects\watai\WorldFold\outputs\isaac\grasp\f2_block_a" --profile friction
[INFO][AppLauncher]: Using device: cuda:0
[INFO][AppLauncher]: Loading experience file: C:\Users\ethan\Documents\Projects\watai\WorldFold\.venv-isaac\src\IsaacLab\apps\isaaclab.python.kit
Loading user config located at: 'C:/Users/ethan/Documents/Projects/watai/WorldFold/.venv-isaac/kit/data/Kit/Isaac-Sim/5.1/user.config.json'
[Info] [carb] Logging to file: C:/Users/ethan/Documents/Projects/watai/WorldFold/.venv-isaac/kit/logs/Kit/Isaac-Sim/5.1/kit_20261007_163046.log
2026-10-07T20:30:46Z [17ms] [Warning] [carb.crashreporter-breakpad.plugin] [previous crash] preventing upload of minidump due to user opt-out: 'C:/Users/ethan/Documents/Projects/watai/WorldFold/.venv-isaac/kit/data/Kit/Isaac-Sim/5.1\c028bb7c-c523-4d6e-8b2b-2af63f808ac2.dmp'
2026-10-07T20:30:46Z [19ms] [Warning] [carb.crashreporter-breakpad.plugin] [previous crash] preventing upload of minidump due to user opt-out: 'C:/Users/ethan/Documents/Projects/watai/WorldFold/.venv-isaac/kit/data/Kit/Isaac-Sim/5.1\581073d2-5aa0-4aac-8bfa-8d8e8aec0915.dmp'
[0.305s] [ext: omni.kit.async_engine-0.0.3] startup
[0.663s] [ext: omni.metrics.core-0.0.3] startup
[0.666s] [ext: omni.client.lib-1.1.0] startup
[0.704s] [ext: omni.blobkey-1.1.2] startup
[0.707s] [ext: omni.stats-1.0.1] startup
[0.713s] [ext: omni.datastore-0.0.0] startup
[0.720s] [ext: omni.client-1.3.0] startup
[0.738s] [ext: omni.ujitso.default-1.0.0] startup
[0.747s] [ext: omni.hsscclient-1.1.2] startup
[0.771s] [ext: omni.gpu_foundation.shadercache.d3d12-1.0.0] startup
[0.780s] [ext: omni.assets.plugins-0.0.0] startup
[0.790s] [ext: omni.gpu_foundation-0.0.0] startup
[0.854s] [ext: carb.windowing.plugins-1.0.0] startup
[1.081s] [ext: omni.kit.renderer.init-0.0.0] startup
[1.085s] [ext: omni.materialx.libs-1.0.7] startup
[1.111s] [ext: omni.kit.pipapi-0.0.0] startup
[1.114s] [ext: omni.usd.config-1.0.6] startup
[1.145s] [ext: omni.gpucompute.plugins-0.0.0] startup
[1.150s] [ext: omni.usd.libs-1.0.1] startup
[1.325s] [ext: omni.kit.telemetry-0.5.2] startup
[1.351s] [ext: omni.mdl-56.0.3] startup
[1.497s] [ext: omni.iray.libs-0.0.0] startup
[1.541s] [ext: omni.mdl.neuraylib-0.2.12] startup
[1.554s] [ext: omni.kit.usd.mdl-1.1.5] startup
2026-10-07T20:30:48Z [1,466ms] [Warning] [gpu.foundation.plugin] Skipping unsupported non-NVIDIA GPU: Intel(R) Arc(TM) 140T GPU (32GB)
2026-10-07T20:30:48Z [1,468ms] [Warning] [gpu.foundation.plugin] Skipping unsupported non-NVIDIA GPU: Intel(R) Arc(TM) 140T GPU (32GB)
[1.716s] [ext: omni.kit.pip_archive-0.0.0] startup
[1.718s] [ext: omni.kit.loop-isaac-1.3.7] startup
[1.724s] [ext: omni.kit.test-2.0.1] startup
[1.950s] [ext: omni.appwindow-1.1.10] startup
[1.960s] [ext: omni.kit.renderer.core-1.1.0] startup
[1.981s] [ext: omni.kit.renderer.capture-0.0.0] startup
[1.992s] [ext: omni.kit.renderer.imgui-2.0.5] startup
[2.020s] [ext: omni.ui-2.27.1] startup
[2.044s] [ext: omni.kit.mainwindow-1.0.3] startup
[2.049s] [ext: carb.audio-0.1.0] startup
[2.054s] [ext: omni.uiaudio-1.0.0] startup
[2.061s] [ext: omni.kit.uiapp-0.0.0] startup
[2.061s] [ext: omni.usd.schema.metrics.assembler-107.3.1] startup
[2.073s] [ext: omni.usd.schema.geospatial-0.0.0] startup
[2.085s] [ext: omni.usd.schema.anim-0.0.0] startup

|---------------------------------------------------------------------------------------------|
| Driver Version: 616.56        | Graphics API: D3D12
|=============================================================================================|
| GPU | Name                             | Active | LDA | GPU Memory | Vendor-ID | LUID       |
|     |                                  |        |     |            | Device-ID | UUID       |
|     |                                  |        |     |            | Bus-ID    |            |
|---------------------------------------------------------------------------------------------|
| 0   | NVIDIA GeForce RTX 5080 Laptop.. | Yes: 0 |     | 16003   MB | 10de      | 35350100.. |
|     |                                  |        |     |            | 2c59      | 0          |
|     |                                  |        |     |            | 1         |            |
|---------------------------------------------------------------------------------------------|
| 1   | Intel(R) Arc(TM) 140T GPU (32GB) |        |     | 128     MB | 8086      | c94f0100.. |
|     |                                  |        |     |            | 7d51      | 0          |
|     |                                  |        |     |            | N/A       |            |
|=============================================================================================|
| OS: Windows 11 Pro, Version: 10.0 (25H2), Build: 26200, Kernel: 10.0.26100.9457
| Processor: Intel(R) Core(TM) Ultra 9 285H
| Cores: 16 | Logical Cores: 16
|---------------------------------------------------------------------------------------------|
| Total Memory (MB): 64957 | Free Memory: 34576
| Total Page/Swap (MB): 75569 | Free Page/Swap: 20075
|---------------------------------------------------------------------------------------------|
[2.134s] [ext: omni.usd.schema.physx-107.3.26] startup
2026-10-07T20:30:48Z [1,944ms] [Warning] [gpu.foundation.plugin] PCIe link width current (8) and maximum (16) for device 0 don't match.
[2.194s] [ext: omni.usd.schema.omnigraph-1.0.0] startup
[2.219s] [ext: omni.usd.schema.semantics-0.0.0] startup
[2.235s] [ext: omni.usd.schema.audio-0.0.0] startup
[2.251s] [ext: isaacsim.robot.schema-3.6.0] startup
[2.281s] [ext: omni.usd_resolver-1.0.0] startup
[2.299s] [ext: omni.usd.core-1.5.3] startup
[2.303s] [ext: omni.usd.schema.omni_lens_distortion-0.0.0] startup
[2.373s] [ext: omni.usd.schema.omni_sensors-0.0.0] startup
[2.376s] [ext: omni.usd.schema.omniscripting-1.0.0] startup
[2.396s] [ext: omni.kit.window.popup_dialog-2.0.24] startup
[2.411s] [ext: omni.graph.exec-0.9.6] startup
[2.414s] [ext: omni.kit.widget.nucleus_connector-2.0.1] startup
[2.425s] [ext: omni.kit.usd_undo-0.1.8] startup
[2.427s] [ext: omni.kit.exec.core-0.13.4] startup
[2.436s] [ext: omni.kit.actions.core-1.0.0] startup
[2.448s] [ext: omni.resourcemonitor-107.0.1] startup
[2.458s] [ext: omni.activity.core-1.0.3] startup
[2.467s] [ext: omni.timeline-1.0.14] startup
[2.473s] [ext: omni.kit.commands-1.4.10] startup
[2.497s] [ext: usdrt.scenegraph-7.6.1] startup
[2.620s] [ext: omni.kit.audiodeviceenum-1.0.2] startup
[2.628s] [ext: omni.hydra.usdrt_delegate-7.5.1] startup
[2.656s] [ext: omni.hydra.scene_delegate-0.3.4] startup
[2.665s] [ext: omni.usd-1.13.10] startup
[2.776s] [ext: omni.kit.asset_converter-5.0.17] startup
[2.801s] [ext: omni.usd.schema.render_settings.rtx-0.0.0] startup
[2.805s] [ext: omni.index.libs-380600.8087.0] startup
[2.805s] [ext: omni.volume-0.5.2] startup
[2.820s] [ext: omni.ujitso.client-0.0.0] startup
[2.824s] [ext: omni.index-1.0.1] startup
[2.827s] [ext: omni.hydra.rtx.shadercache.d3d12-1.0.0] startup
[2.835s] [ext: omni.hydra.rtx-1.0.0] startup
[2.933s] [ext: omni.kit.viewport.legacy_gizmos-1.0.19] startup
[2.940s] [ext: omni.kit.raycast.query-1.1.0] startup
[2.952s] [ext: omni.kit.widget.path_field-2.0.11] startup
[2.960s] [ext: omni.kit.clipboard-1.0.5] startup
[2.968s] [ext: omni.kit.widget.options_menu-1.1.6] startup
[2.985s] [ext: omni.kit.helper.file_utils-0.1.9] startup
[2.991s] [ext: omni.kit.widget.browser_bar-2.0.10] startup
[2.997s] [ext: omni.kit.notification_manager-1.0.10] startup
[3.008s] [ext: omni.kit.menu.core-1.1.2] startup
[3.014s] [ext: omni.kit.widget.options_button-1.0.3] startup
[3.019s] [ext: omni.kit.widget.filebrowser-2.12.3] startup
[3.069s] [ext: omni.kit.viewport.registry-104.0.6] startup
[3.072s] [ext: omni.kit.menu.utils-2.0.5] startup
[3.117s] [ext: omni.kit.widget.context_menu-1.2.5] startup
[3.126s] [ext: omni.kit.usd.layers-2.2.11] startup
[3.168s] [ext: omni.ui.scene-1.11.5] startup
[3.180s] [ext: omni.kit.context_menu-1.8.6] startup
[3.195s] [ext: omni.kit.window.filepicker-2.13.4] startup
[3.329s] [ext: omni.kit.widget.searchable_combobox-1.0.6] startup
[3.338s] [ext: omni.kit.viewport.scene_camera_model-1.0.6] startup
[3.346s] [ext: omni.kit.hydra_texture-1.4.6] startup
[3.358s] [ext: omni.kit.window.file_importer-1.1.18] startup
[3.375s] [ext: omni.kit.widget.settings-1.2.6] startup
[3.393s] [ext: omni.kit.window.drop_support-1.0.5] startup
[3.395s] [ext: omni.kit.widget.viewport-107.1.3] startup
[3.434s] [ext: omni.kit.material.library-2.0.7] startup
[3.469s] [ext: omni.hydra.engine.stats-1.0.3] startup
[3.473s] [ext: omni.kit.window.preferences-1.8.0] startup
[3.510s] [ext: omni.kit.viewport.window-107.2.0] startup
[3.742s] [ext: omni.kit.manipulator.transform-107.0.0] startup
[3.767s] [ext: omni.kvdb-107.3.26] startup
[3.776s] [ext: omni.kit.widget.toolbar-2.0.1] startup
[3.810s] [ext: omni.kit.viewport.utility-1.1.2] startup
[3.814s] [ext: omni.usdphysics-107.3.26] startup
[3.820s] [ext: omni.physx.foundation-107.3.26] startup
[3.844s] [ext: omni.localcache-107.3.26] startup
[3.852s] [ext: omni.convexdecomposition-107.3.26] startup
[3.859s] [ext: omni.kit.manipulator.tool.snap-1.5.13] startup
[3.879s] [ext: omni.kit.manipulator.selector-1.1.3] startup
[3.884s] [ext: omni.physx.cooking-107.3.26] startup
[3.893s] [ext: omni.kit.viewport.manipulator.transform-107.0.4] startup
[3.900s] [ext: omni.physx-107.3.26] startup
[3.938s] [ext: omni.kit.manipulator.viewport-107.0.1] startup
[3.945s] [ext: omni.kit.primitive.mesh-1.0.17] startup
[3.967s] [ext: omni.kit.manipulator.prim.core-107.0.8] startup
[4.007s] [ext: omni.fabric.commands-1.1.6] startup
[4.031s] [ext: omni.kit.manipulator.prim.usd-107.0.3] startup
[4.038s] [ext: omni.kit.manipulator.prim.fabric-107.0.4] startup
[4.051s] [ext: omni.debugdraw-0.1.4] startup
[4.062s] [ext: omni.physx.commands-107.3.26] startup
[4.109s] [ext: omni.kit.manipulator.selection-106.0.1] startup
[4.115s] [ext: omni.kit.manipulator.prim-107.0.0] startup
[4.115s] [ext: omni.physics.tensors-107.3.26] startup
[4.148s] [ext: omni.kit.property.adapter.core-1.0.2] startup
[4.160s] [ext: omni.kit.widget.highlight_label-1.0.3] startup
[4.163s] [ext: omni.kit.widget.searchfield-1.1.8] startup
[4.173s] [ext: omni.kit.property.adapter.fabric-1.0.3] startup
[4.181s] [ext: omni.kit.widget.filter-1.1.4] startup
[4.185s] [ext: omni.kit.widget.prompt-1.0.7] startup
[4.189s] [ext: omni.kit.window.property-1.12.1] startup
[4.205s] [ext: omni.kit.property.adapter.usd-1.0.2] startup
[4.210s] [ext: omni.kit.hotkeys.core-1.3.10] startup
[4.213s] [ext: omni.kit.window.file_exporter-1.0.33] startup
[4.219s] [ext: omni.kit.stage_template.core-1.1.22] startup
[4.223s] [ext: omni.kit.viewport.menubar.core-107.2.1] startup
[4.285s] [ext: omni.kit.viewport.actions-107.0.2] startup
[4.298s] [ext: omni.kit.window.file-2.0.5] startup
[4.321s] [ext: omni.kit.window.content_browser_registry-0.0.6] startup
[4.324s] [ext: omni.kit.viewport.menubar.display-107.0.3] startup
[4.330s] [ext: omni.kit.window.content_browser-3.1.3] startup
[4.368s] [ext: omni.kit.widget.stage-3.1.4] startup
[4.452s] [ext: omni.inspect-1.0.2] startup
[4.463s] [ext: omni.kit.widget.layers-1.8.6] startup
[4.527s] [ext: omni.kit.property.usd-4.5.12] startup
[4.636s] [ext: omni.kit.numpy.common-0.1.3] startup
[4.641s] [ext: omni.physics-107.3.26] startup
[4.656s] [ext: omni.graph.core-2.184.5] startup
[4.663s] [ext: omni.usdphysics.ui-107.3.26] startup
[4.741s] [ext: omni.physics.stageupdate-107.3.26] startup
[4.752s] [ext: isaacsim.core.deprecation_manager-0.2.7] startup
[4.757s] [ext: omni.physx.ui-107.3.26] startup
[4.903s] [ext: isaacsim.core.version-2.0.6] startup
[4.905s] [ext: omni.usd.metrics.assembler-107.3.1] startup
[4.926s] [ext: omni.warp.core-1.8.2] startup
[5.386s] [ext: omni.ui_query-1.1.8] startup
[5.391s] [ext: omni.physics.physx-107.3.26] startup
2026-10-07T20:30:51Z [5,205ms] [Warning] [carb] Acquiring non optional plugin interface which is not listed as dependency: [omni::physx::IPhysxBenchmarks v1.0] (plugin: <default plugin>), by client: omni.physics.physx.plugin. Add it to CARB_PLUGIN_IMPL_DEPS() macro of a client.
[5.398s] [ext: isaacsim.storage.native-1.5.1] startup
[5.409s] [ext: omni.usd.metrics.assembler.physics-107.3.26] startup
[5.422s] [ext: omni.isaac.dynamic_control-2.0.7] startup
2026-10-07T20:30:51Z [5,247ms] [Warning] [omni.isaac.dynamic_control] omni.isaac.dynamic_control is deprecated as of Isaac Sim 4.5. No action is needed from end-users.
[5.439s] [ext: omni.graph.tools-1.79.2] startup
[5.604s] [ext: omni.physx.tensors-107.3.26] startup
[5.611s] [ext: isaacsim.core.utils-3.5.1] startup
[5.624s] [ext: omni.graph-1.141.2] startup
[5.858s] [ext: isaacsim.core.simulation_manager-1.4.4] startup
[11.603s] [ext: omni.graph.action_core-1.1.7] startup
[11.614s] [ext: omni.kit.stage_templates-2.0.0] startup
[11.627s] [ext: isaacsim.core.prims-0.6.1] startup
[11.732s] [ext: omni.graph.action_nodes-1.50.4] startup
[11.742s] [ext: isaacsim.core.api-4.8.0] startup
[11.835s] [ext: omni.graph.action-1.130.0] startup
[11.841s] [ext: omni.kit.widget.stage_icons-1.0.8] startup
[11.849s] [ext: omni.kit.selection-0.1.6] startup
[11.856s] [ext: omni.kit.window.stage-2.6.1] startup
[11.868s] [ext: omni.kit.menu.create-2.0.1] startup
[11.875s] [ext: omni.kit.widget.text_editor-1.1.1] startup
[11.882s] [ext: omni.kit.ui_test-1.3.7] startup
[11.894s] [ext: omni.kit.scripting-107.3.2] startup
[11.930s] [ext: omni.kit.window.extensions-1.4.27] startup
[11.983s] [ext: omni.graph.visualization.nodes-2.1.3] startup
[12.016s] [ext: isaacsim.replicator.behavior-1.1.16] startup
[12.049s] [ext: isaacsim.gui.components-1.2.1] startup
[12.129s] [ext: isaacsim.gui.menu-2.4.4] startup
[12.188s] [ext: isaacsim.core.cloner-1.4.10] startup
[12.203s] [ext: semantics.schema.editor-2.0.2] startup
2026-10-07T20:30:58Z [12,034ms] [Warning] [pxr.Semantics] pxr.Semantics is deprecated - please use Semantics instead
[12.229s] [ext: omni.kit.widget.zoombar-1.0.6] startup
[12.234s] [ext: omni.kit.usd.collect-2.4.5] startup
[12.250s] [ext: omni.kit.browser.core-2.3.13] startup
[12.277s] [ext: omni.kit.menu.stage-1.2.7] startup
[12.283s] [ext: omni.kit.tool.collect-2.2.18] startup
[12.303s] [ext: omni.kit.browser.folder.core-1.10.9] startup
[12.340s] [ext: isaacsim.core.experimental.utils-0.3.0] startup
[12.346s] [ext: isaacsim.asset.browser-1.3.23] startup
[12.916s] [ext: omni.kit.widget.graph-2.0.0] startup
[12.963s] [ext: omni.graph.image.core-0.6.1] startup
[12.970s] [ext: omni.kit.graph.delegate.default-1.2.3] startup
[12.973s] [ext: omni.graph.image.nodes-1.3.1] startup
[12.978s] [ext: omni.kit.graph.editor.core-1.5.3] startup
[12.998s] [ext: omni.graph.nodes-1.170.10] startup
[13.027s] [ext: omni.graph.ui_nodes-1.50.5] startup
[13.040s] [ext: omni.kit.graph.usd.commands-1.3.1] startup
[13.046s] [ext: omni.kit.widget.material_preview-1.0.16] startup
[13.060s] [ext: omni.videoencoding-0.1.2] startup
[13.071s] [ext: omni.kit.stagerecorder.core-107.0.3] startup
[13.089s] [ext: omni.warp-1.8.2] startup
[13.105s] [ext: omni.syntheticdata-0.6.13] startup
[13.212s] [ext: omni.kit.window.material_graph-1.9.1] startup
[13.328s] [ext: omni.graph.scriptnode-1.50.0] startup
[13.345s] [ext: omni.kit.stagerecorder.ui-107.0.1] startup
[13.407s] [ext: omni.replicator.core-1.12.27] startup
2026-10-07T20:31:00Z [13,690ms] [Warning] [omni.graph.core.plugin] Found duplicate of category 'Replicator' - was 'Annotators', adding 'Fabric Reader'
2026-10-07T20:31:00Z [13,690ms] [Warning] [omni.graph.core.plugin] Category 'Replicator' not accepted on node type 'omni.replicator.core.FabricReader' in extension 'omni.replicator.core'
2026-10-07T20:31:00Z [13,694ms] [Warning] [omni.replicator.core.scripts.extension] No material configuration file, adding configuration to material settings directly.
[13.892s] [ext: omni.kit.stagerecorder.bundle-105.0.2] startup
[13.896s] [ext: isaacsim.core.nodes-3.4.3] startup
[13.929s] [ext: isaacsim.test.docstring-1.1.0] startup
[13.948s] [ext: isaacsim.sensors.camera-1.3.6] startup
[13.999s] [ext: isaacsim.core.experimental.prims-0.8.1] startup
[14.157s] [ext: omni.kit.usdz_export-1.0.9] startup
[14.176s] [ext: isaacsim.robot.surface_gripper-3.3.1] startup
[14.215s] [ext: isaacsim.sensors.physics-0.4.3] startup
[14.267s] [ext: omni.kit.tool.asset_importer-4.3.2] startup
[14.345s] [ext: isaacsim.robot.manipulators-3.3.6] startup
[14.367s] [ext: isaacsim.robot.policy.examples-4.1.11] startup
[14.393s] [ext: omni.sensors.nv.common-3.0.0] startup
[14.484s] [ext: isaacsim.asset.importer.mjcf-2.5.13] startup
[15.340s] [ext: isaacsim.util.debug_draw-3.1.0] startup
[15.365s] [ext: omni.sensors.nv.materials-2.0.0] startup
[15.411s] [ext: omni.sensors.net-1.0.0] startup
[15.452s] [ext: isaacsim.sensors.physx-2.3.2] startup
[15.511s] [ext: isaacsim.examples.browser-0.2.1] startup
[15.558s] [ext: isaacsim.asset.importer.urdf-2.4.31] startup
[15.739s] [ext: isaacsim.simulation_app-2.12.2] startup
[15.743s] [ext: omni.sensors.nv.ids-2.0.0] startup
[15.766s] [ext: omni.sensors.nv.lidar-3.0.0] startup
[15.800s] [ext: omni.kit.property.audio-1.0.16] startup
[15.813s] [ext: omni.kit.property.camera-1.0.10] startup
[15.825s] [ext: omni.kit.property.geometry-2.0.4] startup
[15.847s] [ext: omni.hydra.scene_api-0.1.2] startup
[15.861s] [ext: omni.sensors.nv.wpm-3.0.0] startup
[15.875s] [ext: omni.kit.property.light-1.0.12] startup
[15.915s] [ext: omni.kit.property.material-1.11.9] startup
[15.983s] [ext: omni.kit.property.render-1.2.1] startup
[15.990s] [ext: omni.kit.property.transform-1.5.13] startup
[16.029s] [ext: omni.sensors.nv.radar-3.0.0] startup
[16.064s] [ext: omni.anim.curve.core-1.3.1] startup
[16.138s] [ext: omni.kit.manipulator.camera-106.0.4] startup
[16.190s] [ext: isaacsim.gui.property-1.1.3] startup
[16.218s] [ext: omni.kit.property.bundle-1.4.1] startup
[16.224s] [ext: isaacsim.sensors.rtx-15.8.4] startup
[16.248s] [ext: omni.kit.viewport.menubar.camera-107.0.6] startup
[16.292s] [ext: omni.kit.viewport.menubar.lighting-107.3.1] startup
[16.312s] [ext: omni.kit.viewport.menubar.render-107.0.10] startup
[16.327s] [ext: omni.kit.viewport.menubar.settings-107.0.3] startup
[16.350s] [ext: omni.kit.window.script_editor-2.0.1] startup
[16.365s] [ext: omni.kit.window.console-1.1.4] startup
[16.384s] [ext: isaacsim.robot.wheeled_robots-4.0.24] startup
[16.421s] [ext: omni.physx.demos-107.3.26] startup
[16.623s] [ext: omni.kit.property.physx-107.3.26] startup
[16.748s] [ext: omni.rtx.window.settings-0.6.19] startup
[16.786s] [ext: omni.ocio-0.1.1] startup
[16.801s] [ext: omni.asset_validator.core-1.1.6] startup
[17.045s] [ext: omni.physx.vehicle-107.3.26] startup
[17.155s] [ext: omni.replicator.replicator_yaml-2.0.11] startup
[17.247s] [ext: omni.rtx.settings.core-0.6.5] startup
[17.290s] [ext: omni.kit.window.toolbar-2.0.0] startup
[17.306s] [ext: omni.kit.window.status_bar-0.1.9] startup
[17.320s] [ext: omni.physx.asset_validator-107.3.26] startup
[17.372s] [ext: omni.physx.camera-107.3.26] startup
[17.403s] [ext: omni.physx.cct-107.3.26] startup
[17.441s] [ext: omni.physx.graph-107.3.26] startup
[17.478s] [ext: omni.physx.supportui-107.3.26] startup
[17.574s] [ext: omni.physx.telemetry-107.3.26] startup
[17.584s] [ext: omni.usd.metrics.assembler.ui-107.3.1] startup
[17.625s] [ext: isaacsim.app.about-2.0.11] startup
[17.632s] [ext: isaacsim.core.throttling-2.2.2] startup
[17.641s] [ext: omni.kit.ui.actions-1.0.5] startup
[17.649s] [ext: semantics.schema.property-2.0.1] startup
[17.659s] [ext: omni.physx.bundle-107.3.26] startup
[17.660s] [ext: isaaclab-0.53.1] startup
[19.244s] [ext: isaaclab_assets-0.2.4] startup
[20.040s] [ext: isaaclab_tasks-0.11.12] startup
[21.041s] [ext: omni.kit.menu.common-2.0.1] startup
[21.048s] [ext: isaaclab_rl-0.4.7] startup
[21.050s] [ext: isaaclab_mimic-1.0.16] startup
[21.052s] [ext: isaaclab.python-2.3.0] startup
[21.059s] Simulation App Starting
2026-10-07T20:31:08Z [21,370ms] [Warning] [omni.fabric.plugin] Warning: attribute overrideClipRange not found for bucket id 9

[21.605s] app ready
[24.706s] Simulation App Startup Complete
2026-10-07T20:31:13Z [26,758ms] [Warning] [isaaclab.envs.direct_rl_env] Seed not set for the environment. The environment creation may not be deterministic.

[36m===================================================================================================================[0m
[36m[1m[INFO][IsaacLab]: Logging to file: C:\Users\ethan\AppData\Local\Temp\isaaclab\logs\isaaclab_2026-10-07_16-31-13.log[0m
[36m===================================================================================================================[0m

[27.259s] [ext: omni.physx.fabric-107.3.26] startup
[33m16:31:16 [simulation_context.py] WARNING: The `enable_external_forces_every_iteration` parameter in the PhysxCfg is set to False. If you are experiencing noisy velocities, consider enabling this flag. You may need to slightly increase the number of velocity iterations (setting it to 1 or 2 rather than 0), together with this flag, to improve the accuracy of velocity updates.[0m
[INFO]: Base environment:
	Environment device    : cuda:0
	Environment seed      : None
	Physics step-size     : 0.01
	Rendering step-size   : 0.05
	Environment step-size : 0.05
2026-10-07T20:31:17Z [31,042ms] [Warning] [isaacsim.core.prims.impl.cloth_prim] Please note that support for particle cloth and related APIs is now deprecated. These features will be removed in future releases.
2026-10-07 16:31:17 - lehome.assets.object.Garment - WARNING - [GarmentObject] No visual materials specified
[INFO]: Time taken for scene creation : 1.021521 seconds
[INFO]: Scene manager:  <class InteractiveScene>
	Number of environments: 1
	Environment spacing   : 4.0
	Source prim name      : /World/envs/env_0
	Global prim paths     : []
	Replicate physics     : True
[INFO]: Starting the simulation. This may take a few seconds. Please wait...
2026-10-07T20:31:17Z [31,086ms] [Warning] [omni.physicsschema.plugin] Non-uniform scale may result in a non matching collision representation on prim: /World/Robot/Left_Robot/gripper/Capsule
2026-10-07T20:31:17Z [31,087ms] [Warning] [omni.physicsschema.plugin] Non-uniform scale may result in a non matching collision representation on prim: /World/Robot/Left_Robot/jaw/Capsule
2026-10-07T20:31:17Z [31,087ms] [Warning] [omni.physicsschema.plugin] Non-uniform scale may result in a non matching collision representation on prim: /World/Robot/Right_Robot/gripper/Capsule
2026-10-07T20:31:17Z [31,088ms] [Warning] [omni.physicsschema.plugin] Non-uniform scale may result in a non matching collision representation on prim: /World/Robot/Right_Robot/jaw/Capsule
2026-10-07T20:31:18Z [31,723ms] [Warning] [omni.physx.plugin] Detected an articulation at /World/Robot/Left_Robot with more than 4 velocity iterations being added to a TGS scene.The related behavior changed recently, please consult the changelog. This warning will only print once.
2026-10-07T20:31:18Z [32,205ms] [Warning] [omni.fabric.plugin] getAttributeCount called on non-existent path /World/Robot/Right_Robot/wrist/visuals/wrist_roll_pitch_so101_v2
2026-10-07T20:31:18Z [32,205ms] [Warning] [omni.fabric.plugin] getTypes called on non-existent path /World/Robot/Right_Robot/wrist/visuals/wrist_roll_pitch_so101_v2
[INFO]: Time taken for simulation start : 2.648744 seconds
[INFO]: Completed setting up the environment...
CONFIG {"jitter": 0.01, "profile": "friction", "device": "cuda:0", "dr": true, "knobs": {"particle_friction": null, "pad_friction": null, "pad_thickness": null, "gripper_drive": {"stiffness": 17.8, "damping": 0.6, "effort_limit_sim": 10.0}, "gripper_closed": 0.05, "jaw_open_rate": null, "adhesion": 0.1, "adhesion_offset_scale": null, "gravity_scale": null, "physics_hz": null}, "expert": {"PINCH_HEIGHT": 0.005, "PINCH_INSET": 0.005, "PLACE_HEIGHT": 0.011, "ARC_HEIGHT": 0.12, "CLOSE_DWELL": 8, "OPEN_DWELL": 6}, "overshoot": {"0left_": [-0.001, 0.052, 0.0], "0right_": [0.013, 0.05, 0.0]}, "code": "C:\\Users\\ethan\\Documents\\Projects\\watai\\WorldFold\\isaac\\grasp_bench.py"}
2026-10-07 16:31:20 - lehome.assets.object.Garment - WARNING - [GarmentObject] WARNING: soft_reset_pos_range has zero range (min == max for all dimensions). Reset position will always be the same: [0.0, -0.135, 0.425]
2026-10-07 16:31:20 - lehome.assets.object.Garment - WARNING - [GarmentObject] WARNING: soft_reset_rot_range has zero range (min == max for all dimensions). Reset rotation will always be the same: [0.0, 0.0, 0.0]
2026-10-07 16:31:20 - lehome.assets.object.Garment - INFO - [GarmentObject] Reset complete - pos: [0.0, -0.135, 0.425], ori: [0.0, 0.0, 0.0]
ROW 600100 success 169 35.5 {"left_": {"acquired": true, "held": true, "placed": true, "released": true}, "right_": {"acquired": true, "held": true, "placed": true, "released": true}}
2026-10-07 16:31:56 - lehome.assets.object.Garment - INFO - [GarmentObject] Reset complete - pos: [0.0, -0.135, 0.425], ori: [0.0, 0.0, 0.0]
ROW 600101 success 163 49.8 {"left_": {"acquired": true, "held": true, "placed": true, "released": true}, "right_": {"acquired": true, "held": true, "placed": true, "released": true}}
2026-10-07 16:32:45 - lehome.assets.object.Garment - INFO - [GarmentObject] Reset complete - pos: [0.0, -0.135, 0.425], ori: [0.0, 0.0, 0.0]
ROW 600102 success 180 63.7 {"left_": {"acquired": true, "held": true, "placed": true, "released": true}, "right_": {"acquired": true, "held": true, "placed": true, "released": true}}
2026-10-07 16:33:49 - lehome.assets.object.Garment - INFO - [GarmentObject] Reset complete - pos: [0.0, -0.135, 0.425], ori: [0.0, 0.0, 0.0]
ROW 600103 success 172 58.5 {"left_": {"acquired": true, "held": true, "placed": true, "released": true}, "right_": {"acquired": true, "held": true, "placed": true, "released": true}}
2026-10-07 16:34:48 - lehome.assets.object.Garment - INFO - [GarmentObject] Reset complete - pos: [0.0, -0.135, 0.425], ori: [0.0, 0.0, 0.0]
ROW 600104 bench_stop 197 65.1 {"left_": {"acquired": true, "held": true, "placed": true, "released": true}, "right_": {"acquired": true, "held": true, "placed": false, "released": true}}
2026-10-07 16:35:53 - lehome.assets.object.Garment - INFO - [GarmentObject] Reset complete - pos: [0.0, -0.135, 0.425], ori: [0.0, 0.0, 0.0]
ROW 600105 success 164 48.1 {"left_": {"acquired": true, "held": true, "placed": true, "released": true}, "right_": {"acquired": true, "held": true, "placed": true, "released": true}}
2026-10-07 16:36:41 - lehome.assets.object.Garment - INFO - [GarmentObject] Reset complete - pos: [0.0, -0.135, 0.425], ori: [0.0, 0.0, 0.0]
ROW 600106 success 161 55.1 {"left_": {"acquired": true, "held": true, "placed": true, "released": true}, "right_": {"acquired": true, "held": true, "placed": true, "released": true}}
2026-10-07 16:37:36 - lehome.assets.object.Garment - INFO - [GarmentObject] Reset complete - pos: [0.0, -0.135, 0.425], ori: [0.0, 0.0, 0.0]
ROW 600107 bench_stop 196 63.7 {"left_": {"acquired": true, "held": true, "placed": true, "released": true}, "right_": {"acquired": true, "held": true, "placed": false, "released": true}}
2026-10-07 16:38:40 - lehome.assets.object.Garment - INFO - [GarmentObject] Reset complete - pos: [0.0, -0.135, 0.425], ori: [0.0, 0.0, 0.0]
ROW 600108 success 168 48.0 {"left_": {"acquired": true, "held": true, "placed": true, "released": true}, "right_": {"acquired": true, "held": false, "placed": true, "released": false}}
2026-10-07 16:39:28 - lehome.assets.object.Garment - INFO - [GarmentObject] Reset complete - pos: [0.0, -0.135, 0.425], ori: [0.0, 0.0, 0.0]
ROW 600109 bench_stop 185 61.6 {"left_": {"acquired": true, "held": true, "placed": false, "released": true}, "right_": {"acquired": true, "held": true, "placed": true, "released": true}}
2026-10-07 16:40:29 - lehome.assets.object.Garment - INFO - [GarmentObject] Reset complete - pos: [0.0, -0.135, 0.425], ori: [0.0, 0.0, 0.0]
ROW 600110 success 170 54.5 {"left_": {"acquired": true, "held": true, "placed": true, "released": true}, "right_": {"acquired": true, "held": true, "placed": true, "released": true}}
2026-10-07 16:41:24 - lehome.assets.object.Garment - INFO - [GarmentObject] Reset complete - pos: [0.0, -0.135, 0.425], ori: [0.0, 0.0, 0.0]
ROW 600111 success 167 55.6 {"left_": {"acquired": true, "held": true, "placed": true, "released": true}, "right_": {"acquired": true, "held": true, "placed": true, "released": true}}
2026-10-07 16:42:19 - lehome.assets.object.Garment - INFO - [GarmentObject] Reset complete - pos: [0.0, -0.135, 0.425], ori: [0.0, 0.0, 0.0]
ROW 600112 success 177 53.5 {"left_": {"acquired": true, "held": true, "placed": true, "released": true}, "right_": {"acquired": true, "held": true, "placed": true, "released": true}}
2026-10-07 16:43:13 - lehome.assets.object.Garment - INFO - [GarmentObject] Reset complete - pos: [0.0, -0.135, 0.425], ori: [0.0, 0.0, 0.0]
ROW 600113 success 165 55.0 {"left_": {"acquired": true, "held": true, "placed": true, "released": true}, "right_": {"acquired": true, "held": true, "placed": true, "released": true}}
2026-10-07 16:44:08 - lehome.assets.object.Garment - INFO - [GarmentObject] Reset complete - pos: [0.0, -0.135, 0.425], ori: [0.0, 0.0, 0.0]
ROW 600114 success 168 53.5 {"left_": {"acquired": true, "held": true, "placed": true, "released": true}, "right_": {"acquired": true, "held": true, "placed": true, "released": true}}
2026-10-07 16:45:02 - lehome.assets.object.Garment - INFO - [GarmentObject] Reset complete - pos: [0.0, -0.135, 0.425], ori: [0.0, 0.0, 0.0]
ROW 600115 success 185 65.8 {"left_": {"acquired": true, "held": true, "placed": true, "released": true}, "right_": {"acquired": true, "held": true, "placed": true, "released": true}}
2026-10-07 16:46:07 - lehome.assets.object.Garment - INFO - [GarmentObject] Reset complete - pos: [0.0, -0.135, 0.425], ori: [0.0, 0.0, 0.0]
ROW 600116 success 157 44.0 {"left_": {"acquired": true, "held": true, "placed": true, "released": true}, "right_": {"acquired": true, "held": true, "placed": true, "released": true}}
2026-10-07 16:46:51 - lehome.assets.object.Garment - INFO - [GarmentObject] Reset complete - pos: [0.0, -0.135, 0.425], ori: [0.0, 0.0, 0.0]
ROW 600117 success 166 45.3 {"left_": {"acquired": true, "held": true, "placed": true, "released": true}, "right_": {"acquired": true, "held": true, "placed": true, "released": true}}
2026-10-07 16:47:37 - lehome.assets.object.Garment - INFO - [GarmentObject] Reset complete - pos: [0.0, -0.135, 0.425], ori: [0.0, 0.0, 0.0]
ROW 600118 success 163 50.0 {"left_": {"acquired": true, "held": true, "placed": true, "released": true}, "right_": {"acquired": true, "held": true, "placed": true, "released": true}}
2026-10-07 16:48:27 - lehome.assets.object.Garment - INFO - [GarmentObject] Reset complete - pos: [0.0, -0.135, 0.425], ori: [0.0, 0.0, 0.0]
ROW 600119 success 162 51.8 {"left_": {"acquired": true, "held": true, "placed": true, "released": true}, "right_": {"acquired": true, "held": true, "placed": true, "released": true}}
2026-10-07 16:49:18 - lehome.assets.object.Garment - INFO - [GarmentObject] Reset complete - pos: [0.0, -0.135, 0.425], ori: [0.0, 0.0, 0.0]
ROW 600120 success 164 48.6 {"left_": {"acquired": true, "held": true, "placed": true, "released": true}, "right_": {"acquired": true, "held": true, "placed": true, "released": true}}
2026-10-07 16:50:07 - lehome.assets.object.Garment - INFO - [GarmentObject] Reset complete - pos: [0.0, -0.135, 0.425], ori: [0.0, 0.0, 0.0]
ROW 600121 success 168 49.8 {"left_": {"acquired": true, "held": true, "placed": true, "released": true}, "right_": {"acquired": true, "held": true, "placed": true, "released": true}}
2026-10-07 16:50:57 - lehome.assets.object.Garment - INFO - [GarmentObject] Reset complete - pos: [0.0, -0.135, 0.425], ori: [0.0, 0.0, 0.0]
ROW 600122 success 175 54.9 {"left_": {"acquired": true, "held": true, "placed": true, "released": true}, "right_": {"acquired": true, "held": true, "placed": true, "released": true}}
2026-10-07 16:51:52 - lehome.assets.object.Garment - INFO - [GarmentObject] Reset complete - pos: [0.0, -0.135, 0.425], ori: [0.0, 0.0, 0.0]
ROW 600123 success 166 49.6 {"left_": {"acquired": true, "held": true, "placed": true, "released": true}, "right_": {"acquired": true, "held": true, "placed": true, "released": true}}
2026-10-07 16:52:41 - lehome.assets.object.Garment - INFO - [GarmentObject] Reset complete - pos: [0.0, -0.135, 0.425], ori: [0.0, 0.0, 0.0]
ROW 600124 success 158 45.5 {"left_": {"acquired": true, "held": true, "placed": true, "released": true}, "right_": {"acquired": true, "held": true, "placed": true, "released": true}}
2026-10-07 16:53:27 - lehome.assets.object.Garment - INFO - [GarmentObject] Reset complete - pos: [0.0, -0.135, 0.425], ori: [0.0, 0.0, 0.0]
ROW 600125 success 174 57.0 {"left_": {"acquired": true, "held": true, "placed": true, "released": true}, "right_": {"acquired": true, "held": true, "placed": true, "released": true}}
2026-10-07 16:54:24 - lehome.assets.object.Garment - INFO - [GarmentObject] Reset complete - pos: [0.0, -0.135, 0.425], ori: [0.0, 0.0, 0.0]
ROW 600126 success 166 48.1 {"left_": {"acquired": true, "held": true, "placed": true, "released": true}, "right_": {"acquired": true, "held": true, "placed": true, "released": true}}
2026-10-07 16:55:12 - lehome.assets.object.Garment - INFO - [GarmentObject] Reset complete - pos: [0.0, -0.135, 0.425], ori: [0.0, 0.0, 0.0]
ROW 600127 success 178 41.0 {"left_": {"acquired": true, "held": true, "placed": true, "released": true}, "right_": {"acquired": true, "held": true, "placed": true, "released": true}}
2026-10-07 16:55:53 - lehome.assets.object.Garment - INFO - [GarmentObject] Reset complete - pos: [0.0, -0.135, 0.425], ori: [0.0, 0.0, 0.0]
ROW 600128 bench_stop 187 48.2 {"left_": {"acquired": true, "held": true, "placed": true, "released": true}, "right_": {"acquired": true, "held": true, "placed": false, "released": true}}
2026-10-07 16:56:41 - lehome.assets.object.Garment - INFO - [GarmentObject] Reset complete - pos: [0.0, -0.135, 0.425], ori: [0.0, 0.0, 0.0]
ROW 600129 success 178 51.8 {"left_": {"acquired": true, "held": true, "placed": true, "released": true}, "right_": {"acquired": true, "held": true, "placed": true, "released": true}}
2026-10-07 16:57:33 - lehome.assets.object.Garment - INFO - [GarmentObject] Reset complete - pos: [0.0, -0.135, 0.425], ori: [0.0, 0.0, 0.0]
ROW 600130 success 157 44.2 {"left_": {"acquired": true, "held": true, "placed": true, "released": true}, "right_": {"acquired": true, "held": true, "placed": true, "released": true}}
2026-10-07 16:58:17 - lehome.assets.object.Garment - INFO - [GarmentObject] Reset complete - pos: [0.0, -0.135, 0.425], ori: [0.0, 0.0, 0.0]
ROW 600131 success 160 43.4 {"left_": {"acquired": true, "held": true, "placed": true, "released": true}, "right_": {"acquired": true, "held": true, "placed": true, "released": true}}
2026-10-07 16:59:01 - lehome.assets.object.Garment - INFO - [GarmentObject] Reset complete - pos: [0.0, -0.135, 0.425], ori: [0.0, 0.0, 0.0]
ROW 600132 success 167 40.7 {"left_": {"acquired": true, "held": true, "placed": true, "released": true}, "right_": {"acquired": true, "held": true, "placed": true, "released": true}}
2026-10-07 16:59:41 - lehome.assets.object.Garment - INFO - [GarmentObject] Reset complete - pos: [0.0, -0.135, 0.425], ori: [0.0, 0.0, 0.0]
ROW 600133 success 184 35.9 {"left_": {"acquired": true, "held": true, "placed": true, "released": true}, "right_": {"acquired": true, "held": true, "placed": true, "released": true}}
2026-10-07 17:00:17 - lehome.assets.object.Garment - INFO - [GarmentObject] Reset complete - pos: [0.0, -0.135, 0.425], ori: [0.0, 0.0, 0.0]
ROW 600134 success 175 44.5 {"left_": {"acquired": true, "held": true, "placed": true, "released": true}, "right_": {"acquired": true, "held": true, "placed": true, "released": true}}
2026-10-07 17:01:02 - lehome.assets.object.Garment - INFO - [GarmentObject] Reset complete - pos: [0.0, -0.135, 0.425], ori: [0.0, 0.0, 0.0]
ROW 600135 success 161 50.1 {"left_": {"acquired": true, "held": true, "placed": true, "released": true}, "right_": {"acquired": true, "held": true, "placed": true, "released": true}}
2026-10-07 17:01:52 - lehome.assets.object.Garment - INFO - [GarmentObject] Reset complete - pos: [0.0, -0.135, 0.425], ori: [0.0, 0.0, 0.0]
ROW 600136 success 185 62.0 {"left_": {"acquired": true, "held": true, "placed": true, "released": true}, "right_": {"acquired": true, "held": true, "placed": true, "released": true}}
2026-10-07 17:02:54 - lehome.assets.object.Garment - INFO - [GarmentObject] Reset complete - pos: [0.0, -0.135, 0.425], ori: [0.0, 0.0, 0.0]
ROW 600137 success 174 55.5 {"left_": {"acquired": true, "held": true, "placed": true, "released": true}, "right_": {"acquired": true, "held": true, "placed": true, "released": true}}
2026-10-07 17:03:49 - lehome.assets.object.Garment - INFO - [GarmentObject] Reset complete - pos: [0.0, -0.135, 0.425], ori: [0.0, 0.0, 0.0]
ROW 600138 success 176 53.9 {"left_": {"acquired": true, "held": true, "placed": true, "released": true}, "right_": {"acquired": true, "held": true, "placed": true, "released": true}}
2026-10-07 17:04:43 - lehome.assets.object.Garment - INFO - [GarmentObject] Reset complete - pos: [0.0, -0.135, 0.425], ori: [0.0, 0.0, 0.0]
ROW 600139 success 163 54.0 {"left_": {"acquired": true, "held": true, "placed": true, "released": true}, "right_": {"acquired": true, "held": true, "placed": true, "released": true}}
2026-10-07 17:05:37 - lehome.assets.object.Garment - INFO - [GarmentObject] Reset complete - pos: [0.0, -0.135, 0.425], ori: [0.0, 0.0, 0.0]
ROW 600140 success 168 55.0 {"left_": {"acquired": true, "held": true, "placed": true, "released": true}, "right_": {"acquired": true, "held": true, "placed": true, "released": true}}
2026-10-07 17:06:32 - lehome.assets.object.Garment - INFO - [GarmentObject] Reset complete - pos: [0.0, -0.135, 0.425], ori: [0.0, 0.0, 0.0]
ROW 600141 success 157 52.2 {"left_": {"acquired": true, "held": true, "placed": true, "released": true}, "right_": {"acquired": true, "held": true, "placed": true, "released": true}}
2026-10-07 17:07:24 - lehome.assets.object.Garment - INFO - [GarmentObject] Reset complete - pos: [0.0, -0.135, 0.425], ori: [0.0, 0.0, 0.0]
ROW 600142 success 168 56.9 {"left_": {"acquired": true, "held": true, "placed": true, "released": true}, "right_": {"acquired": true, "held": true, "placed": true, "released": true}}
2026-10-07 17:08:21 - lehome.assets.object.Garment - INFO - [GarmentObject] Reset complete - pos: [0.0, -0.135, 0.425], ori: [0.0, 0.0, 0.0]
ROW 600143 success 162 51.8 {"left_": {"acquired": true, "held": true, "placed": true, "released": true}, "right_": {"acquired": true, "held": true, "placed": true, "released": true}}
2026-10-07 17:09:13 - lehome.assets.object.Garment - INFO - [GarmentObject] Reset complete - pos: [0.0, -0.135, 0.425], ori: [0.0, 0.0, 0.0]
ROW 600144 success 192 64.4 {"left_": {"acquired": true, "held": true, "placed": true, "released": true}, "right_": {"acquired": true, "held": true, "placed": true, "released": true}}
2026-10-07 17:10:18 - lehome.assets.object.Garment - INFO - [GarmentObject] Reset complete - pos: [0.0, -0.135, 0.425], ori: [0.0, 0.0, 0.0]
ROW 600145 bench_stop 200 62.7 {"left_": {"acquired": true, "held": true, "placed": true, "released": true}, "right_": {"acquired": true, "held": false, "placed": false, "released": false}}
2026-10-07 17:11:20 - lehome.assets.object.Garment - INFO - [GarmentObject] Reset complete - pos: [0.0, -0.135, 0.425], ori: [0.0, 0.0, 0.0]
ROW 600146 success 163 49.2 {"left_": {"acquired": true, "held": true, "placed": true, "released": true}, "right_": {"acquired": true, "held": true, "placed": true, "released": true}}
2026-10-07 17:12:09 - lehome.assets.object.Garment - INFO - [GarmentObject] Reset complete - pos: [0.0, -0.135, 0.425], ori: [0.0, 0.0, 0.0]
ROW 600147 success 192 59.6 {"left_": {"acquired": true, "held": true, "placed": true, "released": true}, "right_": {"acquired": true, "held": true, "placed": true, "released": true}}
2026-10-07 17:13:09 - lehome.assets.object.Garment - INFO - [GarmentObject] Reset complete - pos: [0.0, -0.135, 0.425], ori: [0.0, 0.0, 0.0]
ROW 600148 bench_stop 197 61.8 {"left_": {"acquired": true, "held": true, "placed": true, "released": true}, "right_": {"acquired": true, "held": true, "placed": false, "released": true}}
2026-10-07 17:14:11 - lehome.assets.object.Garment - INFO - [GarmentObject] Reset complete - pos: [0.0, -0.135, 0.425], ori: [0.0, 0.0, 0.0]
ROW 600149 success 160 46.4 {"left_": {"acquired": true, "held": true, "placed": true, "released": true}, "right_": {"acquired": true, "held": true, "placed": true, "released": true}}
2026-10-07 17:14:57 - lehome.assets.object.Garment - INFO - [GarmentObject] Reset complete - pos: [0.0, -0.135, 0.425], ori: [0.0, 0.0, 0.0]
ROW 600150 success 180 50.0 {"left_": {"acquired": true, "held": true, "placed": true, "released": true}, "right_": {"acquired": true, "held": true, "placed": true, "released": true}}
2026-10-07 17:15:47 - lehome.assets.object.Garment - INFO - [GarmentObject] Reset complete - pos: [0.0, -0.135, 0.425], ori: [0.0, 0.0, 0.0]
ROW 600151 success 166 53.1 {"left_": {"acquired": true, "held": true, "placed": true, "released": true}, "right_": {"acquired": true, "held": true, "placed": true, "released": true}}
2026-10-07 17:16:40 - lehome.assets.object.Garment - INFO - [GarmentObject] Reset complete - pos: [0.0, -0.135, 0.425], ori: [0.0, 0.0, 0.0]
ROW 600152 success 182 56.6 {"left_": {"acquired": true, "held": true, "placed": true, "released": true}, "right_": {"acquired": true, "held": true, "placed": true, "released": true}}
2026-10-07 17:17:37 - lehome.assets.object.Garment - INFO - [GarmentObject] Reset complete - pos: [0.0, -0.135, 0.425], ori: [0.0, 0.0, 0.0]
ROW 600153 success 172 55.8 {"left_": {"acquired": true, "held": true, "placed": true, "released": true}, "right_": {"acquired": true, "held": true, "placed": true, "released": true}}
2026-10-07 17:18:33 - lehome.assets.object.Garment - INFO - [GarmentObject] Reset complete - pos: [0.0, -0.135, 0.425], ori: [0.0, 0.0, 0.0]
ROW 600154 success 182 58.1 {"left_": {"acquired": true, "held": true, "placed": true, "released": true}, "right_": {"acquired": true, "held": true, "placed": true, "released": true}}
2026-10-07 17:19:31 - lehome.assets.object.Garment - INFO - [GarmentObject] Reset complete - pos: [0.0, -0.135, 0.425], ori: [0.0, 0.0, 0.0]
ROW 600155 success 173 47.9 {"left_": {"acquired": true, "held": true, "placed": true, "released": true}, "right_": {"acquired": true, "held": true, "placed": true, "released": true}}
2026-10-07 17:20:19 - lehome.assets.object.Garment - INFO - [GarmentObject] Reset complete - pos: [0.0, -0.135, 0.425], ori: [0.0, 0.0, 0.0]
ROW 600156 bench_stop 197 63.5 {"left_": {"acquired": true, "held": true, "placed": true, "released": true}, "right_": {"acquired": true, "held": false, "placed": false, "released": false}}
2026-10-07 17:21:22 - lehome.assets.object.Garment - INFO - [GarmentObject] Reset complete - pos: [0.0, -0.135, 0.425], ori: [0.0, 0.0, 0.0]
2026-10-07T21:21:42Z [3,055,951ms] [Warning] [carb] Client gpu.foundation.plugin has acquired [gpu::unstable::IMemoryBudgetManagerFactory v0.1] 100 times. Consider accessing this interface with carb::getCachedInterface() (Performance warning)
ROW 600157 success 165 51.7 {"left_": {"acquired": true, "held": true, "placed": true, "released": true}, "right_": {"acquired": true, "held": true, "placed": true, "released": true}}
2026-10-07 17:22:14 - lehome.assets.object.Garment - INFO - [GarmentObject] Reset complete - pos: [0.0, -0.135, 0.425], ori: [0.0, 0.0, 0.0]
ROW 600158 success 164 34.8 {"left_": {"acquired": true, "held": true, "placed": true, "released": true}, "right_": {"acquired": true, "held": true, "placed": true, "released": true}}
2026-10-07 17:22:49 - lehome.assets.object.Garment - INFO - [GarmentObject] Reset complete - pos: [0.0, -0.135, 0.425], ori: [0.0, 0.0, 0.0]
ROW 600159 success 161 31.5 {"left_": {"acquired": true, "held": true, "placed": true, "released": true}, "right_": {"acquired": true, "held": true, "placed": true, "released": true}}
2026-10-07 17:23:20 - lehome.assets.object.Garment - INFO - [GarmentObject] Reset complete - pos: [0.0, -0.135, 0.425], ori: [0.0, 0.0, 0.0]
ROW 600160 success 163 28.5 {"left_": {"acquired": true, "held": true, "placed": true, "released": true}, "right_": {"acquired": true, "held": true, "placed": true, "released": true}}
2026-10-07 17:23:49 - lehome.assets.object.Garment - INFO - [GarmentObject] Reset complete - pos: [0.0, -0.135, 0.425], ori: [0.0, 0.0, 0.0]
ROW 600161 success 160 43.1 {"left_": {"acquired": true, "held": true, "placed": true, "released": true}, "right_": {"acquired": true, "held": true, "placed": true, "released": true}}
2026-10-07 17:24:32 - lehome.assets.object.Garment - INFO - [GarmentObject] Reset complete - pos: [0.0, -0.135, 0.425], ori: [0.0, 0.0, 0.0]
ROW 600162 success 185 56.1 {"left_": {"acquired": true, "held": true, "placed": true, "released": true}, "right_": {"acquired": true, "held": true, "placed": true, "released": true}}
2026-10-07 17:25:28 - lehome.assets.object.Garment - INFO - [GarmentObject] Reset complete - pos: [0.0, -0.135, 0.425], ori: [0.0, 0.0, 0.0]
ROW 600163 bench_stop 196 66.3 {"left_": {"acquired": true, "held": true, "placed": true, "released": true}, "right_": {"acquired": true, "held": true, "placed": false, "released": true}}
2026-10-07 17:26:34 - lehome.assets.object.Garment - INFO - [GarmentObject] Reset complete - pos: [0.0, -0.135, 0.425], ori: [0.0, 0.0, 0.0]
ROW 600164 success 177 55.6 {"left_": {"acquired": true, "held": true, "placed": true, "released": true}, "right_": {"acquired": true, "held": true, "placed": true, "released": true}}
2026-10-07 17:27:30 - lehome.assets.object.Garment - INFO - [GarmentObject] Reset complete - pos: [0.0, -0.135, 0.425], ori: [0.0, 0.0, 0.0]
ROW 600165 success 165 56.9 {"left_": {"acquired": true, "held": true, "placed": true, "released": true}, "right_": {"acquired": true, "held": true, "placed": true, "released": true}}
2026-10-07 17:28:27 - lehome.assets.object.Garment - INFO - [GarmentObject] Reset complete - pos: [0.0, -0.135, 0.425], ori: [0.0, 0.0, 0.0]
ROW 600166 success 195 68.0 {"left_": {"acquired": true, "held": true, "placed": true, "released": true}, "right_": {"acquired": true, "held": true, "placed": true, "released": true}}
2026-10-07 17:29:35 - lehome.assets.object.Garment - INFO - [GarmentObject] Reset complete - pos: [0.0, -0.135, 0.425], ori: [0.0, 0.0, 0.0]
ROW 600167 success 165 51.2 {"left_": {"acquired": true, "held": true, "placed": true, "released": true}, "right_": {"acquired": true, "held": true, "placed": true, "released": true}}
2026-10-07 17:30:26 - lehome.assets.object.Garment - INFO - [GarmentObject] Reset complete - pos: [0.0, -0.135, 0.425], ori: [0.0, 0.0, 0.0]
ROW 600168 success 182 58.5 {"left_": {"acquired": true, "held": true, "placed": true, "released": true}, "right_": {"acquired": true, "held": true, "placed": true, "released": true}}
2026-10-07 17:31:25 - lehome.assets.object.Garment - INFO - [GarmentObject] Reset complete - pos: [0.0, -0.135, 0.425], ori: [0.0, 0.0, 0.0]
ROW 600169 success 163 56.5 {"left_": {"acquired": true, "held": true, "placed": true, "released": true}, "right_": {"acquired": true, "held": true, "placed": true, "released": true}}
2026-10-07 17:32:21 - lehome.assets.object.Garment - INFO - [GarmentObject] Reset complete - pos: [0.0, -0.135, 0.425], ori: [0.0, 0.0, 0.0]
ROW 600170 success 176 56.9 {"left_": {"acquired": true, "held": true, "placed": true, "released": true}, "right_": {"acquired": true, "held": true, "placed": true, "released": true}}
2026-10-07 17:33:18 - lehome.assets.object.Garment - INFO - [GarmentObject] Reset complete - pos: [0.0, -0.135, 0.425], ori: [0.0, 0.0, 0.0]
ROW 600171 bench_stop 222 69.9 {"left_": {"acquired": true, "held": true, "placed": false, "released": true}, "right_": {"acquired": true, "held": true, "placed": true, "released": true}}
2026-10-07 17:34:28 - lehome.assets.object.Garment - INFO - [GarmentObject] Reset complete - pos: [0.0, -0.135, 0.425], ori: [0.0, 0.0, 0.0]
ROW 600172 success 174 60.0 {"left_": {"acquired": true, "held": true, "placed": true, "released": true}, "right_": {"acquired": true, "held": true, "placed": true, "released": true}}
2026-10-07 17:35:28 - lehome.assets.object.Garment - INFO - [GarmentObject] Reset complete - pos: [0.0, -0.135, 0.425], ori: [0.0, 0.0, 0.0]
ROW 600173 success 180 56.6 {"left_": {"acquired": true, "held": true, "placed": true, "released": true}, "right_": {"acquired": true, "held": true, "placed": true, "released": true}}
2026-10-07 17:36:24 - lehome.assets.object.Garment - INFO - [GarmentObject] Reset complete - pos: [0.0, -0.135, 0.425], ori: [0.0, 0.0, 0.0]
ROW 600174 bench_stop 195 58.0 {"left_": {"acquired": true, "held": true, "placed": false, "released": true}, "right_": {"acquired": true, "held": true, "placed": true, "released": true}}
2026-10-07 17:37:22 - lehome.assets.object.Garment - INFO - [GarmentObject] Reset complete - pos: [0.0, -0.135, 0.425], ori: [0.0, 0.0, 0.0]
ROW 600175 success 166 55.4 {"left_": {"acquired": true, "held": true, "placed": true, "released": true}, "right_": {"acquired": true, "held": true, "placed": true, "released": true}}
2026-10-07 17:38:18 - lehome.assets.object.Garment - INFO - [GarmentObject] Reset complete - pos: [0.0, -0.135, 0.425], ori: [0.0, 0.0, 0.0]
ROW 600176 success 167 52.3 {"left_": {"acquired": true, "held": true, "placed": true, "released": true}, "right_": {"acquired": true, "held": true, "placed": true, "released": true}}
2026-10-07 17:39:10 - lehome.assets.object.Garment - INFO - [GarmentObject] Reset complete - pos: [0.0, -0.135, 0.425], ori: [0.0, 0.0, 0.0]
ROW 600177 bench_stop 194 63.5 {"left_": {"acquired": true, "held": true, "placed": false, "released": true}, "right_": {"acquired": true, "held": true, "placed": true, "released": true}}
2026-10-07 17:40:14 - lehome.assets.object.Garment - INFO - [GarmentObject] Reset complete - pos: [0.0, -0.135, 0.425], ori: [0.0, 0.0, 0.0]
ROW 600178 success 176 57.1 {"left_": {"acquired": true, "held": true, "placed": true, "released": true}, "right_": {"acquired": true, "held": true, "placed": true, "released": true}}
2026-10-07 17:41:11 - lehome.assets.object.Garment - INFO - [GarmentObject] Reset complete - pos: [0.0, -0.135, 0.425], ori: [0.0, 0.0, 0.0]
ROW 600179 success 174 59.4 {"left_": {"acquired": true, "held": true, "placed": true, "released": true}, "right_": {"acquired": true, "held": true, "placed": true, "released": true}}
2026-10-07 17:42:10 - lehome.assets.object.Garment - INFO - [GarmentObject] Reset complete - pos: [0.0, -0.135, 0.425], ori: [0.0, 0.0, 0.0]
ROW 600180 success 166 51.4 {"left_": {"acquired": true, "held": true, "placed": true, "released": true}, "right_": {"acquired": true, "held": true, "placed": true, "released": true}}
2026-10-07 17:43:02 - lehome.assets.object.Garment - INFO - [GarmentObject] Reset complete - pos: [0.0, -0.135, 0.425], ori: [0.0, 0.0, 0.0]
ROW 600181 success 173 55.6 {"left_": {"acquired": true, "held": true, "placed": true, "released": true}, "right_": {"acquired": true, "held": true, "placed": true, "released": true}}
2026-10-07 17:43:57 - lehome.assets.object.Garment - INFO - [GarmentObject] Reset complete - pos: [0.0, -0.135, 0.425], ori: [0.0, 0.0, 0.0]
ROW 600182 success 161 49.6 {"left_": {"acquired": true, "held": true, "placed": true, "released": true}, "right_": {"acquired": true, "held": true, "placed": true, "released": true}}
2026-10-07 17:44:47 - lehome.assets.object.Garment - INFO - [GarmentObject] Reset complete - pos: [0.0, -0.135, 0.425], ori: [0.0, 0.0, 0.0]
ROW 600183 success 182 61.7 {"left_": {"acquired": true, "held": true, "placed": true, "released": true}, "right_": {"acquired": true, "held": true, "placed": true, "released": true}}
2026-10-07 17:45:48 - lehome.assets.object.Garment - INFO - [GarmentObject] Reset complete - pos: [0.0, -0.135, 0.425], ori: [0.0, 0.0, 0.0]
ROW 600184 success 175 53.6 {"left_": {"acquired": true, "held": true, "placed": true, "released": true}, "right_": {"acquired": true, "held": true, "placed": true, "released": true}}
2026-10-07 17:46:42 - lehome.assets.object.Garment - INFO - [GarmentObject] Reset complete - pos: [0.0, -0.135, 0.425], ori: [0.0, 0.0, 0.0]
ROW 600185 success 182 55.4 {"left_": {"acquired": true, "held": true, "placed": true, "released": true}, "right_": {"acquired": true, "held": true, "placed": true, "released": true}}
2026-10-07 17:47:38 - lehome.assets.object.Garment - INFO - [GarmentObject] Reset complete - pos: [0.0, -0.135, 0.425], ori: [0.0, 0.0, 0.0]
ROW 600186 bench_stop 187 64.6 {"left_": {"acquired": true, "held": true, "placed": true, "released": true}, "right_": {"acquired": true, "held": true, "placed": false, "released": true}}
2026-10-07 17:48:42 - lehome.assets.object.Garment - INFO - [GarmentObject] Reset complete - pos: [0.0, -0.135, 0.425], ori: [0.0, 0.0, 0.0]
ROW 600187 success 189 64.4 {"left_": {"acquired": true, "held": true, "placed": true, "released": true}, "right_": {"acquired": true, "held": true, "placed": true, "released": true}}
2026-10-07 17:49:47 - lehome.assets.object.Garment - INFO - [GarmentObject] Reset complete - pos: [0.0, -0.135, 0.425], ori: [0.0, 0.0, 0.0]
ROW 600188 success 181 56.7 {"left_": {"acquired": true, "held": true, "placed": true, "released": true}, "right_": {"acquired": true, "held": true, "placed": true, "released": true}}
2026-10-07 17:50:43 - lehome.assets.object.Garment - INFO - [GarmentObject] Reset complete - pos: [0.0, -0.135, 0.425], ori: [0.0, 0.0, 0.0]
ROW 600189 success 164 56.2 {"left_": {"acquired": true, "held": true, "placed": true, "released": true}, "right_": {"acquired": true, "held": true, "placed": true, "released": true}}
2026-10-07 17:51:40 - lehome.assets.object.Garment - INFO - [GarmentObject] Reset complete - pos: [0.0, -0.135, 0.425], ori: [0.0, 0.0, 0.0]
ROW 600190 success 178 58.2 {"left_": {"acquired": true, "held": true, "placed": true, "released": true}, "right_": {"acquired": true, "held": true, "placed": true, "released": true}}
2026-10-07 17:52:38 - lehome.assets.object.Garment - INFO - [GarmentObject] Reset complete - pos: [0.0, -0.135, 0.425], ori: [0.0, 0.0, 0.0]
ROW 600191 success 168 55.7 {"left_": {"acquired": true, "held": true, "placed": true, "released": true}, "right_": {"acquired": true, "held": true, "placed": true, "released": true}}
2026-10-07 17:53:33 - lehome.assets.object.Garment - INFO - [GarmentObject] Reset complete - pos: [0.0, -0.135, 0.425], ori: [0.0, 0.0, 0.0]
ROW 600192 success 180 59.9 {"left_": {"acquired": true, "held": true, "placed": true, "released": true}, "right_": {"acquired": true, "held": true, "placed": true, "released": true}}
2026-10-07 17:54:33 - lehome.assets.object.Garment - INFO - [GarmentObject] Reset complete - pos: [0.0, -0.135, 0.425], ori: [0.0, 0.0, 0.0]
ROW 600193 success 163 48.4 {"left_": {"acquired": true, "held": true, "placed": true, "released": true}, "right_": {"acquired": true, "held": true, "placed": true, "released": true}}
2026-10-07 17:55:22 - lehome.assets.object.Garment - INFO - [GarmentObject] Reset complete - pos: [0.0, -0.135, 0.425], ori: [0.0, 0.0, 0.0]
ROW 600194 bench_stop 196 59.9 {"left_": {"acquired": true, "held": true, "placed": true, "released": true}, "right_": {"acquired": true, "held": false, "placed": false, "released": false}}
2026-10-07 17:56:22 - lehome.assets.object.Garment - INFO - [GarmentObject] Reset complete - pos: [0.0, -0.135, 0.425], ori: [0.0, 0.0, 0.0]
ROW 600195 success 158 51.0 {"left_": {"acquired": true, "held": true, "placed": true, "released": true}, "right_": {"acquired": true, "held": true, "placed": true, "released": true}}
2026-10-07 17:57:13 - lehome.assets.object.Garment - INFO - [GarmentObject] Reset complete - pos: [0.0, -0.135, 0.425], ori: [0.0, 0.0, 0.0]
ROW 600196 success 188 60.9 {"left_": {"acquired": true, "held": true, "placed": true, "released": true}, "right_": {"acquired": true, "held": true, "placed": true, "released": true}}
2026-10-07 17:58:14 - lehome.assets.object.Garment - INFO - [GarmentObject] Reset complete - pos: [0.0, -0.135, 0.425], ori: [0.0, 0.0, 0.0]
ROW 600197 success 168 55.2 {"left_": {"acquired": true, "held": true, "placed": true, "released": true}, "right_": {"acquired": true, "held": true, "placed": true, "released": true}}
2026-10-07 17:59:09 - lehome.assets.object.Garment - INFO - [GarmentObject] Reset complete - pos: [0.0, -0.135, 0.425], ori: [0.0, 0.0, 0.0]
ROW 600198 success 164 52.5 {"left_": {"acquired": true, "held": true, "placed": true, "released": true}, "right_": {"acquired": true, "held": true, "placed": true, "released": true}}
2026-10-07 18:00:01 - lehome.assets.object.Garment - INFO - [GarmentObject] Reset complete - pos: [0.0, -0.135, 0.425], ori: [0.0, 0.0, 0.0]
ROW 600199 bench_stop 186 63.5 {"left_": {"acquired": true, "held": true, "placed": false, "released": true}, "right_": {"acquired": true, "held": true, "placed": true, "released": true}}
n = 100  reasons {'success': 86, 'bench_stop': 14}
  left_   acquired 100/100 [96.3, 100.0]  held 100/100 [96.3, 100.0]  placed 95/100 [88.8, 97.8]  released 100/100 [96.3, 100.0]  released_strict 27/100 [19.3, 36.4]  drift mean 0.0615 max 0.155  first failure {'placed': 5}
  right_  acquired 100/100 [96.3, 100.0]  held 96/100 [90.2, 98.4]  placed 91/100 [83.8, 95.2]  released 96/100 [90.2, 98.4]  released_strict 7/100 [3.4, 13.7]  drift mean 0.0476 max 0.1693  first failure {'placed': 6, 'held': 4}
== exit 0 2026-10-07T18:01:07
