== 2026-10-07T18:58:45 "C:\Users\ethan\Documents\Projects\watai\WorldFold\.venv-isaac\Scripts\python.exe" -u "C:\Users\ethan\Documents\Projects\watai\WorldFold\isaac\grasp_bench.py" --seeds 600400:600440 --out "C:\Users\ethan\Documents\Projects\watai\WorldFold\outputs\isaac\grasp\f2_j_padfric2" --profile friction --knobs pad_friction=2.0
[INFO][AppLauncher]: Using device: cuda:0
[INFO][AppLauncher]: Loading experience file: C:\Users\ethan\Documents\Projects\watai\WorldFold\.venv-isaac\src\IsaacLab\apps\isaaclab.python.kit
Loading user config located at: 'C:/Users/ethan/Documents/Projects/watai/WorldFold/.venv-isaac/kit/data/Kit/Isaac-Sim/5.1/user.config.json'
[Info] [carb] Logging to file: C:/Users/ethan/Documents/Projects/watai/WorldFold/.venv-isaac/kit/logs/Kit/Isaac-Sim/5.1/kit_20261007_185846.log
2026-10-07T22:58:47Z [18ms] [Warning] [carb.crashreporter-breakpad.plugin] [previous crash] preventing upload of minidump due to user opt-out: 'C:/Users/ethan/Documents/Projects/watai/WorldFold/.venv-isaac/kit/data/Kit/Isaac-Sim/5.1\c028bb7c-c523-4d6e-8b2b-2af63f808ac2.dmp'
2026-10-07T22:58:47Z [20ms] [Warning] [carb.crashreporter-breakpad.plugin] [previous crash] preventing upload of minidump due to user opt-out: 'C:/Users/ethan/Documents/Projects/watai/WorldFold/.venv-isaac/kit/data/Kit/Isaac-Sim/5.1\581073d2-5aa0-4aac-8bfa-8d8e8aec0915.dmp'
[0.470s] [ext: omni.kit.async_engine-0.0.3] startup
[0.902s] [ext: omni.metrics.core-0.0.3] startup
[0.909s] [ext: omni.client.lib-1.1.0] startup
[0.952s] [ext: omni.blobkey-1.1.2] startup
[0.955s] [ext: omni.stats-1.0.1] startup
[0.960s] [ext: omni.datastore-0.0.0] startup
[0.964s] [ext: omni.client-1.3.0] startup
[0.985s] [ext: omni.ujitso.default-1.0.0] startup
[0.993s] [ext: omni.hsscclient-1.1.2] startup
[1.009s] [ext: omni.gpu_foundation.shadercache.d3d12-1.0.0] startup
[1.020s] [ext: omni.assets.plugins-0.0.0] startup
[1.029s] [ext: omni.gpu_foundation-0.0.0] startup
[1.102s] [ext: carb.windowing.plugins-1.0.0] startup
[1.397s] [ext: omni.kit.renderer.init-0.0.0] startup
[1.400s] [ext: omni.materialx.libs-1.0.7] startup
[1.433s] [ext: omni.kit.pipapi-0.0.0] startup
[1.437s] [ext: omni.usd.config-1.0.6] startup
[1.486s] [ext: omni.gpucompute.plugins-0.0.0] startup
[1.489s] [ext: omni.usd.libs-1.0.1] startup
[1.691s] [ext: omni.kit.telemetry-0.5.2] startup
[1.730s] [ext: omni.mdl-56.0.3] startup
[1.979s] [ext: omni.iray.libs-0.0.0] startup
[2.021s] [ext: omni.mdl.neuraylib-0.2.12] startup
[2.033s] [ext: omni.kit.usd.mdl-1.1.5] startup
[2.556s] [ext: omni.kit.pip_archive-0.0.0] startup
[2.559s] [ext: omni.kit.loop-isaac-1.3.7] startup
[2.574s] [ext: omni.kit.test-2.0.1] startup
[3.615s] [ext: omni.appwindow-1.1.10] startup
[3.630s] [ext: omni.kit.renderer.core-1.1.0] startup
[3.696s] [ext: omni.kit.renderer.capture-0.0.0] startup
[3.716s] [ext: omni.kit.renderer.imgui-2.0.5] startup
[3.774s] [ext: omni.ui-2.27.1] startup
[3.830s] [ext: omni.kit.mainwindow-1.0.3] startup
[3.844s] [ext: carb.audio-0.1.0] startup
[3.857s] [ext: omni.uiaudio-1.0.0] startup
[3.866s] [ext: omni.kit.uiapp-0.0.0] startup
[3.867s] [ext: omni.usd.schema.metrics.assembler-107.3.1] startup
[3.897s] [ext: omni.usd.schema.geospatial-0.0.0] startup
[3.936s] [ext: omni.usd.schema.anim-0.0.0] startup
[4.052s] [ext: omni.usd.schema.physx-107.3.26] startup
2026-10-07T22:58:50Z [3,899ms] [Warning] [gpu.foundation.plugin] Skipping unsupported non-NVIDIA GPU: Intel(R) Arc(TM) 140T GPU (32GB)
2026-10-07T22:58:50Z [3,905ms] [Warning] [gpu.foundation.plugin] Skipping unsupported non-NVIDIA GPU: Intel(R) Arc(TM) 140T GPU (32GB)
[4.226s] [ext: omni.usd.schema.omnigraph-1.0.0] startup
[4.310s] [ext: omni.usd.schema.semantics-0.0.0] startup
[4.332s] [ext: omni.usd.schema.audio-0.0.0] startup
[4.356s] [ext: isaacsim.robot.schema-3.6.0] startup
[4.405s] [ext: omni.usd_resolver-1.0.0] startup
[4.464s] [ext: omni.usd.core-1.5.3] startup
[4.468s] [ext: omni.usd.schema.omni_lens_distortion-0.0.0] startup
[4.572s] [ext: omni.usd.schema.omni_sensors-0.0.0] startup
[4.574s] [ext: omni.usd.schema.omniscripting-1.0.0] startup
[4.600s] [ext: omni.kit.window.popup_dialog-2.0.24] startup
[4.630s] [ext: omni.graph.exec-0.9.6] startup
[4.635s] [ext: omni.kit.widget.nucleus_connector-2.0.1] startup
[4.655s] [ext: omni.kit.usd_undo-0.1.8] startup
[4.661s] [ext: omni.kit.exec.core-0.13.4] startup
[4.679s] [ext: omni.kit.actions.core-1.0.0] startup
[4.695s] [ext: omni.resourcemonitor-107.0.1] startup
[4.709s] [ext: omni.activity.core-1.0.3] startup
[4.720s] [ext: omni.timeline-1.0.14] startup
[4.731s] [ext: omni.kit.commands-1.4.10] startup
[4.763s] [ext: usdrt.scenegraph-7.6.1] startup
[4.933s] [ext: omni.kit.audiodeviceenum-1.0.2] startup
[4.945s] [ext: omni.hydra.usdrt_delegate-7.5.1] startup
[4.983s] [ext: omni.hydra.scene_delegate-0.3.4] startup
[4.994s] [ext: omni.usd-1.13.10] startup
[5.216s] [ext: omni.kit.asset_converter-5.0.17] startup
[5.296s] [ext: omni.usd.schema.render_settings.rtx-0.0.0] startup
[5.304s] [ext: omni.index.libs-380600.8087.0] startup
[5.304s] [ext: omni.volume-0.5.2] startup
[5.323s] [ext: omni.ujitso.client-0.0.0] startup
[5.328s] [ext: omni.index-1.0.1] startup
[5.333s] [ext: omni.hydra.rtx.shadercache.d3d12-1.0.0] startup
[5.338s] [ext: omni.hydra.rtx-1.0.0] startup
[5.445s] [ext: omni.kit.viewport.legacy_gizmos-1.0.19] startup
[5.452s] [ext: omni.kit.raycast.query-1.1.0] startup
[5.464s] [ext: omni.kit.widget.path_field-2.0.11] startup
[5.474s] [ext: omni.kit.clipboard-1.0.5] startup
[5.482s] [ext: omni.kit.widget.options_menu-1.1.6] startup
[5.507s] [ext: omni.kit.helper.file_utils-0.1.9] startup
[5.524s] [ext: omni.kit.widget.browser_bar-2.0.10] startup
[5.539s] [ext: omni.kit.notification_manager-1.0.10] startup
[5.558s] [ext: omni.kit.menu.core-1.1.2] startup
[5.569s] [ext: omni.kit.widget.options_button-1.0.3] startup
[5.584s] [ext: omni.kit.widget.filebrowser-2.12.3] startup
[5.739s] [ext: omni.kit.viewport.registry-104.0.6] startup
[5.745s] [ext: omni.kit.menu.utils-2.0.5] startup
[5.840s] [ext: omni.kit.widget.context_menu-1.2.5] startup
[5.856s] [ext: omni.kit.usd.layers-2.2.11] startup
[5.927s] [ext: omni.ui.scene-1.11.5] startup
[5.942s] [ext: omni.kit.context_menu-1.8.6] startup
[5.964s] [ext: omni.kit.window.filepicker-2.13.4] startup
[6.283s] [ext: omni.kit.widget.searchable_combobox-1.0.6] startup
[6.302s] [ext: omni.kit.viewport.scene_camera_model-1.0.6] startup
[6.310s] [ext: omni.kit.hydra_texture-1.4.6] startup
[6.324s] [ext: omni.kit.window.file_importer-1.1.18] startup
[6.340s] [ext: omni.kit.widget.settings-1.2.6] startup
[6.363s] [ext: omni.kit.window.drop_support-1.0.5] startup
[6.366s] [ext: omni.kit.widget.viewport-107.1.3] startup

|---------------------------------------------------------------------------------------------|
| Driver Version: 616.56        | Graphics API: D3D12
|=============================================================================================|
| GPU | Name                             | Active | LDA | GPU Memory | Vendor-ID | LUID       |
|     |                                  |        |     |            | Device-ID | UUID       |
|     |                                  |        |     |            | Bus-ID    |            |
|---------------------------------------------------------------------------------------------|
| 0   | NVIDIA GeForce RTX 5080 Laptop.. | Yes: 0 |     | 16003   MB | 10de      | 35350100.. |
|     |                                  |        |     |            | 2c59      | 0          |
|     |                                  |        |     |            | 1         |            |
|---------------------------------------------------------------------------------------------|
| 1   | Intel(R) Arc(TM) 140T GPU (32GB) |        |     | 128     MB | 8086      | c94f0100.. |
|     |                                  |        |     |            | 7d51      | 0          |
|     |                                  |        |     |            | N/A       |            |
|=============================================================================================|
| OS: Windows 11 Pro, Version: 10.0 (25H2), Build: 26200, Kernel: 10.0.26100.9457
| Processor: Intel(R) Core(TM) Ultra 9 285H
| Cores: 16 | Logical Cores: 16
|---------------------------------------------------------------------------------------------|
| Total Memory (MB): 64957 | Free Memory: 30276
| Total Page/Swap (MB): 75860 | Free Page/Swap: 13518
|---------------------------------------------------------------------------------------------|
[6.417s] [ext: omni.kit.material.library-2.0.7] startup
2026-10-07T22:58:53Z [6,229ms] [Warning] [gpu.foundation.plugin] PCIe link width current (8) and maximum (16) for device 0 don't match.
[6.481s] [ext: omni.hydra.engine.stats-1.0.3] startup
[6.488s] [ext: omni.kit.window.preferences-1.8.0] startup
[6.537s] [ext: omni.kit.viewport.window-107.2.0] startup
[7.023s] [ext: omni.kit.manipulator.transform-107.0.0] startup
[7.070s] [ext: omni.kvdb-107.3.26] startup
[7.083s] [ext: omni.kit.widget.toolbar-2.0.1] startup
[7.152s] [ext: omni.kit.viewport.utility-1.1.2] startup
[7.159s] [ext: omni.usdphysics-107.3.26] startup
[7.165s] [ext: omni.physx.foundation-107.3.26] startup
[7.177s] [ext: omni.localcache-107.3.26] startup
[7.187s] [ext: omni.convexdecomposition-107.3.26] startup
[7.201s] [ext: omni.kit.manipulator.tool.snap-1.5.13] startup
[7.231s] [ext: omni.kit.manipulator.selector-1.1.3] startup
[7.238s] [ext: omni.physx.cooking-107.3.26] startup
[7.251s] [ext: omni.kit.viewport.manipulator.transform-107.0.4] startup
[7.264s] [ext: omni.physx-107.3.26] startup
[7.299s] [ext: omni.kit.manipulator.viewport-107.0.1] startup
[7.307s] [ext: omni.kit.primitive.mesh-1.0.17] startup
[7.341s] [ext: omni.kit.manipulator.prim.core-107.0.8] startup
[7.385s] [ext: omni.fabric.commands-1.1.6] startup
[7.410s] [ext: omni.kit.manipulator.prim.usd-107.0.3] startup
[7.417s] [ext: omni.kit.manipulator.prim.fabric-107.0.4] startup
[7.427s] [ext: omni.debugdraw-0.1.4] startup
[7.439s] [ext: omni.physx.commands-107.3.26] startup
[7.490s] [ext: omni.kit.manipulator.selection-106.0.1] startup
[7.500s] [ext: omni.kit.manipulator.prim-107.0.0] startup
[7.500s] [ext: omni.physics.tensors-107.3.26] startup
[7.535s] [ext: omni.kit.property.adapter.core-1.0.2] startup
[7.547s] [ext: omni.kit.widget.highlight_label-1.0.3] startup
[7.552s] [ext: omni.kit.widget.searchfield-1.1.8] startup
[7.562s] [ext: omni.kit.property.adapter.fabric-1.0.3] startup
[7.573s] [ext: omni.kit.widget.filter-1.1.4] startup
[7.578s] [ext: omni.kit.widget.prompt-1.0.7] startup
[7.585s] [ext: omni.kit.window.property-1.12.1] startup
[7.608s] [ext: omni.kit.property.adapter.usd-1.0.2] startup
[7.616s] [ext: omni.kit.hotkeys.core-1.3.10] startup
[7.620s] [ext: omni.kit.window.file_exporter-1.0.33] startup
[7.628s] [ext: omni.kit.stage_template.core-1.1.22] startup
[7.632s] [ext: omni.kit.viewport.menubar.core-107.2.1] startup
[7.730s] [ext: omni.kit.viewport.actions-107.0.2] startup
[7.746s] [ext: omni.kit.window.file-2.0.5] startup
[7.774s] [ext: omni.kit.window.content_browser_registry-0.0.6] startup
[7.779s] [ext: omni.kit.viewport.menubar.display-107.0.3] startup
[7.786s] [ext: omni.kit.window.content_browser-3.1.3] startup
[7.829s] [ext: omni.kit.widget.stage-3.1.4] startup
[7.931s] [ext: omni.inspect-1.0.2] startup
[7.939s] [ext: omni.kit.widget.layers-1.8.6] startup
[8.014s] [ext: omni.kit.property.usd-4.5.12] startup
[8.153s] [ext: omni.kit.numpy.common-0.1.3] startup
[8.159s] [ext: omni.physics-107.3.26] startup
[8.169s] [ext: omni.graph.core-2.184.5] startup
[8.177s] [ext: omni.usdphysics.ui-107.3.26] startup
[8.285s] [ext: omni.physics.stageupdate-107.3.26] startup
[8.302s] [ext: isaacsim.core.deprecation_manager-0.2.7] startup
[8.307s] [ext: omni.physx.ui-107.3.26] startup
[8.467s] [ext: isaacsim.core.version-2.0.6] startup
[8.470s] [ext: omni.usd.metrics.assembler-107.3.1] startup
[8.489s] [ext: omni.warp.core-1.8.2] startup
[8.914s] [ext: omni.ui_query-1.1.8] startup
[8.924s] [ext: omni.physics.physx-107.3.26] startup
2026-10-07T22:58:55Z [8,679ms] [Warning] [carb] Acquiring non optional plugin interface which is not listed as dependency: [omni::physx::IPhysxBenchmarks v1.0] (plugin: <default plugin>), by client: omni.physics.physx.plugin. Add it to CARB_PLUGIN_IMPL_DEPS() macro of a client.
[8.930s] [ext: isaacsim.storage.native-1.5.1] startup
[8.940s] [ext: omni.usd.metrics.assembler.physics-107.3.26] startup
[8.953s] [ext: omni.isaac.dynamic_control-2.0.7] startup
2026-10-07T22:58:55Z [8,716ms] [Warning] [omni.isaac.dynamic_control] omni.isaac.dynamic_control is deprecated as of Isaac Sim 4.5. No action is needed from end-users.
[8.968s] [ext: omni.graph.tools-1.79.2] startup
[9.106s] [ext: omni.physx.tensors-107.3.26] startup
[9.114s] [ext: isaacsim.core.utils-3.5.1] startup
[9.123s] [ext: omni.graph-1.141.2] startup
[9.277s] [ext: isaacsim.core.simulation_manager-1.4.4] startup
[14.653s] [ext: omni.graph.action_core-1.1.7] startup
[14.664s] [ext: omni.kit.stage_templates-2.0.0] startup
[14.675s] [ext: isaacsim.core.prims-0.6.1] startup
[14.812s] [ext: omni.graph.action_nodes-1.50.4] startup
[14.826s] [ext: isaacsim.core.api-4.8.0] startup
[15.003s] [ext: omni.graph.action-1.130.0] startup
[15.011s] [ext: omni.kit.widget.stage_icons-1.0.8] startup
[15.021s] [ext: omni.kit.selection-0.1.6] startup
[15.028s] [ext: omni.kit.window.stage-2.6.1] startup
[15.039s] [ext: omni.kit.menu.create-2.0.1] startup
[15.046s] [ext: omni.kit.widget.text_editor-1.1.1] startup
[15.054s] [ext: omni.kit.ui_test-1.3.7] startup
[15.065s] [ext: omni.kit.scripting-107.3.2] startup
[15.099s] [ext: omni.kit.window.extensions-1.4.27] startup
[15.281s] [ext: omni.graph.visualization.nodes-2.1.3] startup
[15.323s] [ext: isaacsim.replicator.behavior-1.1.16] startup
[15.327s] [ext: isaacsim.gui.components-1.2.1] startup
[15.387s] [ext: isaacsim.gui.menu-2.4.4] startup
[15.472s] [ext: isaacsim.core.cloner-1.4.10] startup
[15.492s] [ext: semantics.schema.editor-2.0.2] startup
2026-10-07T22:59:02Z [15,270ms] [Warning] [pxr.Semantics] pxr.Semantics is deprecated - please use Semantics instead
[15.524s] [ext: omni.kit.widget.zoombar-1.0.6] startup
[15.531s] [ext: omni.kit.usd.collect-2.4.5] startup
[15.548s] [ext: omni.kit.browser.core-2.3.13] startup
[15.585s] [ext: omni.kit.menu.stage-1.2.7] startup
[15.590s] [ext: omni.kit.tool.collect-2.2.18] startup
[15.611s] [ext: omni.kit.browser.folder.core-1.10.9] startup
[15.665s] [ext: isaacsim.core.experimental.utils-0.3.0] startup
[15.671s] [ext: isaacsim.asset.browser-1.3.23] startup
[16.381s] [ext: omni.kit.widget.graph-2.0.0] startup
[16.444s] [ext: omni.graph.image.core-0.6.1] startup
[16.450s] [ext: omni.kit.graph.delegate.default-1.2.3] startup
[16.452s] [ext: omni.graph.image.nodes-1.3.1] startup
[16.457s] [ext: omni.kit.graph.editor.core-1.5.3] startup
[16.481s] [ext: omni.graph.nodes-1.170.10] startup
[16.499s] [ext: omni.graph.ui_nodes-1.50.5] startup
[16.511s] [ext: omni.kit.graph.usd.commands-1.3.1] startup
[16.516s] [ext: omni.kit.widget.material_preview-1.0.16] startup
[16.545s] [ext: omni.videoencoding-0.1.2] startup
[16.566s] [ext: omni.kit.stagerecorder.core-107.0.3] startup
[16.579s] [ext: omni.warp-1.8.2] startup
[16.612s] [ext: omni.syntheticdata-0.6.13] startup
[16.761s] [ext: omni.kit.window.material_graph-1.9.1] startup
[16.998s] [ext: omni.graph.scriptnode-1.50.0] startup
[17.008s] [ext: omni.kit.stagerecorder.ui-107.0.1] startup
[17.091s] [ext: omni.replicator.core-1.12.27] startup
2026-10-07T22:59:04Z [17,312ms] [Warning] [omni.graph.core.plugin] Found duplicate of category 'Replicator' - was 'Annotators', adding 'Fabric Reader'
2026-10-07T22:59:04Z [17,312ms] [Warning] [omni.graph.core.plugin] Category 'Replicator' not accepted on node type 'omni.replicator.core.FabricReader' in extension 'omni.replicator.core'
2026-10-07T22:59:04Z [17,314ms] [Warning] [omni.replicator.core.scripts.extension] No material configuration file, adding configuration to material settings directly.
[17.570s] [ext: omni.kit.stagerecorder.bundle-105.0.2] startup
[17.573s] [ext: isaacsim.core.nodes-3.4.3] startup
[17.619s] [ext: isaacsim.test.docstring-1.1.0] startup
[17.649s] [ext: isaacsim.sensors.camera-1.3.6] startup
[17.707s] [ext: isaacsim.core.experimental.prims-0.8.1] startup
[17.869s] [ext: omni.kit.usdz_export-1.0.9] startup
[17.884s] [ext: isaacsim.robot.surface_gripper-3.3.1] startup
[17.904s] [ext: isaacsim.sensors.physics-0.4.3] startup
[17.948s] [ext: omni.kit.tool.asset_importer-4.3.2] startup
[18.087s] [ext: isaacsim.robot.manipulators-3.3.6] startup
[18.170s] [ext: isaacsim.robot.policy.examples-4.1.11] startup
[18.184s] [ext: omni.sensors.nv.common-3.0.0] startup
[18.292s] [ext: isaacsim.asset.importer.mjcf-2.5.13] startup
[19.360s] [ext: isaacsim.util.debug_draw-3.1.0] startup
[19.401s] [ext: omni.sensors.nv.materials-2.0.0] startup
[19.459s] [ext: omni.sensors.net-1.0.0] startup
[19.494s] [ext: isaacsim.sensors.physx-2.3.2] startup
[19.551s] [ext: isaacsim.examples.browser-0.2.1] startup
[19.606s] [ext: isaacsim.asset.importer.urdf-2.4.31] startup
[19.827s] [ext: isaacsim.simulation_app-2.12.2] startup
[19.829s] [ext: omni.sensors.nv.ids-2.0.0] startup
[19.865s] [ext: omni.sensors.nv.lidar-3.0.0] startup
[19.903s] [ext: omni.kit.property.audio-1.0.16] startup
[19.923s] [ext: omni.kit.property.camera-1.0.10] startup
[19.938s] [ext: omni.kit.property.geometry-2.0.4] startup
[19.991s] [ext: omni.hydra.scene_api-0.1.2] startup
[20.004s] [ext: omni.sensors.nv.wpm-3.0.0] startup
[20.025s] [ext: omni.kit.property.light-1.0.12] startup
[20.059s] [ext: omni.kit.property.material-1.11.9] startup
[20.137s] [ext: omni.kit.property.render-1.2.1] startup
[20.151s] [ext: omni.kit.property.transform-1.5.13] startup
[20.204s] [ext: omni.sensors.nv.radar-3.0.0] startup
[20.241s] [ext: omni.anim.curve.core-1.3.1] startup
[20.334s] [ext: omni.kit.manipulator.camera-106.0.4] startup
[20.384s] [ext: isaacsim.gui.property-1.1.3] startup
[20.407s] [ext: omni.kit.property.bundle-1.4.1] startup
[20.435s] [ext: isaacsim.sensors.rtx-15.8.4] startup
[20.468s] [ext: omni.kit.viewport.menubar.camera-107.0.6] startup
[20.517s] [ext: omni.kit.viewport.menubar.lighting-107.3.1] startup
[20.536s] [ext: omni.kit.viewport.menubar.render-107.0.10] startup
[20.559s] [ext: omni.kit.viewport.menubar.settings-107.0.3] startup
[20.589s] [ext: omni.kit.window.script_editor-2.0.1] startup
[20.610s] [ext: omni.kit.window.console-1.1.4] startup
[20.635s] [ext: isaacsim.robot.wheeled_robots-4.0.24] startup
[20.675s] [ext: omni.physx.demos-107.3.26] startup
[20.878s] [ext: omni.kit.property.physx-107.3.26] startup
[21.014s] [ext: omni.rtx.window.settings-0.6.19] startup
[21.060s] [ext: omni.ocio-0.1.1] startup
[21.072s] [ext: omni.asset_validator.core-1.1.6] startup
[21.230s] [ext: omni.physx.vehicle-107.3.26] startup
[21.313s] [ext: omni.replicator.replicator_yaml-2.0.11] startup
[21.380s] [ext: omni.rtx.settings.core-0.6.5] startup
[21.422s] [ext: omni.kit.window.toolbar-2.0.0] startup
[21.431s] [ext: omni.kit.window.status_bar-0.1.9] startup
[21.442s] [ext: omni.physx.asset_validator-107.3.26] startup
[21.484s] [ext: omni.physx.camera-107.3.26] startup
[21.509s] [ext: omni.physx.cct-107.3.26] startup
[21.538s] [ext: omni.physx.graph-107.3.26] startup
[21.570s] [ext: omni.physx.supportui-107.3.26] startup
[21.720s] [ext: omni.physx.telemetry-107.3.26] startup
[21.732s] [ext: omni.usd.metrics.assembler.ui-107.3.1] startup
[21.803s] [ext: isaacsim.app.about-2.0.11] startup
[21.814s] [ext: isaacsim.core.throttling-2.2.2] startup
[21.821s] [ext: omni.kit.ui.actions-1.0.5] startup
[21.834s] [ext: semantics.schema.property-2.0.1] startup
[21.845s] [ext: omni.physx.bundle-107.3.26] startup
[21.846s] [ext: isaaclab-0.53.1] startup
[23.299s] [ext: isaaclab_assets-0.2.4] startup
[24.029s] [ext: isaaclab_tasks-0.11.12] startup
[24.916s] [ext: omni.kit.menu.common-2.0.1] startup
[24.920s] [ext: isaaclab_rl-0.4.7] startup
[24.921s] [ext: isaaclab_mimic-1.0.16] startup
[24.923s] [ext: isaaclab.python-2.3.0] startup
[24.930s] Simulation App Starting
2026-10-07T22:59:11Z [24,893ms] [Warning] [omni.kvdb.plugin] Disabling key-value database because another kit process is locking it
2026-10-07T22:59:12Z [25,117ms] [Warning] [omni.fabric.plugin] Warning: attribute viewportHandle not found for bucket id 9

[25.420s] app ready
[28.835s] Simulation App Startup Complete
2026-10-07T22:59:17Z [30,784ms] [Warning] [isaaclab.envs.direct_rl_env] Seed not set for the environment. The environment creation may not be deterministic.

[36m===================================================================================================================[0m
[36m[1m[INFO][IsaacLab]: Logging to file: C:\Users\ethan\AppData\Local\Temp\isaaclab\logs\isaaclab_2026-10-07_18-59-17.log[0m
[36m===================================================================================================================[0m

[31.614s] [ext: omni.physx.fabric-107.3.26] startup
[33m18:59:22 [simulation_context.py] WARNING: The `enable_external_forces_every_iteration` parameter in the PhysxCfg is set to False. If you are experiencing noisy velocities, consider enabling this flag. You may need to slightly increase the number of velocity iterations (setting it to 1 or 2 rather than 0), together with this flag, to improve the accuracy of velocity updates.[0m
[INFO]: Base environment:
	Environment device    : cuda:0
	Environment seed      : None
	Physics step-size     : 0.01
	Rendering step-size   : 0.05
	Environment step-size : 0.05
2026-10-07T22:59:23Z [36,352ms] [Warning] [isaacsim.core.prims.impl.cloth_prim] Please note that support for particle cloth and related APIs is now deprecated. These features will be removed in future releases.
2026-10-07 18:59:23 - lehome.assets.object.Garment - WARNING - [GarmentObject] No visual materials specified
[INFO]: Time taken for scene creation : 1.027340 seconds
[INFO]: Scene manager:  <class InteractiveScene>
	Number of environments: 1
	Environment spacing   : 4.0
	Source prim name      : /World/envs/env_0
	Global prim paths     : []
	Replicate physics     : True
[INFO]: Starting the simulation. This may take a few seconds. Please wait...
2026-10-07T22:59:23Z [36,398ms] [Warning] [omni.physicsschema.plugin] Non-uniform scale may result in a non matching collision representation on prim: /World/Robot/Left_Robot/gripper/Capsule
2026-10-07T22:59:23Z [36,398ms] [Warning] [omni.physicsschema.plugin] Non-uniform scale may result in a non matching collision representation on prim: /World/Robot/Left_Robot/jaw/Capsule
2026-10-07T22:59:23Z [36,399ms] [Warning] [omni.physicsschema.plugin] Non-uniform scale may result in a non matching collision representation on prim: /World/Robot/Right_Robot/gripper/Capsule
2026-10-07T22:59:23Z [36,399ms] [Warning] [omni.physicsschema.plugin] Non-uniform scale may result in a non matching collision representation on prim: /World/Robot/Right_Robot/jaw/Capsule
2026-10-07T22:59:24Z [37,017ms] [Warning] [omni.physx.plugin] Detected an articulation at /World/Robot/Left_Robot with more than 4 velocity iterations being added to a TGS scene.The related behavior changed recently, please consult the changelog. This warning will only print once.
2026-10-07T22:59:24Z [37,499ms] [Warning] [omni.fabric.plugin] getAttributeCount called on non-existent path /World/Robot/Right_Robot/wrist/visuals/wrist_roll_pitch_so101_v2
2026-10-07T22:59:24Z [37,499ms] [Warning] [omni.fabric.plugin] getTypes called on non-existent path /World/Robot/Right_Robot/wrist/visuals/wrist_roll_pitch_so101_v2
[INFO]: Time taken for simulation start : 2.750361 seconds
[INFO]: Completed setting up the environment...
CONFIG {"jitter": 0.01, "profile": "friction", "device": "cuda:0", "dr": true, "knobs": {"particle_friction": null, "pad_friction": 2.0, "pad_thickness": null, "gripper_drive": {"stiffness": 17.8, "damping": 0.6, "effort_limit_sim": 10.0}, "gripper_closed": 0.05, "jaw_open_rate": null, "adhesion": 0.1, "adhesion_offset_scale": null, "gravity_scale": null, "physics_hz": null}, "expert": {"PINCH_HEIGHT": 0.005, "PINCH_INSET": 0.005, "PLACE_HEIGHT": 0.011, "ARC_HEIGHT": 0.12, "CLOSE_DWELL": 8, "OPEN_DWELL": 6}, "overshoot": {"0left_": [-0.001, 0.052, 0.0], "0right_": [0.013, 0.05, 0.0]}, "code": "C:\\Users\\ethan\\Documents\\Projects\\watai\\WorldFold\\isaac\\grasp_bench.py"}
2026-10-07 18:59:26 - lehome.assets.object.Garment - WARNING - [GarmentObject] WARNING: soft_reset_pos_range has zero range (min == max for all dimensions). Reset position will always be the same: [0.0, -0.135, 0.425]
2026-10-07 18:59:26 - lehome.assets.object.Garment - WARNING - [GarmentObject] WARNING: soft_reset_rot_range has zero range (min == max for all dimensions). Reset rotation will always be the same: [0.0, 0.0, 0.0]
2026-10-07 18:59:26 - lehome.assets.object.Garment - INFO - [GarmentObject] Reset complete - pos: [0.0, -0.135, 0.425], ori: [0.0, 0.0, 0.0]
ROW 600400 bench_stop 184 61.4 {"left_": {"acquired": true, "held": true, "placed": true, "released": true}, "right_": {"acquired": true, "held": true, "placed": false, "released": true}}
2026-10-07 19:00:27 - lehome.assets.object.Garment - INFO - [GarmentObject] Reset complete - pos: [0.0, -0.135, 0.425], ori: [0.0, 0.0, 0.0]
ROW 600401 bench_stop 201 68.4 {"left_": {"acquired": true, "held": true, "placed": false, "released": true}, "right_": {"acquired": true, "held": true, "placed": true, "released": true}}
2026-10-07 19:01:36 - lehome.assets.object.Garment - INFO - [GarmentObject] Reset complete - pos: [0.0, -0.135, 0.425], ori: [0.0, 0.0, 0.0]
ROW 600402 success 170 57.7 {"left_": {"acquired": true, "held": true, "placed": true, "released": true}, "right_": {"acquired": true, "held": true, "placed": true, "released": true}}
2026-10-07 19:02:33 - lehome.assets.object.Garment - INFO - [GarmentObject] Reset complete - pos: [0.0, -0.135, 0.425], ori: [0.0, 0.0, 0.0]
ROW 600403 success 179 60.5 {"left_": {"acquired": true, "held": true, "placed": true, "released": true}, "right_": {"acquired": true, "held": true, "placed": true, "released": true}}
2026-10-07 19:03:34 - lehome.assets.object.Garment - INFO - [GarmentObject] Reset complete - pos: [0.0, -0.135, 0.425], ori: [0.0, 0.0, 0.0]
ROW 600404 success 163 54.7 {"left_": {"acquired": true, "held": true, "placed": true, "released": true}, "right_": {"acquired": true, "held": true, "placed": true, "released": true}}
2026-10-07 19:04:28 - lehome.assets.object.Garment - INFO - [GarmentObject] Reset complete - pos: [0.0, -0.135, 0.425], ori: [0.0, 0.0, 0.0]
ROW 600405 success 162 49.4 {"left_": {"acquired": true, "held": true, "placed": true, "released": true}, "right_": {"acquired": true, "held": true, "placed": true, "released": true}}
2026-10-07 19:05:18 - lehome.assets.object.Garment - INFO - [GarmentObject] Reset complete - pos: [0.0, -0.135, 0.425], ori: [0.0, 0.0, 0.0]
ROW 600406 success 172 58.2 {"left_": {"acquired": true, "held": true, "placed": true, "released": true}, "right_": {"acquired": true, "held": true, "placed": true, "released": true}}
2026-10-07 19:06:16 - lehome.assets.object.Garment - INFO - [GarmentObject] Reset complete - pos: [0.0, -0.135, 0.425], ori: [0.0, 0.0, 0.0]
ROW 600407 success 165 57.0 {"left_": {"acquired": true, "held": true, "placed": true, "released": true}, "right_": {"acquired": true, "held": true, "placed": true, "released": true}}
2026-10-07 19:07:13 - lehome.assets.object.Garment - INFO - [GarmentObject] Reset complete - pos: [0.0, -0.135, 0.425], ori: [0.0, 0.0, 0.0]
ROW 600408 bench_stop 202 75.3 {"left_": {"acquired": true, "held": true, "placed": true, "released": true}, "right_": {"acquired": true, "held": false, "placed": false, "released": false}}
2026-10-07 19:08:28 - lehome.assets.object.Garment - INFO - [GarmentObject] Reset complete - pos: [0.0, -0.135, 0.425], ori: [0.0, 0.0, 0.0]
ROW 600409 success 178 61.1 {"left_": {"acquired": true, "held": true, "placed": true, "released": true}, "right_": {"acquired": true, "held": true, "placed": true, "released": true}}
2026-10-07 19:09:29 - lehome.assets.object.Garment - INFO - [GarmentObject] Reset complete - pos: [0.0, -0.135, 0.425], ori: [0.0, 0.0, 0.0]
ROW 600410 success 167 57.8 {"left_": {"acquired": true, "held": true, "placed": true, "released": true}, "right_": {"acquired": true, "held": true, "placed": true, "released": true}}
2026-10-07 19:10:27 - lehome.assets.object.Garment - INFO - [GarmentObject] Reset complete - pos: [0.0, -0.135, 0.425], ori: [0.0, 0.0, 0.0]
ROW 600411 success 169 59.7 {"left_": {"acquired": true, "held": true, "placed": true, "released": true}, "right_": {"acquired": true, "held": true, "placed": true, "released": true}}
2026-10-07 19:11:27 - lehome.assets.object.Garment - INFO - [GarmentObject] Reset complete - pos: [0.0, -0.135, 0.425], ori: [0.0, 0.0, 0.0]
ROW 600412 success 167 58.0 {"left_": {"acquired": true, "held": true, "placed": true, "released": true}, "right_": {"acquired": true, "held": true, "placed": true, "released": true}}
2026-10-07 19:12:25 - lehome.assets.object.Garment - INFO - [GarmentObject] Reset complete - pos: [0.0, -0.135, 0.425], ori: [0.0, 0.0, 0.0]
ROW 600413 success 165 57.1 {"left_": {"acquired": true, "held": true, "placed": true, "released": true}, "right_": {"acquired": true, "held": true, "placed": true, "released": true}}
2026-10-07 19:13:22 - lehome.assets.object.Garment - INFO - [GarmentObject] Reset complete - pos: [0.0, -0.135, 0.425], ori: [0.0, 0.0, 0.0]
ROW 600414 success 161 56.5 {"left_": {"acquired": true, "held": true, "placed": true, "released": true}, "right_": {"acquired": true, "held": true, "placed": true, "released": true}}
2026-10-07 19:14:19 - lehome.assets.object.Garment - INFO - [GarmentObject] Reset complete - pos: [0.0, -0.135, 0.425], ori: [0.0, 0.0, 0.0]
ROW 600415 success 176 64.0 {"left_": {"acquired": true, "held": true, "placed": true, "released": true}, "right_": {"acquired": true, "held": true, "placed": true, "released": true}}
2026-10-07 19:15:23 - lehome.assets.object.Garment - INFO - [GarmentObject] Reset complete - pos: [0.0, -0.135, 0.425], ori: [0.0, 0.0, 0.0]
ROW 600416 success 172 61.5 {"left_": {"acquired": true, "held": true, "placed": true, "released": true}, "right_": {"acquired": true, "held": true, "placed": true, "released": true}}
2026-10-07 19:16:24 - lehome.assets.object.Garment - INFO - [GarmentObject] Reset complete - pos: [0.0, -0.135, 0.425], ori: [0.0, 0.0, 0.0]
ROW 600417 success 161 55.4 {"left_": {"acquired": true, "held": true, "placed": true, "released": true}, "right_": {"acquired": true, "held": true, "placed": true, "released": true}}
2026-10-07 19:17:20 - lehome.assets.object.Garment - INFO - [GarmentObject] Reset complete - pos: [0.0, -0.135, 0.425], ori: [0.0, 0.0, 0.0]
ROW 600418 success 168 51.7 {"left_": {"acquired": true, "held": true, "placed": true, "released": true}, "right_": {"acquired": true, "held": true, "placed": true, "released": true}}
2026-10-07 19:18:11 - lehome.assets.object.Garment - INFO - [GarmentObject] Reset complete - pos: [0.0, -0.135, 0.425], ori: [0.0, 0.0, 0.0]
ROW 600419 bench_stop 191 68.4 {"left_": {"acquired": true, "held": true, "placed": true, "released": true}, "right_": {"acquired": true, "held": true, "placed": false, "released": true}}
2026-10-07 19:19:20 - lehome.assets.object.Garment - INFO - [GarmentObject] Reset complete - pos: [0.0, -0.135, 0.425], ori: [0.0, 0.0, 0.0]
ROW 600420 success 165 62.1 {"left_": {"acquired": true, "held": true, "placed": true, "released": true}, "right_": {"acquired": true, "held": true, "placed": true, "released": true}}
2026-10-07 19:20:22 - lehome.assets.object.Garment - INFO - [GarmentObject] Reset complete - pos: [0.0, -0.135, 0.425], ori: [0.0, 0.0, 0.0]
ROW 600421 success 169 60.7 {"left_": {"acquired": true, "held": true, "placed": true, "released": true}, "right_": {"acquired": true, "held": true, "placed": true, "released": true}}
2026-10-07 19:21:22 - lehome.assets.object.Garment - INFO - [GarmentObject] Reset complete - pos: [0.0, -0.135, 0.425], ori: [0.0, 0.0, 0.0]
ROW 600422 success 159 52.3 {"left_": {"acquired": true, "held": true, "placed": true, "released": true}, "right_": {"acquired": true, "held": true, "placed": true, "released": true}}
2026-10-07 19:22:15 - lehome.assets.object.Garment - INFO - [GarmentObject] Reset complete - pos: [0.0, -0.135, 0.425], ori: [0.0, 0.0, 0.0]
ROW 600423 success 156 57.4 {"left_": {"acquired": true, "held": true, "placed": true, "released": true}, "right_": {"acquired": true, "held": true, "placed": true, "released": true}}
2026-10-07 19:23:12 - lehome.assets.object.Garment - INFO - [GarmentObject] Reset complete - pos: [0.0, -0.135, 0.425], ori: [0.0, 0.0, 0.0]
ROW 600424 bench_stop 194 65.1 {"left_": {"acquired": true, "held": true, "placed": true, "released": true}, "right_": {"acquired": true, "held": true, "placed": false, "released": true}}
2026-10-07 19:24:17 - lehome.assets.object.Garment - INFO - [GarmentObject] Reset complete - pos: [0.0, -0.135, 0.425], ori: [0.0, 0.0, 0.0]
ROW 600425 bench_stop 187 69.6 {"left_": {"acquired": true, "held": true, "placed": true, "released": true}, "right_": {"acquired": true, "held": true, "placed": false, "released": true}}
2026-10-07 19:25:27 - lehome.assets.object.Garment - INFO - [GarmentObject] Reset complete - pos: [0.0, -0.135, 0.425], ori: [0.0, 0.0, 0.0]
ROW 600426 success 159 57.1 {"left_": {"acquired": true, "held": true, "placed": true, "released": true}, "right_": {"acquired": true, "held": true, "placed": true, "released": true}}
2026-10-07 19:26:24 - lehome.assets.object.Garment - INFO - [GarmentObject] Reset complete - pos: [0.0, -0.135, 0.425], ori: [0.0, 0.0, 0.0]
ROW 600427 success 168 60.9 {"left_": {"acquired": true, "held": true, "placed": true, "released": true}, "right_": {"acquired": true, "held": true, "placed": true, "released": true}}
2026-10-07 19:27:25 - lehome.assets.object.Garment - INFO - [GarmentObject] Reset complete - pos: [0.0, -0.135, 0.425], ori: [0.0, 0.0, 0.0]
ROW 600428 success 182 59.1 {"left_": {"acquired": true, "held": true, "placed": true, "released": true}, "right_": {"acquired": true, "held": true, "placed": true, "released": true}}
2026-10-07 19:28:24 - lehome.assets.object.Garment - INFO - [GarmentObject] Reset complete - pos: [0.0, -0.135, 0.425], ori: [0.0, 0.0, 0.0]
ROW 600429 success 179 57.6 {"left_": {"acquired": true, "held": true, "placed": true, "released": true}, "right_": {"acquired": true, "held": true, "placed": true, "released": true}}
2026-10-07 19:29:22 - lehome.assets.object.Garment - INFO - [GarmentObject] Reset complete - pos: [0.0, -0.135, 0.425], ori: [0.0, 0.0, 0.0]
ROW 600430 bench_stop 198 73.5 {"left_": {"acquired": true, "held": true, "placed": false, "released": true}, "right_": {"acquired": true, "held": true, "placed": true, "released": true}}
2026-10-07 19:30:35 - lehome.assets.object.Garment - INFO - [GarmentObject] Reset complete - pos: [0.0, -0.135, 0.425], ori: [0.0, 0.0, 0.0]
ROW 600431 success 166 56.1 {"left_": {"acquired": true, "held": true, "placed": true, "released": true}, "right_": {"acquired": true, "held": true, "placed": true, "released": true}}
2026-10-07 19:31:31 - lehome.assets.object.Garment - INFO - [GarmentObject] Reset complete - pos: [0.0, -0.135, 0.425], ori: [0.0, 0.0, 0.0]
ROW 600432 success 184 61.7 {"left_": {"acquired": true, "held": true, "placed": true, "released": true}, "right_": {"acquired": true, "held": true, "placed": true, "released": true}}
2026-10-07 19:32:33 - lehome.assets.object.Garment - INFO - [GarmentObject] Reset complete - pos: [0.0, -0.135, 0.425], ori: [0.0, 0.0, 0.0]
ROW 600433 success 168 56.8 {"left_": {"acquired": true, "held": true, "placed": true, "released": true}, "right_": {"acquired": true, "held": true, "placed": true, "released": true}}
2026-10-07 19:33:30 - lehome.assets.object.Garment - INFO - [GarmentObject] Reset complete - pos: [0.0, -0.135, 0.425], ori: [0.0, 0.0, 0.0]
ROW 600434 bench_stop 201 68.2 {"left_": {"acquired": true, "held": true, "placed": true, "released": true}, "right_": {"acquired": true, "held": true, "placed": false, "released": true}}
2026-10-07 19:34:38 - lehome.assets.object.Garment - INFO - [GarmentObject] Reset complete - pos: [0.0, -0.135, 0.425], ori: [0.0, 0.0, 0.0]
ROW 600435 success 169 61.8 {"left_": {"acquired": true, "held": true, "placed": true, "released": true}, "right_": {"acquired": true, "held": true, "placed": true, "released": true}}
2026-10-07 19:35:40 - lehome.assets.object.Garment - INFO - [GarmentObject] Reset complete - pos: [0.0, -0.135, 0.425], ori: [0.0, 0.0, 0.0]
ROW 600436 success 178 57.2 {"left_": {"acquired": true, "held": true, "placed": true, "released": true}, "right_": {"acquired": true, "held": true, "placed": true, "released": true}}
2026-10-07 19:36:37 - lehome.assets.object.Garment - INFO - [GarmentObject] Reset complete - pos: [0.0, -0.135, 0.425], ori: [0.0, 0.0, 0.0]
ROW 600437 success 162 51.9 {"left_": {"acquired": true, "held": true, "placed": true, "released": true}, "right_": {"acquired": true, "held": true, "placed": true, "released": true}}
2026-10-07 19:37:29 - lehome.assets.object.Garment - INFO - [GarmentObject] Reset complete - pos: [0.0, -0.135, 0.425], ori: [0.0, 0.0, 0.0]
ROW 600438 success 167 61.3 {"left_": {"acquired": true, "held": true, "placed": true, "released": true}, "right_": {"acquired": true, "held": true, "placed": true, "released": true}}
2026-10-07 19:38:30 - lehome.assets.object.Garment - INFO - [GarmentObject] Reset complete - pos: [0.0, -0.135, 0.425], ori: [0.0, 0.0, 0.0]
ROW 600439 success 179 57.8 {"left_": {"acquired": true, "held": true, "placed": true, "released": true}, "right_": {"acquired": true, "held": true, "placed": true, "released": true}}
n = 40  reasons {'bench_stop': 8, 'success': 32}
  left_   acquired 40/40 [91.2, 100.0]  held 40/40 [91.2, 100.0]  placed 38/40 [83.5, 98.6]  released 40/40 [91.2, 100.0]  released_strict 9/40 [12.3, 37.5]  drift mean 0.0589 max 0.174  first failure {'placed': 2}
  right_  acquired 40/40 [91.2, 100.0]  held 39/40 [87.1, 99.6]  placed 34/40 [70.9, 92.9]  released 39/40 [87.1, 99.6]  released_strict 5/40 [5.5, 26.1]  drift mean 0.0481 max 0.1665  first failure {'placed': 5, 'held': 1}
== exit 0 2026-10-07T19:39:30
