== 2026-10-07T15:22:56 "C:\Users\ethan\Documents\Projects\watai\WorldFold\.venv-isaac\Scripts\python.exe" -u "C:\Users\ethan\Documents\Projects\watai\WorldFold\isaac\grasp_bench.py" --seeds 600020:600040 --out "C:\Users\ethan\Documents\Projects\watai\WorldFold\outputs\isaac\grasp\f2_a2_gripdrive_fresh" --profile friction
[INFO][AppLauncher]: Using device: cuda:0
[INFO][AppLauncher]: Loading experience file: C:\Users\ethan\Documents\Projects\watai\WorldFold\.venv-isaac\src\IsaacLab\apps\isaaclab.python.kit
Loading user config located at: 'C:/Users/ethan/Documents/Projects/watai/WorldFold/.venv-isaac/kit/data/Kit/Isaac-Sim/5.1/user.config.json'
[Info] [carb] Logging to file: C:/Users/ethan/Documents/Projects/watai/WorldFold/.venv-isaac/kit/logs/Kit/Isaac-Sim/5.1/kit_20261007_152257.log
2026-10-07T19:22:57Z [13ms] [Warning] [carb.crashreporter-breakpad.plugin] [previous crash] preventing upload of minidump due to user opt-out: 'C:/Users/ethan/Documents/Projects/watai/WorldFold/.venv-isaac/kit/data/Kit/Isaac-Sim/5.1\c028bb7c-c523-4d6e-8b2b-2af63f808ac2.dmp'
2026-10-07T19:22:57Z [15ms] [Warning] [carb.crashreporter-breakpad.plugin] [previous crash] preventing upload of minidump due to user opt-out: 'C:/Users/ethan/Documents/Projects/watai/WorldFold/.venv-isaac/kit/data/Kit/Isaac-Sim/5.1\581073d2-5aa0-4aac-8bfa-8d8e8aec0915.dmp'
[0.300s] [ext: omni.kit.async_engine-0.0.3] startup
[0.611s] [ext: omni.metrics.core-0.0.3] startup
[0.615s] [ext: omni.client.lib-1.1.0] startup
[0.649s] [ext: omni.blobkey-1.1.2] startup
[0.652s] [ext: omni.stats-1.0.1] startup
[0.660s] [ext: omni.datastore-0.0.0] startup
[0.664s] [ext: omni.client-1.3.0] startup
[0.679s] [ext: omni.ujitso.default-1.0.0] startup
[0.684s] [ext: omni.hsscclient-1.1.2] startup
[0.724s] [ext: omni.gpu_foundation.shadercache.d3d12-1.0.0] startup
[0.731s] [ext: omni.assets.plugins-0.0.0] startup
[0.737s] [ext: omni.gpu_foundation-0.0.0] startup
[0.777s] [ext: carb.windowing.plugins-1.0.0] startup
[1.061s] [ext: omni.kit.renderer.init-0.0.0] startup
[1.065s] [ext: omni.materialx.libs-1.0.7] startup
[1.088s] [ext: omni.kit.pipapi-0.0.0] startup
[1.092s] [ext: omni.usd.config-1.0.6] startup
[1.127s] [ext: omni.gpucompute.plugins-0.0.0] startup
[1.132s] [ext: omni.usd.libs-1.0.1] startup
[1.308s] [ext: omni.kit.telemetry-0.5.2] startup
[1.331s] [ext: omni.mdl-56.0.3] startup
[1.501s] [ext: omni.iray.libs-0.0.0] startup
[1.542s] [ext: omni.mdl.neuraylib-0.2.12] startup
[1.555s] [ext: omni.kit.usd.mdl-1.1.5] startup
[1.750s] [ext: omni.kit.pip_archive-0.0.0] startup
[1.752s] [ext: omni.kit.loop-isaac-1.3.7] startup
[1.757s] [ext: omni.kit.test-2.0.1] startup
2026-10-07T19:22:59Z [1,592ms] [Warning] [gpu.foundation.plugin] Skipping unsupported non-NVIDIA GPU: Intel(R) Arc(TM) 140T GPU (32GB)
2026-10-07T19:22:59Z [1,594ms] [Warning] [gpu.foundation.plugin] Skipping unsupported non-NVIDIA GPU: Intel(R) Arc(TM) 140T GPU (32GB)
[1.982s] [ext: omni.appwindow-1.1.10] startup
[1.990s] [ext: omni.kit.renderer.core-1.1.0] startup
[2.018s] [ext: omni.kit.renderer.capture-0.0.0] startup
[2.031s] [ext: omni.kit.renderer.imgui-2.0.5] startup
[2.057s] [ext: omni.ui-2.27.1] startup
[2.080s] [ext: omni.kit.mainwindow-1.0.3] startup
[2.084s] [ext: carb.audio-0.1.0] startup
[2.087s] [ext: omni.uiaudio-1.0.0] startup
[2.093s] [ext: omni.kit.uiapp-0.0.0] startup
[2.094s] [ext: omni.usd.schema.metrics.assembler-107.3.1] startup
[2.110s] [ext: omni.usd.schema.geospatial-0.0.0] startup
[2.129s] [ext: omni.usd.schema.anim-0.0.0] startup
[2.211s] [ext: omni.usd.schema.physx-107.3.26] startup
[2.276s] [ext: omni.usd.schema.omnigraph-1.0.0] startup
[2.296s] [ext: omni.usd.schema.semantics-0.0.0] startup
[2.314s] [ext: omni.usd.schema.audio-0.0.0] startup
[2.330s] [ext: isaacsim.robot.schema-3.6.0] startup
[2.358s] [ext: omni.usd_resolver-1.0.0] startup
[2.379s] [ext: omni.usd.core-1.5.3] startup
[2.382s] [ext: omni.usd.schema.omni_lens_distortion-0.0.0] startup

|---------------------------------------------------------------------------------------------|
| Driver Version: 616.56        | Graphics API: D3D12
|=============================================================================================|
| GPU | Name                             | Active | LDA | GPU Memory | Vendor-ID | LUID       |
|     |                                  |        |     |            | Device-ID | UUID       |
|     |                                  |        |     |            | Bus-ID    |            |
|---------------------------------------------------------------------------------------------|
| 0   | NVIDIA GeForce RTX 5080 Laptop.. | Yes: 0 |     | 16003   MB | 10de      | 35350100.. |
|     |                                  |        |     |            | 2c59      | 0          |
|     |                                  |        |     |            | 1         |            |
|---------------------------------------------------------------------------------------------|
| 1   | Intel(R) Arc(TM) 140T GPU (32GB) |        |     | 128     MB | 8086      | c94f0100.. |
|     |                                  |        |     |            | 7d51      | 0          |
|     |                                  |        |     |            | N/A       |            |
|=============================================================================================|
| OS: Windows 11 Pro, Version: 10.0 (25H2), Build: 26200, Kernel: 10.0.26100.9457
| Processor: Intel(R) Core(TM) Ultra 9 285H
| Cores: 16 | Logical Cores: 16
|---------------------------------------------------------------------------------------------|
| Total Memory (MB): 64957 | Free Memory: 29416
| Total Page/Swap (MB): 80319 | Free Page/Swap: 14649
|---------------------------------------------------------------------------------------------|
[2.462s] [ext: omni.usd.schema.omni_sensors-0.0.0] startup
[2.464s] [ext: omni.usd.schema.omniscripting-1.0.0] startup
[2.489s] [ext: omni.kit.window.popup_dialog-2.0.24] startup
2026-10-07T19:23:00Z [2,318ms] [Warning] [gpu.foundation.plugin] PCIe link width current (8) and maximum (16) for device 0 don't match.
[2.508s] [ext: omni.graph.exec-0.9.6] startup
[2.513s] [ext: omni.kit.widget.nucleus_connector-2.0.1] startup
[2.530s] [ext: omni.kit.usd_undo-0.1.8] startup
[2.533s] [ext: omni.kit.exec.core-0.13.4] startup
[2.548s] [ext: omni.kit.actions.core-1.0.0] startup
[2.566s] [ext: omni.resourcemonitor-107.0.1] startup
[2.598s] [ext: omni.activity.core-1.0.3] startup
[2.605s] [ext: omni.timeline-1.0.14] startup
[2.614s] [ext: omni.kit.commands-1.4.10] startup
[2.641s] [ext: usdrt.scenegraph-7.6.1] startup
[2.763s] [ext: omni.kit.audiodeviceenum-1.0.2] startup
[2.774s] [ext: omni.hydra.usdrt_delegate-7.5.1] startup
[2.808s] [ext: omni.hydra.scene_delegate-0.3.4] startup
[2.821s] [ext: omni.usd-1.13.10] startup
[2.935s] [ext: omni.kit.asset_converter-5.0.17] startup
[2.965s] [ext: omni.usd.schema.render_settings.rtx-0.0.0] startup
[2.972s] [ext: omni.index.libs-380600.8087.0] startup
[2.972s] [ext: omni.volume-0.5.2] startup
[2.993s] [ext: omni.ujitso.client-0.0.0] startup
[2.997s] [ext: omni.index-1.0.1] startup
[3.001s] [ext: omni.hydra.rtx.shadercache.d3d12-1.0.0] startup
[3.007s] [ext: omni.hydra.rtx-1.0.0] startup
[3.092s] [ext: omni.kit.viewport.legacy_gizmos-1.0.19] startup
[3.098s] [ext: omni.kit.raycast.query-1.1.0] startup
[3.108s] [ext: omni.kit.widget.path_field-2.0.11] startup
[3.115s] [ext: omni.kit.clipboard-1.0.5] startup
[3.120s] [ext: omni.kit.widget.options_menu-1.1.6] startup
[3.135s] [ext: omni.kit.helper.file_utils-0.1.9] startup
[3.141s] [ext: omni.kit.widget.browser_bar-2.0.10] startup
[3.147s] [ext: omni.kit.notification_manager-1.0.10] startup
[3.159s] [ext: omni.kit.menu.core-1.1.2] startup
[3.163s] [ext: omni.kit.widget.options_button-1.0.3] startup
[3.165s] [ext: omni.kit.widget.filebrowser-2.12.3] startup
[3.206s] [ext: omni.kit.viewport.registry-104.0.6] startup
[3.208s] [ext: omni.kit.menu.utils-2.0.5] startup
[3.256s] [ext: omni.kit.widget.context_menu-1.2.5] startup
[3.263s] [ext: omni.kit.usd.layers-2.2.11] startup
[3.314s] [ext: omni.ui.scene-1.11.5] startup
[3.325s] [ext: omni.kit.context_menu-1.8.6] startup
[3.338s] [ext: omni.kit.window.filepicker-2.13.4] startup
[3.449s] [ext: omni.kit.widget.searchable_combobox-1.0.6] startup
[3.455s] [ext: omni.kit.viewport.scene_camera_model-1.0.6] startup
[3.460s] [ext: omni.kit.hydra_texture-1.4.6] startup
[3.467s] [ext: omni.kit.window.file_importer-1.1.18] startup
[3.478s] [ext: omni.kit.widget.settings-1.2.6] startup
[3.495s] [ext: omni.kit.window.drop_support-1.0.5] startup
[3.498s] [ext: omni.kit.widget.viewport-107.1.3] startup
[3.532s] [ext: omni.kit.material.library-2.0.7] startup
[3.572s] [ext: omni.hydra.engine.stats-1.0.3] startup
[3.575s] [ext: omni.kit.window.preferences-1.8.0] startup
[3.611s] [ext: omni.kit.viewport.window-107.2.0] startup
[3.801s] [ext: omni.kit.manipulator.transform-107.0.0] startup
[3.834s] [ext: omni.kvdb-107.3.26] startup
[3.845s] [ext: omni.kit.widget.toolbar-2.0.1] startup
[3.876s] [ext: omni.kit.viewport.utility-1.1.2] startup
[3.879s] [ext: omni.usdphysics-107.3.26] startup
[3.887s] [ext: omni.physx.foundation-107.3.26] startup
[3.899s] [ext: omni.localcache-107.3.26] startup
[3.908s] [ext: omni.convexdecomposition-107.3.26] startup
[3.917s] [ext: omni.kit.manipulator.tool.snap-1.5.13] startup
[3.940s] [ext: omni.kit.manipulator.selector-1.1.3] startup
[3.945s] [ext: omni.physx.cooking-107.3.26] startup
[3.955s] [ext: omni.kit.viewport.manipulator.transform-107.0.4] startup
[3.965s] [ext: omni.physx-107.3.26] startup
[4.007s] [ext: omni.kit.manipulator.viewport-107.0.1] startup
[4.013s] [ext: omni.kit.primitive.mesh-1.0.17] startup
[4.038s] [ext: omni.kit.manipulator.prim.core-107.0.8] startup
[4.075s] [ext: omni.fabric.commands-1.1.6] startup
[4.096s] [ext: omni.kit.manipulator.prim.usd-107.0.3] startup
[4.102s] [ext: omni.kit.manipulator.prim.fabric-107.0.4] startup
[4.113s] [ext: omni.debugdraw-0.1.4] startup
[4.124s] [ext: omni.physx.commands-107.3.26] startup
[4.175s] [ext: omni.kit.manipulator.selection-106.0.1] startup
[4.183s] [ext: omni.kit.manipulator.prim-107.0.0] startup
[4.183s] [ext: omni.physics.tensors-107.3.26] startup
[4.222s] [ext: omni.kit.property.adapter.core-1.0.2] startup
[4.236s] [ext: omni.kit.widget.highlight_label-1.0.3] startup
[4.241s] [ext: omni.kit.widget.searchfield-1.1.8] startup
[4.251s] [ext: omni.kit.property.adapter.fabric-1.0.3] startup
[4.261s] [ext: omni.kit.widget.filter-1.1.4] startup
[4.265s] [ext: omni.kit.widget.prompt-1.0.7] startup
[4.272s] [ext: omni.kit.window.property-1.12.1] startup
[4.291s] [ext: omni.kit.property.adapter.usd-1.0.2] startup
[4.296s] [ext: omni.kit.hotkeys.core-1.3.10] startup
[4.302s] [ext: omni.kit.window.file_exporter-1.0.33] startup
[4.308s] [ext: omni.kit.stage_template.core-1.1.22] startup
[4.313s] [ext: omni.kit.viewport.menubar.core-107.2.1] startup
[4.376s] [ext: omni.kit.viewport.actions-107.0.2] startup
[4.390s] [ext: omni.kit.window.file-2.0.5] startup
[4.409s] [ext: omni.kit.window.content_browser_registry-0.0.6] startup
[4.414s] [ext: omni.kit.viewport.menubar.display-107.0.3] startup
[4.420s] [ext: omni.kit.window.content_browser-3.1.3] startup
[4.467s] [ext: omni.kit.widget.stage-3.1.4] startup
[4.564s] [ext: omni.inspect-1.0.2] startup
[4.573s] [ext: omni.kit.widget.layers-1.8.6] startup
[4.642s] [ext: omni.kit.property.usd-4.5.12] startup
[4.756s] [ext: omni.kit.numpy.common-0.1.3] startup
[4.760s] [ext: omni.physics-107.3.26] startup
[4.773s] [ext: omni.graph.core-2.184.5] startup
[4.780s] [ext: omni.usdphysics.ui-107.3.26] startup
[4.864s] [ext: omni.physics.stageupdate-107.3.26] startup
[4.877s] [ext: isaacsim.core.deprecation_manager-0.2.7] startup
[4.880s] [ext: omni.physx.ui-107.3.26] startup
[5.012s] [ext: isaacsim.core.version-2.0.6] startup
[5.015s] [ext: omni.usd.metrics.assembler-107.3.1] startup
[5.035s] [ext: omni.warp.core-1.8.2] startup
[5.534s] [ext: omni.ui_query-1.1.8] startup
[5.540s] [ext: omni.physics.physx-107.3.26] startup
2026-10-07T19:23:03Z [5,362ms] [Warning] [carb] Acquiring non optional plugin interface which is not listed as dependency: [omni::physx::IPhysxBenchmarks v1.0] (plugin: <default plugin>), by client: omni.physics.physx.plugin. Add it to CARB_PLUGIN_IMPL_DEPS() macro of a client.
[5.545s] [ext: isaacsim.storage.native-1.5.1] startup
[5.560s] [ext: omni.usd.metrics.assembler.physics-107.3.26] startup
[5.579s] [ext: omni.isaac.dynamic_control-2.0.7] startup
2026-10-07T19:23:03Z [5,418ms] [Warning] [omni.isaac.dynamic_control] omni.isaac.dynamic_control is deprecated as of Isaac Sim 4.5. No action is needed from end-users.
[5.601s] [ext: omni.graph.tools-1.79.2] startup
[5.780s] [ext: omni.physx.tensors-107.3.26] startup
[5.790s] [ext: isaacsim.core.utils-3.5.1] startup
[5.802s] [ext: omni.graph-1.141.2] startup
[6.011s] [ext: isaacsim.core.simulation_manager-1.4.4] startup
[11.324s] [ext: omni.graph.action_core-1.1.7] startup
[11.337s] [ext: omni.kit.stage_templates-2.0.0] startup
[11.351s] [ext: isaacsim.core.prims-0.6.1] startup
[11.464s] [ext: omni.graph.action_nodes-1.50.4] startup
[11.474s] [ext: isaacsim.core.api-4.8.0] startup
[11.565s] [ext: omni.graph.action-1.130.0] startup
[11.566s] [ext: omni.kit.widget.stage_icons-1.0.8] startup
[11.574s] [ext: omni.kit.selection-0.1.6] startup
[11.583s] [ext: omni.kit.window.stage-2.6.1] startup
[11.598s] [ext: omni.kit.menu.create-2.0.1] startup
[11.607s] [ext: omni.kit.widget.text_editor-1.1.1] startup
[11.616s] [ext: omni.kit.ui_test-1.3.7] startup
[11.628s] [ext: omni.kit.scripting-107.3.2] startup
[11.657s] [ext: omni.kit.window.extensions-1.4.27] startup
[11.721s] [ext: omni.graph.visualization.nodes-2.1.3] startup
[11.816s] [ext: isaacsim.replicator.behavior-1.1.16] startup
[11.821s] [ext: isaacsim.gui.components-1.2.1] startup
[11.856s] [ext: isaacsim.gui.menu-2.4.4] startup
[11.912s] [ext: isaacsim.core.cloner-1.4.10] startup
[11.926s] [ext: semantics.schema.editor-2.0.2] startup
2026-10-07T19:23:09Z [11,765ms] [Warning] [pxr.Semantics] pxr.Semantics is deprecated - please use Semantics instead
[11.950s] [ext: omni.kit.widget.zoombar-1.0.6] startup
[11.954s] [ext: omni.kit.usd.collect-2.4.5] startup
[11.969s] [ext: omni.kit.browser.core-2.3.13] startup
[11.993s] [ext: omni.kit.menu.stage-1.2.7] startup
[11.998s] [ext: omni.kit.tool.collect-2.2.18] startup
[12.013s] [ext: omni.kit.browser.folder.core-1.10.9] startup
[12.040s] [ext: isaacsim.core.experimental.utils-0.3.0] startup
[12.046s] [ext: isaacsim.asset.browser-1.3.23] startup
[12.623s] [ext: omni.kit.widget.graph-2.0.0] startup
[12.677s] [ext: omni.graph.image.core-0.6.1] startup
[12.683s] [ext: omni.kit.graph.delegate.default-1.2.3] startup
[12.688s] [ext: omni.graph.image.nodes-1.3.1] startup
[12.696s] [ext: omni.kit.graph.editor.core-1.5.3] startup
[12.712s] [ext: omni.graph.nodes-1.170.10] startup
[12.739s] [ext: omni.graph.ui_nodes-1.50.5] startup
[12.750s] [ext: omni.kit.graph.usd.commands-1.3.1] startup
[12.758s] [ext: omni.kit.widget.material_preview-1.0.16] startup
[12.773s] [ext: omni.videoencoding-0.1.2] startup
[12.784s] [ext: omni.kit.stagerecorder.core-107.0.3] startup
[12.802s] [ext: omni.warp-1.8.2] startup
[12.834s] [ext: omni.syntheticdata-0.6.13] startup
[12.982s] [ext: omni.kit.window.material_graph-1.9.1] startup
[13.111s] [ext: omni.graph.scriptnode-1.50.0] startup
[13.155s] [ext: omni.kit.stagerecorder.ui-107.0.1] startup
[13.218s] [ext: omni.replicator.core-1.12.27] startup
2026-10-07T19:23:11Z [13,450ms] [Warning] [omni.graph.core.plugin] Found duplicate of category 'Replicator' - was 'Annotators', adding 'Fabric Reader'
2026-10-07T19:23:11Z [13,451ms] [Warning] [omni.graph.core.plugin] Category 'Replicator' not accepted on node type 'omni.replicator.core.FabricReader' in extension 'omni.replicator.core'
2026-10-07T19:23:11Z [13,453ms] [Warning] [omni.replicator.core.scripts.extension] No material configuration file, adding configuration to material settings directly.
[13.646s] [ext: omni.kit.stagerecorder.bundle-105.0.2] startup
[13.648s] [ext: isaacsim.core.nodes-3.4.3] startup
[13.684s] [ext: isaacsim.test.docstring-1.1.0] startup
[13.728s] [ext: isaacsim.sensors.camera-1.3.6] startup
[13.778s] [ext: isaacsim.core.experimental.prims-0.8.1] startup
[13.927s] [ext: omni.kit.usdz_export-1.0.9] startup
[13.946s] [ext: isaacsim.robot.surface_gripper-3.3.1] startup
[13.971s] [ext: isaacsim.sensors.physics-0.4.3] startup
[14.030s] [ext: omni.kit.tool.asset_importer-4.3.2] startup
[14.253s] [ext: isaacsim.robot.manipulators-3.3.6] startup
[14.347s] [ext: isaacsim.robot.policy.examples-4.1.11] startup
[14.382s] [ext: omni.sensors.nv.common-3.0.0] startup
[14.467s] [ext: isaacsim.asset.importer.mjcf-2.5.13] startup
[15.441s] [ext: isaacsim.util.debug_draw-3.1.0] startup
[15.461s] [ext: omni.sensors.nv.materials-2.0.0] startup
[15.493s] [ext: omni.sensors.net-1.0.0] startup
[15.528s] [ext: isaacsim.sensors.physx-2.3.2] startup
[15.575s] [ext: isaacsim.examples.browser-0.2.1] startup
[15.619s] [ext: isaacsim.asset.importer.urdf-2.4.31] startup
[15.793s] [ext: isaacsim.simulation_app-2.12.2] startup
[15.801s] [ext: omni.sensors.nv.ids-2.0.0] startup
[15.828s] [ext: omni.sensors.nv.lidar-3.0.0] startup
[15.872s] [ext: omni.kit.property.audio-1.0.16] startup
[15.884s] [ext: omni.kit.property.camera-1.0.10] startup
[15.897s] [ext: omni.kit.property.geometry-2.0.4] startup
[15.926s] [ext: omni.hydra.scene_api-0.1.2] startup
[15.957s] [ext: omni.sensors.nv.wpm-3.0.0] startup
[15.970s] [ext: omni.kit.property.light-1.0.12] startup
[16.001s] [ext: omni.kit.property.material-1.11.9] startup
[16.139s] [ext: omni.kit.property.render-1.2.1] startup
[16.145s] [ext: omni.kit.property.transform-1.5.13] startup
[16.197s] [ext: omni.sensors.nv.radar-3.0.0] startup
[16.234s] [ext: omni.anim.curve.core-1.3.1] startup
[16.314s] [ext: omni.kit.manipulator.camera-106.0.4] startup
[16.341s] [ext: isaacsim.gui.property-1.1.3] startup
[16.356s] [ext: omni.kit.property.bundle-1.4.1] startup
[16.365s] [ext: isaacsim.sensors.rtx-15.8.4] startup
[16.390s] [ext: omni.kit.viewport.menubar.camera-107.0.6] startup
[16.457s] [ext: omni.kit.viewport.menubar.lighting-107.3.1] startup
[16.469s] [ext: omni.kit.viewport.menubar.render-107.0.10] startup
[16.482s] [ext: omni.kit.viewport.menubar.settings-107.0.3] startup
[16.504s] [ext: omni.kit.window.script_editor-2.0.1] startup
[16.519s] [ext: omni.kit.window.console-1.1.4] startup
[16.535s] [ext: isaacsim.robot.wheeled_robots-4.0.24] startup
[16.565s] [ext: omni.physx.demos-107.3.26] startup
[16.770s] [ext: omni.kit.property.physx-107.3.26] startup
[16.897s] [ext: omni.rtx.window.settings-0.6.19] startup
[16.938s] [ext: omni.ocio-0.1.1] startup
[16.947s] [ext: omni.asset_validator.core-1.1.6] startup
[17.133s] [ext: omni.physx.vehicle-107.3.26] startup
[17.244s] [ext: omni.replicator.replicator_yaml-2.0.11] startup
[17.323s] [ext: omni.rtx.settings.core-0.6.5] startup
[17.364s] [ext: omni.kit.window.toolbar-2.0.0] startup
[17.374s] [ext: omni.kit.window.status_bar-0.1.9] startup
[17.385s] [ext: omni.physx.asset_validator-107.3.26] startup
[17.424s] [ext: omni.physx.camera-107.3.26] startup
[17.445s] [ext: omni.physx.cct-107.3.26] startup
[17.468s] [ext: omni.physx.graph-107.3.26] startup
[17.499s] [ext: omni.physx.supportui-107.3.26] startup
[17.571s] [ext: omni.physx.telemetry-107.3.26] startup
[17.578s] [ext: omni.usd.metrics.assembler.ui-107.3.1] startup
[17.604s] [ext: isaacsim.app.about-2.0.11] startup
[17.608s] [ext: isaacsim.core.throttling-2.2.2] startup
[17.615s] [ext: omni.kit.ui.actions-1.0.5] startup
[17.621s] [ext: semantics.schema.property-2.0.1] startup
[17.632s] [ext: omni.physx.bundle-107.3.26] startup
[17.633s] [ext: isaaclab-0.53.1] startup
[19.057s] [ext: isaaclab_assets-0.2.4] startup
[19.825s] [ext: isaaclab_tasks-0.11.12] startup
[20.498s] [ext: omni.kit.menu.common-2.0.1] startup
[20.505s] [ext: isaaclab_rl-0.4.7] startup
[20.506s] [ext: isaaclab_mimic-1.0.16] startup
[20.507s] [ext: isaaclab.python-2.3.0] startup
[20.514s] Simulation App Starting
2026-10-07T19:23:18Z [20,794ms] [Warning] [omni.fabric.plugin] Warning: attribute overrideClipRange not found for bucket id 9

[21.024s] app ready
[24.361s] Simulation App Startup Complete
2026-10-07T19:23:23Z [25,461ms] [Warning] [isaaclab.envs.direct_rl_env] Seed not set for the environment. The environment creation may not be deterministic.

[36m===================================================================================================================[0m
[36m[1m[INFO][IsaacLab]: Logging to file: C:\Users\ethan\AppData\Local\Temp\isaaclab\logs\isaaclab_2026-10-07_15-23-23.log[0m
[36m===================================================================================================================[0m

[25.896s] [ext: omni.physx.fabric-107.3.26] startup
[33m15:23:23 [simulation_context.py] WARNING: The `enable_external_forces_every_iteration` parameter in the PhysxCfg is set to False. If you are experiencing noisy velocities, consider enabling this flag. You may need to slightly increase the number of velocity iterations (setting it to 1 or 2 rather than 0), together with this flag, to improve the accuracy of velocity updates.[0m
[INFO]: Base environment:
	Environment device    : cuda:0
	Environment seed      : None
	Physics step-size     : 0.01
	Rendering step-size   : 0.05
	Environment step-size : 0.05
2026-10-07T19:23:26Z [29,286ms] [Warning] [isaacsim.core.prims.impl.cloth_prim] Please note that support for particle cloth and related APIs is now deprecated. These features will be removed in future releases.
2026-10-07 15:23:27 - lehome.assets.object.Garment - WARNING - [GarmentObject] No visual materials specified
[INFO]: Time taken for scene creation : 3.279764 seconds
[INFO]: Scene manager:  <class InteractiveScene>
	Number of environments: 1
	Environment spacing   : 4.0
	Source prim name      : /World/envs/env_0
	Global prim paths     : []
	Replicate physics     : True
[INFO]: Starting the simulation. This may take a few seconds. Please wait...
2026-10-07T19:23:27Z [29,344ms] [Warning] [omni.physicsschema.plugin] Non-uniform scale may result in a non matching collision representation on prim: /World/Robot/Left_Robot/gripper/Capsule
2026-10-07T19:23:27Z [29,344ms] [Warning] [omni.physicsschema.plugin] Non-uniform scale may result in a non matching collision representation on prim: /World/Robot/Left_Robot/jaw/Capsule
2026-10-07T19:23:27Z [29,345ms] [Warning] [omni.physicsschema.plugin] Non-uniform scale may result in a non matching collision representation on prim: /World/Robot/Right_Robot/gripper/Capsule
2026-10-07T19:23:27Z [29,345ms] [Warning] [omni.physicsschema.plugin] Non-uniform scale may result in a non matching collision representation on prim: /World/Robot/Right_Robot/jaw/Capsule
2026-10-07T19:23:28Z [30,417ms] [Warning] [omni.physx.plugin] Detected an articulation at /World/Robot/Left_Robot with more than 4 velocity iterations being added to a TGS scene.The related behavior changed recently, please consult the changelog. This warning will only print once.
2026-10-07T19:23:28Z [31,018ms] [Warning] [omni.fabric.plugin] getAttributeCount called on non-existent path /World/Robot/Right_Robot/wrist/visuals/wrist_roll_pitch_so101_v2
2026-10-07T19:23:28Z [31,018ms] [Warning] [omni.fabric.plugin] getTypes called on non-existent path /World/Robot/Right_Robot/wrist/visuals/wrist_roll_pitch_so101_v2
[INFO]: Time taken for simulation start : 1.701971 seconds
[INFO]: Completed setting up the environment...
CONFIG {"profile": "friction", "device": "cuda:0", "dr": true, "knobs": {"particle_friction": null, "pad_friction": null, "pad_thickness": null, "gripper_drive": {"stiffness": 17.8, "damping": 0.6, "effort_limit_sim": 10.0}, "gripper_closed": 0.05, "jaw_open_rate": null, "adhesion": null, "adhesion_offset_scale": null, "gravity_scale": null, "physics_hz": null}, "expert": {"PINCH_HEIGHT": 0.005, "PINCH_INSET": 0.005, "PLACE_HEIGHT": 0.011, "ARC_HEIGHT": 0.12, "CLOSE_DWELL": 8, "OPEN_DWELL": 6}, "overshoot": {"0left_": [-0.001, 0.052, 0.0], "0right_": [0.013, 0.05, 0.0]}, "code": "C:\\Users\\ethan\\Documents\\Projects\\watai\\WorldFold\\isaac\\grasp_bench.py"}
2026-10-07 15:23:28 - lehome.assets.object.Garment - WARNING - [GarmentObject] WARNING: soft_reset_pos_range has zero range (min == max for all dimensions). Reset position will always be the same: [0.0, -0.135, 0.425]
2026-10-07 15:23:28 - lehome.assets.object.Garment - WARNING - [GarmentObject] WARNING: soft_reset_rot_range has zero range (min == max for all dimensions). Reset rotation will always be the same: [0.0, 0.0, 0.0]
2026-10-07 15:23:28 - lehome.assets.object.Garment - INFO - [GarmentObject] Reset complete - pos: [0.0, -0.135, 0.425], ori: [0.0, 0.0, 0.0]
2026-10-07T19:23:28Z [31,284ms] [Warning] [omni.physx.plugin] Changing particle cloth mesh or PhysxSchemaPhysxAutoParticleClothAPI parameter during simulation is not supported. Prim: /World/Object/cloth/mesh
2026-10-07T19:23:28Z [31,285ms] [Warning] [omni.physx.plugin] Changing particle cloth mesh or PhysxSchemaPhysxAutoParticleClothAPI parameter during simulation is not supported. Prim: /World/Object/cloth/mesh
ROW 600020 bench_stop 184 62.2 {"left_": {"acquired": true, "held": true, "placed": false, "released": true}, "right_": {"acquired": true, "held": true, "placed": true, "released": true}}
2026-10-07 15:24:31 - lehome.assets.object.Garment - INFO - [GarmentObject] Reset complete - pos: [0.0, -0.135, 0.425], ori: [0.0, 0.0, 0.0]
ROW 600021 success 173 67.3 {"left_": {"acquired": true, "held": true, "placed": true, "released": true}, "right_": {"acquired": true, "held": true, "placed": true, "released": true}}
2026-10-07 15:25:38 - lehome.assets.object.Garment - INFO - [GarmentObject] Reset complete - pos: [0.0, -0.135, 0.425], ori: [0.0, 0.0, 0.0]
ROW 600022 bench_stop 204 59.8 {"left_": {"acquired": true, "held": true, "placed": false, "released": true}, "right_": {"acquired": true, "held": true, "placed": true, "released": true}}
2026-10-07 15:26:38 - lehome.assets.object.Garment - INFO - [GarmentObject] Reset complete - pos: [0.0, -0.135, 0.425], ori: [0.0, 0.0, 0.0]
ROW 600023 success 171 60.0 {"left_": {"acquired": true, "held": true, "placed": true, "released": true}, "right_": {"acquired": true, "held": true, "placed": true, "released": true}}
2026-10-07 15:27:38 - lehome.assets.object.Garment - INFO - [GarmentObject] Reset complete - pos: [0.0, -0.135, 0.425], ori: [0.0, 0.0, 0.0]
ROW 600024 success 174 59.0 {"left_": {"acquired": true, "held": true, "placed": true, "released": true}, "right_": {"acquired": true, "held": true, "placed": true, "released": true}}
2026-10-07 15:28:37 - lehome.assets.object.Garment - INFO - [GarmentObject] Reset complete - pos: [0.0, -0.135, 0.425], ori: [0.0, 0.0, 0.0]
ROW 600025 success 190 63.7 {"left_": {"acquired": true, "held": true, "placed": true, "released": true}, "right_": {"acquired": true, "held": false, "placed": true, "released": false}}
2026-10-07 15:29:40 - lehome.assets.object.Garment - INFO - [GarmentObject] Reset complete - pos: [0.0, -0.135, 0.425], ori: [0.0, 0.0, 0.0]
ROW 600026 success 173 56.0 {"left_": {"acquired": true, "held": true, "placed": true, "released": true}, "right_": {"acquired": true, "held": true, "placed": true, "released": true}}
2026-10-07 15:30:36 - lehome.assets.object.Garment - INFO - [GarmentObject] Reset complete - pos: [0.0, -0.135, 0.425], ori: [0.0, 0.0, 0.0]
ROW 600027 bench_stop 197 65.5 {"left_": {"acquired": true, "held": true, "placed": false, "released": true}, "right_": {"acquired": false, "held": false, "placed": false, "released": false}}
2026-10-07 15:31:42 - lehome.assets.object.Garment - INFO - [GarmentObject] Reset complete - pos: [0.0, -0.135, 0.425], ori: [0.0, 0.0, 0.0]
ROW 600028 success 178 63.3 {"left_": {"acquired": true, "held": true, "placed": true, "released": true}, "right_": {"acquired": true, "held": true, "placed": true, "released": true}}
2026-10-07 15:32:45 - lehome.assets.object.Garment - INFO - [GarmentObject] Reset complete - pos: [0.0, -0.135, 0.425], ori: [0.0, 0.0, 0.0]
ROW 600029 success 186 55.0 {"left_": {"acquired": true, "held": true, "placed": true, "released": true}, "right_": {"acquired": true, "held": true, "placed": true, "released": true}}
2026-10-07 15:33:40 - lehome.assets.object.Garment - INFO - [GarmentObject] Reset complete - pos: [0.0, -0.135, 0.425], ori: [0.0, 0.0, 0.0]
ROW 600030 bench_stop 198 66.2 {"left_": {"acquired": true, "held": true, "placed": true, "released": true}, "right_": {"acquired": false, "held": false, "placed": false, "released": false}}
2026-10-07 15:34:46 - lehome.assets.object.Garment - INFO - [GarmentObject] Reset complete - pos: [0.0, -0.135, 0.425], ori: [0.0, 0.0, 0.0]
ROW 600031 bench_stop 195 71.5 {"left_": {"acquired": true, "held": true, "placed": true, "released": true}, "right_": {"acquired": true, "held": true, "placed": true, "released": true}}
2026-10-07 15:35:58 - lehome.assets.object.Garment - INFO - [GarmentObject] Reset complete - pos: [0.0, -0.135, 0.425], ori: [0.0, 0.0, 0.0]
ROW 600032 success 158 56.2 {"left_": {"acquired": true, "held": true, "placed": true, "released": true}, "right_": {"acquired": true, "held": true, "placed": true, "released": true}}
2026-10-07 15:36:54 - lehome.assets.object.Garment - INFO - [GarmentObject] Reset complete - pos: [0.0, -0.135, 0.425], ori: [0.0, 0.0, 0.0]
ROW 600033 bench_stop 203 42.4 {"left_": {"acquired": true, "held": true, "placed": true, "released": true}, "right_": {"acquired": false, "held": false, "placed": false, "released": false}}
2026-10-07 15:37:36 - lehome.assets.object.Garment - INFO - [GarmentObject] Reset complete - pos: [0.0, -0.135, 0.425], ori: [0.0, 0.0, 0.0]
ROW 600034 bench_stop 198 49.8 {"left_": {"acquired": true, "held": true, "placed": false, "released": true}, "right_": {"acquired": false, "held": false, "placed": false, "released": false}}
2026-10-07 15:38:26 - lehome.assets.object.Garment - INFO - [GarmentObject] Reset complete - pos: [0.0, -0.135, 0.425], ori: [0.0, 0.0, 0.0]
ROW 600035 success 165 56.9 {"left_": {"acquired": true, "held": true, "placed": true, "released": true}, "right_": {"acquired": true, "held": true, "placed": true, "released": true}}
2026-10-07 15:39:23 - lehome.assets.object.Garment - INFO - [GarmentObject] Reset complete - pos: [0.0, -0.135, 0.425], ori: [0.0, 0.0, 0.0]
ROW 600036 bench_stop 194 65.0 {"left_": {"acquired": true, "held": true, "placed": true, "released": true}, "right_": {"acquired": true, "held": false, "placed": false, "released": false}}
2026-10-07 15:40:28 - lehome.assets.object.Garment - INFO - [GarmentObject] Reset complete - pos: [0.0, -0.135, 0.425], ori: [0.0, 0.0, 0.0]
ROW 600037 success 186 72.9 {"left_": {"acquired": true, "held": true, "placed": true, "released": true}, "right_": {"acquired": true, "held": true, "placed": true, "released": true}}
2026-10-07 15:41:41 - lehome.assets.object.Garment - INFO - [GarmentObject] Reset complete - pos: [0.0, -0.135, 0.425], ori: [0.0, 0.0, 0.0]
ROW 600038 bench_stop 189 68.0 {"left_": {"acquired": true, "held": true, "placed": false, "released": true}, "right_": {"acquired": true, "held": true, "placed": true, "released": true}}
2026-10-07 15:42:49 - lehome.assets.object.Garment - INFO - [GarmentObject] Reset complete - pos: [0.0, -0.135, 0.425], ori: [0.0, 0.0, 0.0]
ROW 600039 success 176 50.7 {"left_": {"acquired": true, "held": true, "placed": true, "released": true}, "right_": {"acquired": true, "held": true, "placed": true, "released": true}}
n = 20  reasons {'bench_stop': 9, 'success': 11}
  left_   acquired 20/20 [83.9, 100.0]  held 20/20 [83.9, 100.0]  placed 15/20 [53.1, 88.8]  released 20/20 [83.9, 100.0]  released_strict 8/20 [21.9, 61.3]  drift mean 0.0497 max 0.0692  first failure {'placed': 5}
  right_  acquired 16/20 [58.4, 91.9]  held 14/20 [48.1, 85.5]  placed 15/20 [53.1, 88.8]  released 14/20 [48.1, 85.5]  released_strict 2/20 [2.8, 30.1]  drift mean 0.0485 max 0.0828  first failure {'held': 2, 'acquired': 4}
== exit 0 2026-10-07T15:43:42
