== 2026-10-07T15:37:27 "C:\Users\ethan\Documents\Projects\watai\WorldFold\.venv-isaac\Scripts\python.exe" -u "C:\Users\ethan\Documents\Projects\watai\WorldFold\isaac\grasp_bench.py" --seeds 600000:600020 --out "C:\Users\ethan\Documents\Projects\watai\WorldFold\outputs\isaac\grasp\f2_f_adh03" --profile friction --knobs adhesion=0.3
[INFO][AppLauncher]: Using device: cuda:0
[INFO][AppLauncher]: Loading experience file: C:\Users\ethan\Documents\Projects\watai\WorldFold\.venv-isaac\src\IsaacLab\apps\isaaclab.python.kit
Loading user config located at: 'C:/Users/ethan/Documents/Projects/watai/WorldFold/.venv-isaac/kit/data/Kit/Isaac-Sim/5.1/user.config.json'
[Info] [carb] Logging to file: C:/Users/ethan/Documents/Projects/watai/WorldFold/.venv-isaac/kit/logs/Kit/Isaac-Sim/5.1/kit_20261007_153728.log
2026-10-07T19:37:28Z [11ms] [Warning] [carb.crashreporter-breakpad.plugin] [previous crash] preventing upload of minidump due to user opt-out: 'C:/Users/ethan/Documents/Projects/watai/WorldFold/.venv-isaac/kit/data/Kit/Isaac-Sim/5.1\c028bb7c-c523-4d6e-8b2b-2af63f808ac2.dmp'
2026-10-07T19:37:28Z [12ms] [Warning] [carb.crashreporter-breakpad.plugin] [previous crash] preventing upload of minidump due to user opt-out: 'C:/Users/ethan/Documents/Projects/watai/WorldFold/.venv-isaac/kit/data/Kit/Isaac-Sim/5.1\581073d2-5aa0-4aac-8bfa-8d8e8aec0915.dmp'
[0.325s] [ext: omni.kit.async_engine-0.0.3] startup
[0.745s] [ext: omni.metrics.core-0.0.3] startup
[0.749s] [ext: omni.client.lib-1.1.0] startup
[0.779s] [ext: omni.blobkey-1.1.2] startup
[0.781s] [ext: omni.stats-1.0.1] startup
[0.785s] [ext: omni.datastore-0.0.0] startup
[0.789s] [ext: omni.client-1.3.0] startup
[0.801s] [ext: omni.ujitso.default-1.0.0] startup
[0.812s] [ext: omni.hsscclient-1.1.2] startup
[0.826s] [ext: omni.gpu_foundation.shadercache.d3d12-1.0.0] startup
[0.833s] [ext: omni.assets.plugins-0.0.0] startup
[0.843s] [ext: omni.gpu_foundation-0.0.0] startup
[0.886s] [ext: carb.windowing.plugins-1.0.0] startup
[1.091s] [ext: omni.kit.renderer.init-0.0.0] startup
[1.094s] [ext: omni.materialx.libs-1.0.7] startup
[1.116s] [ext: omni.kit.pipapi-0.0.0] startup
[1.119s] [ext: omni.usd.config-1.0.6] startup
[1.189s] [ext: omni.gpucompute.plugins-0.0.0] startup
[1.194s] [ext: omni.usd.libs-1.0.1] startup
[1.389s] [ext: omni.kit.telemetry-0.5.2] startup
[1.414s] [ext: omni.mdl-56.0.3] startup
[1.578s] [ext: omni.iray.libs-0.0.0] startup
[1.625s] [ext: omni.mdl.neuraylib-0.2.12] startup
[1.638s] [ext: omni.kit.usd.mdl-1.1.5] startup
2026-10-07T19:37:30Z [1,599ms] [Warning] [gpu.foundation.plugin] Skipping unsupported non-NVIDIA GPU: Intel(R) Arc(TM) 140T GPU (32GB)
2026-10-07T19:37:30Z [1,601ms] [Warning] [gpu.foundation.plugin] Skipping unsupported non-NVIDIA GPU: Intel(R) Arc(TM) 140T GPU (32GB)
[1.836s] [ext: omni.kit.pip_archive-0.0.0] startup
[1.838s] [ext: omni.kit.loop-isaac-1.3.7] startup
[1.844s] [ext: omni.kit.test-2.0.1] startup
[2.101s] [ext: omni.appwindow-1.1.10] startup
[2.131s] [ext: omni.kit.renderer.core-1.1.0] startup
[2.189s] [ext: omni.kit.renderer.capture-0.0.0] startup
[2.317s] [ext: omni.kit.renderer.imgui-2.0.5] startup
[2.358s] [ext: omni.ui-2.27.1] startup
[2.418s] [ext: omni.kit.mainwindow-1.0.3] startup
[2.424s] [ext: carb.audio-0.1.0] startup
[2.428s] [ext: omni.uiaudio-1.0.0] startup
[2.436s] [ext: omni.kit.uiapp-0.0.0] startup
[2.436s] [ext: omni.usd.schema.metrics.assembler-107.3.1] startup
[2.456s] [ext: omni.usd.schema.geospatial-0.0.0] startup
[2.474s] [ext: omni.usd.schema.anim-0.0.0] startup
[2.556s] [ext: omni.usd.schema.physx-107.3.26] startup
[2.630s] [ext: omni.usd.schema.omnigraph-1.0.0] startup

|---------------------------------------------------------------------------------------------|
| Driver Version: 616.56        | Graphics API: D3D12
|=============================================================================================|
| GPU | Name                             | Active | LDA | GPU Memory | Vendor-ID | LUID       |
|     |                                  |        |     |            | Device-ID | UUID       |
|     |                                  |        |     |            | Bus-ID    |            |
|---------------------------------------------------------------------------------------------|
| 0   | NVIDIA GeForce RTX 5080 Laptop.. | Yes: 0 |     | 16003   MB | 10de      | 35350100.. |
|     |                                  |        |     |            | 2c59      | 0          |
|     |                                  |        |     |            | 1         |            |
|---------------------------------------------------------------------------------------------|
| 1   | Intel(R) Arc(TM) 140T GPU (32GB) |        |     | 128     MB | 8086      | c94f0100.. |
|     |                                  |        |     |            | 7d51      | 0          |
|     |                                  |        |     |            | N/A       |            |
|=============================================================================================|
| OS: Windows 11 Pro, Version: 10.0 (25H2), Build: 26200, Kernel: 10.0.26100.9457
| Processor: Intel(R) Core(TM) Ultra 9 285H
| Cores: 16 | Logical Cores: 16
|---------------------------------------------------------------------------------------------|
| Total Memory (MB): 64957 | Free Memory: 29246
| Total Page/Swap (MB): 81419 | Free Page/Swap: 15036
|---------------------------------------------------------------------------------------------|
[2.649s] [ext: omni.usd.schema.semantics-0.0.0] startup
[2.670s] [ext: omni.usd.schema.audio-0.0.0] startup
[2.689s] [ext: isaacsim.robot.schema-3.6.0] startup
[2.719s] [ext: omni.usd_resolver-1.0.0] startup
2026-10-07T19:37:31Z [2,531ms] [Warning] [gpu.foundation.plugin] PCIe link width current (8) and maximum (16) for device 0 don't match.
[2.733s] [ext: omni.usd.core-1.5.3] startup
[2.736s] [ext: omni.usd.schema.omni_lens_distortion-0.0.0] startup
[2.797s] [ext: omni.usd.schema.omni_sensors-0.0.0] startup
[2.799s] [ext: omni.usd.schema.omniscripting-1.0.0] startup
[2.818s] [ext: omni.kit.window.popup_dialog-2.0.24] startup
[2.832s] [ext: omni.graph.exec-0.9.6] startup
[2.836s] [ext: omni.kit.widget.nucleus_connector-2.0.1] startup
[2.844s] [ext: omni.kit.usd_undo-0.1.8] startup
[2.847s] [ext: omni.kit.exec.core-0.13.4] startup
[2.864s] [ext: omni.kit.actions.core-1.0.0] startup
[2.881s] [ext: omni.resourcemonitor-107.0.1] startup
[2.898s] [ext: omni.activity.core-1.0.3] startup
[2.903s] [ext: omni.timeline-1.0.14] startup
[2.909s] [ext: omni.kit.commands-1.4.10] startup
[2.928s] [ext: usdrt.scenegraph-7.6.1] startup
[3.045s] [ext: omni.kit.audiodeviceenum-1.0.2] startup
[3.057s] [ext: omni.hydra.usdrt_delegate-7.5.1] startup
[3.134s] [ext: omni.hydra.scene_delegate-0.3.4] startup
[3.144s] [ext: omni.usd-1.13.10] startup
[3.288s] [ext: omni.kit.asset_converter-5.0.17] startup
[3.312s] [ext: omni.usd.schema.render_settings.rtx-0.0.0] startup
[3.316s] [ext: omni.index.libs-380600.8087.0] startup
[3.317s] [ext: omni.volume-0.5.2] startup
[3.331s] [ext: omni.ujitso.client-0.0.0] startup
[3.335s] [ext: omni.index-1.0.1] startup
[3.339s] [ext: omni.hydra.rtx.shadercache.d3d12-1.0.0] startup
[3.343s] [ext: omni.hydra.rtx-1.0.0] startup
[3.440s] [ext: omni.kit.viewport.legacy_gizmos-1.0.19] startup
[3.445s] [ext: omni.kit.raycast.query-1.1.0] startup
[3.457s] [ext: omni.kit.widget.path_field-2.0.11] startup
[3.463s] [ext: omni.kit.clipboard-1.0.5] startup
[3.468s] [ext: omni.kit.widget.options_menu-1.1.6] startup
[3.487s] [ext: omni.kit.helper.file_utils-0.1.9] startup
[3.493s] [ext: omni.kit.widget.browser_bar-2.0.10] startup
[3.498s] [ext: omni.kit.notification_manager-1.0.10] startup
[3.507s] [ext: omni.kit.menu.core-1.1.2] startup
[3.511s] [ext: omni.kit.widget.options_button-1.0.3] startup
[3.514s] [ext: omni.kit.widget.filebrowser-2.12.3] startup
[3.552s] [ext: omni.kit.viewport.registry-104.0.6] startup
[3.555s] [ext: omni.kit.menu.utils-2.0.5] startup
[3.606s] [ext: omni.kit.widget.context_menu-1.2.5] startup
[3.621s] [ext: omni.kit.usd.layers-2.2.11] startup
[3.666s] [ext: omni.ui.scene-1.11.5] startup
[3.677s] [ext: omni.kit.context_menu-1.8.6] startup
[3.691s] [ext: omni.kit.window.filepicker-2.13.4] startup
[3.835s] [ext: omni.kit.widget.searchable_combobox-1.0.6] startup
[3.842s] [ext: omni.kit.viewport.scene_camera_model-1.0.6] startup
[3.850s] [ext: omni.kit.hydra_texture-1.4.6] startup
[3.860s] [ext: omni.kit.window.file_importer-1.1.18] startup
[3.874s] [ext: omni.kit.widget.settings-1.2.6] startup
[3.887s] [ext: omni.kit.window.drop_support-1.0.5] startup
[3.889s] [ext: omni.kit.widget.viewport-107.1.3] startup
[3.926s] [ext: omni.kit.material.library-2.0.7] startup
[3.961s] [ext: omni.hydra.engine.stats-1.0.3] startup
[3.967s] [ext: omni.kit.window.preferences-1.8.0] startup
[4.003s] [ext: omni.kit.viewport.window-107.2.0] startup
[4.266s] [ext: omni.kit.manipulator.transform-107.0.0] startup
[4.299s] [ext: omni.kvdb-107.3.26] startup
[4.309s] [ext: omni.kit.widget.toolbar-2.0.1] startup
[4.339s] [ext: omni.kit.viewport.utility-1.1.2] startup
[4.344s] [ext: omni.usdphysics-107.3.26] startup
[4.353s] [ext: omni.physx.foundation-107.3.26] startup
[4.375s] [ext: omni.localcache-107.3.26] startup
[4.383s] [ext: omni.convexdecomposition-107.3.26] startup
[4.398s] [ext: omni.kit.manipulator.tool.snap-1.5.13] startup
[4.419s] [ext: omni.kit.manipulator.selector-1.1.3] startup
[4.423s] [ext: omni.physx.cooking-107.3.26] startup
[4.437s] [ext: omni.kit.viewport.manipulator.transform-107.0.4] startup
[4.449s] [ext: omni.physx-107.3.26] startup
[4.483s] [ext: omni.kit.manipulator.viewport-107.0.1] startup
[4.489s] [ext: omni.kit.primitive.mesh-1.0.17] startup
[4.519s] [ext: omni.kit.manipulator.prim.core-107.0.8] startup
[4.565s] [ext: omni.fabric.commands-1.1.6] startup
[4.595s] [ext: omni.kit.manipulator.prim.usd-107.0.3] startup
[4.604s] [ext: omni.kit.manipulator.prim.fabric-107.0.4] startup
[4.611s] [ext: omni.debugdraw-0.1.4] startup
[4.622s] [ext: omni.physx.commands-107.3.26] startup
[4.674s] [ext: omni.kit.manipulator.selection-106.0.1] startup
[4.682s] [ext: omni.kit.manipulator.prim-107.0.0] startup
[4.683s] [ext: omni.physics.tensors-107.3.26] startup
[4.710s] [ext: omni.kit.property.adapter.core-1.0.2] startup
[4.719s] [ext: omni.kit.widget.highlight_label-1.0.3] startup
[4.722s] [ext: omni.kit.widget.searchfield-1.1.8] startup
[4.731s] [ext: omni.kit.property.adapter.fabric-1.0.3] startup
[4.739s] [ext: omni.kit.widget.filter-1.1.4] startup
[4.743s] [ext: omni.kit.widget.prompt-1.0.7] startup
[4.748s] [ext: omni.kit.window.property-1.12.1] startup
[4.774s] [ext: omni.kit.property.adapter.usd-1.0.2] startup
[4.781s] [ext: omni.kit.hotkeys.core-1.3.10] startup
[4.786s] [ext: omni.kit.window.file_exporter-1.0.33] startup
[4.792s] [ext: omni.kit.stage_template.core-1.1.22] startup
[4.795s] [ext: omni.kit.viewport.menubar.core-107.2.1] startup
[4.891s] [ext: omni.kit.viewport.actions-107.0.2] startup
[4.932s] [ext: omni.kit.window.file-2.0.5] startup
[4.958s] [ext: omni.kit.window.content_browser_registry-0.0.6] startup
[4.962s] [ext: omni.kit.viewport.menubar.display-107.0.3] startup
[4.977s] [ext: omni.kit.window.content_browser-3.1.3] startup
[5.013s] [ext: omni.kit.widget.stage-3.1.4] startup
[5.087s] [ext: omni.inspect-1.0.2] startup
[5.093s] [ext: omni.kit.widget.layers-1.8.6] startup
[5.166s] [ext: omni.kit.property.usd-4.5.12] startup
[5.254s] [ext: omni.kit.numpy.common-0.1.3] startup
[5.257s] [ext: omni.physics-107.3.26] startup
[5.267s] [ext: omni.graph.core-2.184.5] startup
[5.274s] [ext: omni.usdphysics.ui-107.3.26] startup
[5.349s] [ext: omni.physics.stageupdate-107.3.26] startup
[5.364s] [ext: isaacsim.core.deprecation_manager-0.2.7] startup
[5.367s] [ext: omni.physx.ui-107.3.26] startup
[5.494s] [ext: isaacsim.core.version-2.0.6] startup
[5.498s] [ext: omni.usd.metrics.assembler-107.3.1] startup
[5.516s] [ext: omni.warp.core-1.8.2] startup
[5.929s] [ext: omni.ui_query-1.1.8] startup
[5.933s] [ext: omni.physics.physx-107.3.26] startup
2026-10-07T19:37:34Z [5,747ms] [Warning] [carb] Acquiring non optional plugin interface which is not listed as dependency: [omni::physx::IPhysxBenchmarks v1.0] (plugin: <default plugin>), by client: omni.physics.physx.plugin. Add it to CARB_PLUGIN_IMPL_DEPS() macro of a client.
[5.938s] [ext: isaacsim.storage.native-1.5.1] startup
[5.946s] [ext: omni.usd.metrics.assembler.physics-107.3.26] startup
[5.955s] [ext: omni.isaac.dynamic_control-2.0.7] startup
2026-10-07T19:37:34Z [5,781ms] [Warning] [omni.isaac.dynamic_control] omni.isaac.dynamic_control is deprecated as of Isaac Sim 4.5. No action is needed from end-users.
[5.971s] [ext: omni.graph.tools-1.79.2] startup
[6.156s] [ext: omni.physx.tensors-107.3.26] startup
[6.164s] [ext: isaacsim.core.utils-3.5.1] startup
[6.175s] [ext: omni.graph-1.141.2] startup
[6.365s] [ext: isaacsim.core.simulation_manager-1.4.4] startup
[11.436s] [ext: omni.graph.action_core-1.1.7] startup
[11.446s] [ext: omni.kit.stage_templates-2.0.0] startup
[11.456s] [ext: isaacsim.core.prims-0.6.1] startup
[11.568s] [ext: omni.graph.action_nodes-1.50.4] startup
[11.578s] [ext: isaacsim.core.api-4.8.0] startup
[11.685s] [ext: omni.graph.action-1.130.0] startup
[11.687s] [ext: omni.kit.widget.stage_icons-1.0.8] startup
[11.693s] [ext: omni.kit.selection-0.1.6] startup
[11.699s] [ext: omni.kit.window.stage-2.6.1] startup
[11.712s] [ext: omni.kit.menu.create-2.0.1] startup
[11.719s] [ext: omni.kit.widget.text_editor-1.1.1] startup
[11.732s] [ext: omni.kit.ui_test-1.3.7] startup
[11.747s] [ext: omni.kit.scripting-107.3.2] startup
[11.777s] [ext: omni.kit.window.extensions-1.4.27] startup
[11.831s] [ext: omni.graph.visualization.nodes-2.1.3] startup
[11.907s] [ext: isaacsim.replicator.behavior-1.1.16] startup
[11.935s] [ext: isaacsim.gui.components-1.2.1] startup
[12.000s] [ext: isaacsim.gui.menu-2.4.4] startup
[12.086s] [ext: isaacsim.core.cloner-1.4.10] startup
[12.102s] [ext: semantics.schema.editor-2.0.2] startup
2026-10-07T19:37:40Z [11,937ms] [Warning] [pxr.Semantics] pxr.Semantics is deprecated - please use Semantics instead
[12.131s] [ext: omni.kit.widget.zoombar-1.0.6] startup
[12.136s] [ext: omni.kit.usd.collect-2.4.5] startup
[12.150s] [ext: omni.kit.browser.core-2.3.13] startup
[12.177s] [ext: omni.kit.menu.stage-1.2.7] startup
[12.183s] [ext: omni.kit.tool.collect-2.2.18] startup
[12.199s] [ext: omni.kit.browser.folder.core-1.10.9] startup
[12.236s] [ext: isaacsim.core.experimental.utils-0.3.0] startup
[12.244s] [ext: isaacsim.asset.browser-1.3.23] startup
[12.825s] [ext: omni.kit.widget.graph-2.0.0] startup
[12.878s] [ext: omni.graph.image.core-0.6.1] startup
[12.886s] [ext: omni.kit.graph.delegate.default-1.2.3] startup
[12.890s] [ext: omni.graph.image.nodes-1.3.1] startup
[12.898s] [ext: omni.kit.graph.editor.core-1.5.3] startup
[12.924s] [ext: omni.graph.nodes-1.170.10] startup
[12.949s] [ext: omni.graph.ui_nodes-1.50.5] startup
[12.967s] [ext: omni.kit.graph.usd.commands-1.3.1] startup
[12.976s] [ext: omni.kit.widget.material_preview-1.0.16] startup
[12.988s] [ext: omni.videoencoding-0.1.2] startup
[13.003s] [ext: omni.kit.stagerecorder.core-107.0.3] startup
[13.023s] [ext: omni.warp-1.8.2] startup
[13.053s] [ext: omni.syntheticdata-0.6.13] startup
[13.226s] [ext: omni.kit.window.material_graph-1.9.1] startup
[13.399s] [ext: omni.graph.scriptnode-1.50.0] startup
[13.424s] [ext: omni.kit.stagerecorder.ui-107.0.1] startup
[13.521s] [ext: omni.replicator.core-1.12.27] startup
2026-10-07T19:37:42Z [13,907ms] [Warning] [omni.graph.core.plugin] Found duplicate of category 'Replicator' - was 'Annotators', adding 'Fabric Reader'
2026-10-07T19:37:42Z [13,907ms] [Warning] [omni.graph.core.plugin] Category 'Replicator' not accepted on node type 'omni.replicator.core.FabricReader' in extension 'omni.replicator.core'
2026-10-07T19:37:42Z [13,910ms] [Warning] [omni.replicator.core.scripts.extension] No material configuration file, adding configuration to material settings directly.
[14.108s] [ext: omni.kit.stagerecorder.bundle-105.0.2] startup
[14.112s] [ext: isaacsim.core.nodes-3.4.3] startup
[14.140s] [ext: isaacsim.test.docstring-1.1.0] startup
[14.176s] [ext: isaacsim.sensors.camera-1.3.6] startup
[14.243s] [ext: isaacsim.core.experimental.prims-0.8.1] startup
[14.402s] [ext: omni.kit.usdz_export-1.0.9] startup
[14.422s] [ext: isaacsim.robot.surface_gripper-3.3.1] startup
[14.475s] [ext: isaacsim.sensors.physics-0.4.3] startup
[14.531s] [ext: omni.kit.tool.asset_importer-4.3.2] startup
[14.631s] [ext: isaacsim.robot.manipulators-3.3.6] startup
[14.669s] [ext: isaacsim.robot.policy.examples-4.1.11] startup
[14.695s] [ext: omni.sensors.nv.common-3.0.0] startup
[14.768s] [ext: isaacsim.asset.importer.mjcf-2.5.13] startup
[15.747s] [ext: isaacsim.util.debug_draw-3.1.0] startup
[15.771s] [ext: omni.sensors.nv.materials-2.0.0] startup
[15.826s] [ext: omni.sensors.net-1.0.0] startup
[15.883s] [ext: isaacsim.sensors.physx-2.3.2] startup
[15.934s] [ext: isaacsim.examples.browser-0.2.1] startup
[15.964s] [ext: isaacsim.asset.importer.urdf-2.4.31] startup
[16.237s] [ext: isaacsim.simulation_app-2.12.2] startup
[16.241s] [ext: omni.sensors.nv.ids-2.0.0] startup
[16.270s] [ext: omni.sensors.nv.lidar-3.0.0] startup
[16.312s] [ext: omni.kit.property.audio-1.0.16] startup
[16.338s] [ext: omni.kit.property.camera-1.0.10] startup
[16.345s] [ext: omni.kit.property.geometry-2.0.4] startup
[16.375s] [ext: omni.hydra.scene_api-0.1.2] startup
[16.401s] [ext: omni.sensors.nv.wpm-3.0.0] startup
[16.415s] [ext: omni.kit.property.light-1.0.12] startup
[16.450s] [ext: omni.kit.property.material-1.11.9] startup
[16.647s] [ext: omni.kit.property.render-1.2.1] startup
[16.672s] [ext: omni.kit.property.transform-1.5.13] startup
[16.742s] [ext: omni.sensors.nv.radar-3.0.0] startup
[16.774s] [ext: omni.anim.curve.core-1.3.1] startup
[16.882s] [ext: omni.kit.manipulator.camera-106.0.4] startup
[16.943s] [ext: isaacsim.gui.property-1.1.3] startup
[16.965s] [ext: omni.kit.property.bundle-1.4.1] startup
[16.987s] [ext: isaacsim.sensors.rtx-15.8.4] startup
[17.053s] [ext: omni.kit.viewport.menubar.camera-107.0.6] startup
[17.113s] [ext: omni.kit.viewport.menubar.lighting-107.3.1] startup
[17.148s] [ext: omni.kit.viewport.menubar.render-107.0.10] startup
[17.176s] [ext: omni.kit.viewport.menubar.settings-107.0.3] startup
[17.201s] [ext: omni.kit.window.script_editor-2.0.1] startup
[17.219s] [ext: omni.kit.window.console-1.1.4] startup
[17.239s] [ext: isaacsim.robot.wheeled_robots-4.0.24] startup
[17.270s] [ext: omni.physx.demos-107.3.26] startup
[17.473s] [ext: omni.kit.property.physx-107.3.26] startup
[17.647s] [ext: omni.rtx.window.settings-0.6.19] startup
[17.694s] [ext: omni.ocio-0.1.1] startup
[17.714s] [ext: omni.asset_validator.core-1.1.6] startup
[17.937s] [ext: omni.physx.vehicle-107.3.26] startup
[18.069s] [ext: omni.replicator.replicator_yaml-2.0.11] startup
[18.160s] [ext: omni.rtx.settings.core-0.6.5] startup
[18.203s] [ext: omni.kit.window.toolbar-2.0.0] startup
[18.232s] [ext: omni.kit.window.status_bar-0.1.9] startup
[18.243s] [ext: omni.physx.asset_validator-107.3.26] startup
[18.299s] [ext: omni.physx.camera-107.3.26] startup
[18.333s] [ext: omni.physx.cct-107.3.26] startup
[18.370s] [ext: omni.physx.graph-107.3.26] startup
[18.409s] [ext: omni.physx.supportui-107.3.26] startup
[18.484s] [ext: omni.physx.telemetry-107.3.26] startup
[18.499s] [ext: omni.usd.metrics.assembler.ui-107.3.1] startup
[18.550s] [ext: isaacsim.app.about-2.0.11] startup
[18.557s] [ext: isaacsim.core.throttling-2.2.2] startup
[18.567s] [ext: omni.kit.ui.actions-1.0.5] startup
[18.573s] [ext: semantics.schema.property-2.0.1] startup
[18.586s] [ext: omni.physx.bundle-107.3.26] startup
[18.589s] [ext: isaaclab-0.53.1] startup
[20.040s] [ext: isaaclab_assets-0.2.4] startup
[20.849s] [ext: isaaclab_tasks-0.11.12] startup
[21.735s] [ext: omni.kit.menu.common-2.0.1] startup
[21.740s] [ext: isaaclab_rl-0.4.7] startup
[21.742s] [ext: isaaclab_mimic-1.0.16] startup
[21.744s] [ext: isaaclab.python-2.3.0] startup
[21.752s] Simulation App Starting
2026-10-07T19:37:50Z [21,779ms] [Warning] [omni.kvdb.plugin] Disabling key-value database because another kit process is locking it
2026-10-07T19:37:50Z [22,004ms] [Warning] [omni.fabric.plugin] Warning: attribute overrideClipRange not found for bucket id 9

[22.243s] app ready
[25.579s] Simulation App Startup Complete
2026-10-07T19:37:56Z [27,553ms] [Warning] [isaaclab.envs.direct_rl_env] Seed not set for the environment. The environment creation may not be deterministic.

[36m===================================================================================================================[0m
[36m[1m[INFO][IsaacLab]: Logging to file: C:\Users\ethan\AppData\Local\Temp\isaaclab\logs\isaaclab_2026-10-07_15-37-56.log[0m
[36m===================================================================================================================[0m

[28.156s] [ext: omni.physx.fabric-107.3.26] startup
[33m15:38:01 [simulation_context.py] WARNING: The `enable_external_forces_every_iteration` parameter in the PhysxCfg is set to False. If you are experiencing noisy velocities, consider enabling this flag. You may need to slightly increase the number of velocity iterations (setting it to 1 or 2 rather than 0), together with this flag, to improve the accuracy of velocity updates.[0m
[INFO]: Base environment:
	Environment device    : cuda:0
	Environment seed      : None
	Physics step-size     : 0.01
	Rendering step-size   : 0.05
	Environment step-size : 0.05
2026-10-07T19:38:02Z [33,758ms] [Warning] [isaacsim.core.prims.impl.cloth_prim] Please note that support for particle cloth and related APIs is now deprecated. These features will be removed in future releases.
2026-10-07 15:38:02 - lehome.assets.object.Garment - WARNING - [GarmentObject] No visual materials specified
[INFO]: Time taken for scene creation : 1.029021 seconds
[INFO]: Scene manager:  <class InteractiveScene>
	Number of environments: 1
	Environment spacing   : 4.0
	Source prim name      : /World/envs/env_0
	Global prim paths     : []
	Replicate physics     : True
[INFO]: Starting the simulation. This may take a few seconds. Please wait...
2026-10-07T19:38:02Z [33,800ms] [Warning] [omni.physicsschema.plugin] Non-uniform scale may result in a non matching collision representation on prim: /World/Robot/Left_Robot/gripper/Capsule
2026-10-07T19:38:02Z [33,801ms] [Warning] [omni.physicsschema.plugin] Non-uniform scale may result in a non matching collision representation on prim: /World/Robot/Left_Robot/jaw/Capsule
2026-10-07T19:38:02Z [33,801ms] [Warning] [omni.physicsschema.plugin] Non-uniform scale may result in a non matching collision representation on prim: /World/Robot/Right_Robot/gripper/Capsule
2026-10-07T19:38:02Z [33,802ms] [Warning] [omni.physicsschema.plugin] Non-uniform scale may result in a non matching collision representation on prim: /World/Robot/Right_Robot/jaw/Capsule
2026-10-07T19:38:03Z [34,514ms] [Warning] [omni.physx.plugin] Detected an articulation at /World/Robot/Left_Robot with more than 4 velocity iterations being added to a TGS scene.The related behavior changed recently, please consult the changelog. This warning will only print once.
2026-10-07T19:38:03Z [35,034ms] [Warning] [omni.fabric.plugin] getAttributeCount called on non-existent path /World/Robot/Right_Robot/wrist/visuals/wrist_roll_pitch_so101_v2
2026-10-07T19:38:03Z [35,035ms] [Warning] [omni.fabric.plugin] getTypes called on non-existent path /World/Robot/Right_Robot/wrist/visuals/wrist_roll_pitch_so101_v2
[INFO]: Time taken for simulation start : 3.035791 seconds
[INFO]: Completed setting up the environment...
CONFIG {"profile": "friction", "device": "cuda:0", "dr": true, "knobs": {"particle_friction": null, "pad_friction": null, "pad_thickness": null, "gripper_drive": {"stiffness": 17.8, "damping": 0.6, "effort_limit_sim": 10.0}, "gripper_closed": 0.05, "jaw_open_rate": null, "adhesion": 0.3, "adhesion_offset_scale": null, "gravity_scale": null, "physics_hz": null}, "expert": {"PINCH_HEIGHT": 0.005, "PINCH_INSET": 0.005, "PLACE_HEIGHT": 0.011, "ARC_HEIGHT": 0.12, "CLOSE_DWELL": 8, "OPEN_DWELL": 6}, "overshoot": {"0left_": [-0.02, 0.044, 0.0], "0right_": [0.026, 0.035, 0.0]}, "code": "C:\\Users\\ethan\\Documents\\Projects\\watai\\WorldFold\\isaac\\grasp_bench.py"}
2026-10-07 15:38:05 - lehome.assets.object.Garment - WARNING - [GarmentObject] WARNING: soft_reset_pos_range has zero range (min == max for all dimensions). Reset position will always be the same: [0.0, -0.135, 0.425]
2026-10-07 15:38:05 - lehome.assets.object.Garment - WARNING - [GarmentObject] WARNING: soft_reset_rot_range has zero range (min == max for all dimensions). Reset rotation will always be the same: [0.0, 0.0, 0.0]
2026-10-07 15:38:05 - lehome.assets.object.Garment - INFO - [GarmentObject] Reset complete - pos: [0.0, -0.135, 0.425], ori: [0.0, 0.0, 0.0]
ROW 600000 bench_stop 211 68.8 {"left_": {"acquired": true, "held": true, "placed": false, "released": true}, "right_": {"acquired": true, "held": true, "placed": true, "released": true}}
2026-10-07 15:39:14 - lehome.assets.object.Garment - INFO - [GarmentObject] Reset complete - pos: [0.0, -0.135, 0.425], ori: [0.0, 0.0, 0.0]
ROW 600001 bench_stop 218 74.7 {"left_": {"acquired": true, "held": true, "placed": true, "released": true}, "right_": {"acquired": true, "held": false, "placed": false, "released": false}}
2026-10-07 15:40:29 - lehome.assets.object.Garment - INFO - [GarmentObject] Reset complete - pos: [0.0, -0.135, 0.425], ori: [0.0, 0.0, 0.0]
ROW 600002 success 195 75.0 {"left_": {"acquired": true, "held": true, "placed": true, "released": true}, "right_": {"acquired": true, "held": true, "placed": true, "released": true}}
2026-10-07 15:41:44 - lehome.assets.object.Garment - INFO - [GarmentObject] Reset complete - pos: [0.0, -0.135, 0.425], ori: [0.0, 0.0, 0.0]
ROW 600003 bench_stop 217 79.8 {"left_": {"acquired": true, "held": true, "placed": false, "released": true}, "right_": {"acquired": true, "held": false, "placed": true, "released": false}}
2026-10-07 15:43:03 - lehome.assets.object.Garment - INFO - [GarmentObject] Reset complete - pos: [0.0, -0.135, 0.425], ori: [0.0, 0.0, 0.0]
ROW 600004 success 183 53.8 {"left_": {"acquired": true, "held": true, "placed": true, "released": true}, "right_": {"acquired": true, "held": true, "placed": true, "released": true}}
2026-10-07 15:43:57 - lehome.assets.object.Garment - INFO - [GarmentObject] Reset complete - pos: [0.0, -0.135, 0.425], ori: [0.0, 0.0, 0.0]
ROW 600005 bench_stop 210 41.0 {"left_": {"acquired": true, "held": true, "placed": false, "released": true}, "right_": {"acquired": true, "held": false, "placed": true, "released": false}}
2026-10-07 15:44:38 - lehome.assets.object.Garment - INFO - [GarmentObject] Reset complete - pos: [0.0, -0.135, 0.425], ori: [0.0, 0.0, 0.0]
ROW 600006 bench_stop 212 55.8 {"left_": {"acquired": true, "held": true, "placed": false, "released": true}, "right_": {"acquired": true, "held": true, "placed": true, "released": true}}
2026-10-07 15:45:34 - lehome.assets.object.Garment - INFO - [GarmentObject] Reset complete - pos: [0.0, -0.135, 0.425], ori: [0.0, 0.0, 0.0]
ROW 600007 bench_stop 221 75.9 {"left_": {"acquired": true, "held": true, "placed": false, "released": true}, "right_": {"acquired": true, "held": true, "placed": true, "released": true}}
2026-10-07 15:46:50 - lehome.assets.object.Garment - INFO - [GarmentObject] Reset complete - pos: [0.0, -0.135, 0.425], ori: [0.0, 0.0, 0.0]
ROW 600008 bench_stop 210 69.6 {"left_": {"acquired": true, "held": true, "placed": true, "released": true}, "right_": {"acquired": true, "held": true, "placed": false, "released": true}}
2026-10-07 15:47:59 - lehome.assets.object.Garment - INFO - [GarmentObject] Reset complete - pos: [0.0, -0.135, 0.425], ori: [0.0, 0.0, 0.0]
ROW 600009 bench_stop 211 71.0 {"left_": {"acquired": true, "held": true, "placed": true, "released": true}, "right_": {"acquired": true, "held": false, "placed": false, "released": false}}
2026-10-07 15:49:11 - lehome.assets.object.Garment - INFO - [GarmentObject] Reset complete - pos: [0.0, -0.135, 0.425], ori: [0.0, 0.0, 0.0]
ROW 600010 bench_stop 214 76.3 {"left_": {"acquired": true, "held": true, "placed": false, "released": true}, "right_": {"acquired": true, "held": false, "placed": false, "released": false}}
2026-10-07 15:50:27 - lehome.assets.object.Garment - INFO - [GarmentObject] Reset complete - pos: [0.0, -0.135, 0.425], ori: [0.0, 0.0, 0.0]
ROW 600011 bench_stop 212 75.2 {"left_": {"acquired": true, "held": true, "placed": false, "released": true}, "right_": {"acquired": true, "held": true, "placed": true, "released": true}}
2026-10-07 15:51:42 - lehome.assets.object.Garment - INFO - [GarmentObject] Reset complete - pos: [0.0, -0.135, 0.425], ori: [0.0, 0.0, 0.0]
ROW 600012 bench_stop 205 73.0 {"left_": {"acquired": true, "held": true, "placed": false, "released": true}, "right_": {"acquired": true, "held": true, "placed": false, "released": true}}
2026-10-07 15:52:55 - lehome.assets.object.Garment - INFO - [GarmentObject] Reset complete - pos: [0.0, -0.135, 0.425], ori: [0.0, 0.0, 0.0]
ROW 600013 bench_stop 215 72.0 {"left_": {"acquired": true, "held": true, "placed": false, "released": true}, "right_": {"acquired": true, "held": false, "placed": false, "released": false}}
2026-10-07 15:54:07 - lehome.assets.object.Garment - INFO - [GarmentObject] Reset complete - pos: [0.0, -0.135, 0.425], ori: [0.0, 0.0, 0.0]
ROW 600014 bench_stop 224 78.7 {"left_": {"acquired": true, "held": true, "placed": true, "released": true}, "right_": {"acquired": true, "held": true, "placed": false, "released": true}}
2026-10-07 15:55:26 - lehome.assets.object.Garment - INFO - [GarmentObject] Reset complete - pos: [0.0, -0.135, 0.425], ori: [0.0, 0.0, 0.0]
ROW 600015 bench_stop 212 66.6 {"left_": {"acquired": true, "held": true, "placed": false, "released": true}, "right_": {"acquired": true, "held": true, "placed": true, "released": true}}
2026-10-07 15:56:32 - lehome.assets.object.Garment - INFO - [GarmentObject] Reset complete - pos: [0.0, -0.135, 0.425], ori: [0.0, 0.0, 0.0]
ROW 600016 bench_stop 218 72.8 {"left_": {"acquired": true, "held": true, "placed": true, "released": true}, "right_": {"acquired": true, "held": false, "placed": false, "released": false}}
2026-10-07 15:57:45 - lehome.assets.object.Garment - INFO - [GarmentObject] Reset complete - pos: [0.0, -0.135, 0.425], ori: [0.0, 0.0, 0.0]
ROW 600017 bench_stop 208 65.9 {"left_": {"acquired": true, "held": true, "placed": false, "released": true}, "right_": {"acquired": true, "held": true, "placed": true, "released": true}}
2026-10-07 15:58:51 - lehome.assets.object.Garment - INFO - [GarmentObject] Reset complete - pos: [0.0, -0.135, 0.425], ori: [0.0, 0.0, 0.0]
ROW 600018 bench_stop 214 70.5 {"left_": {"acquired": true, "held": true, "placed": true, "released": true}, "right_": {"acquired": true, "held": false, "placed": false, "released": false}}
2026-10-07 16:00:02 - lehome.assets.object.Garment - INFO - [GarmentObject] Reset complete - pos: [0.0, -0.135, 0.425], ori: [0.0, 0.0, 0.0]
ROW 600019 bench_stop 221 74.5 {"left_": {"acquired": true, "held": true, "placed": true, "released": true}, "right_": {"acquired": true, "held": false, "placed": false, "released": false}}
n = 20  reasons {'bench_stop': 18, 'success': 2}
  left_   acquired 20/20 [83.9, 100.0]  held 20/20 [83.9, 100.0]  placed 9/20 [25.8, 65.8]  released 20/20 [83.9, 100.0]  released_strict 6/20 [14.5, 51.9]  drift mean 0.0474 max 0.1544  first failure {'placed': 11}
  right_  acquired 20/20 [83.9, 100.0]  held 11/20 [34.2, 74.2]  placed 10/20 [29.9, 70.1]  released 11/20 [34.2, 74.2]  released_strict 5/20 [11.2, 46.9]  drift mean 0.0419 max 0.0944  first failure {'held': 9, 'placed': 3}
== exit 0 2026-10-07T16:01:18
